Archive member included to satisfy reference by file (symbol)

/home/nthieu111999/workspace/tools/gcc-arm-none-eabi-10.3-2021.10/arm-none-eabi/lib/thumb/v7-m/nofp/libc.a(lib_a-atof.o)
                              build_ak-base-kit-stm32l151-application/WString.o (atof)
/home/nthieu111999/workspace/tools/gcc-arm-none-eabi-10.3-2021.10/arm-none-eabi/lib/thumb/v7-m/nofp/libc.a(lib_a-atol.o)
                              build_ak-base-kit-stm32l151-application/WString.o (atol)
/home/nthieu111999/workspace/tools/gcc-arm-none-eabi-10.3-2021.10/arm-none-eabi/lib/thumb/v7-m/nofp/libc.a(lib_a-isspace.o)
                              build_ak-base-kit-stm32l151-application/WString.o (isspace)
/home/nthieu111999/workspace/tools/gcc-arm-none-eabi-10.3-2021.10/arm-none-eabi/lib/thumb/v7-m/nofp/libc.a(lib_a-malloc.o)
                              build_ak-base-kit-stm32l151-application/message.o (malloc)
/home/nthieu111999/workspace/tools/gcc-arm-none-eabi-10.3-2021.10/arm-none-eabi/lib/thumb/v7-m/nofp/libc.a(lib_a-mallocr.o)
                              /home/nthieu111999/workspace/tools/gcc-arm-none-eabi-10.3-2021.10/arm-none-eabi/lib/thumb/v7-m/nofp/libc.a(lib_a-malloc.o) (_malloc_r)
/home/nthieu111999/workspace/tools/gcc-arm-none-eabi-10.3-2021.10/arm-none-eabi/lib/thumb/v7-m/nofp/libc.a(lib_a-memcmp.o)
                              build_ak-base-kit-stm32l151-application/mbmfuncfiles.o (memcmp)
/home/nthieu111999/workspace/tools/gcc-arm-none-eabi-10.3-2021.10/arm-none-eabi/lib/thumb/v7-m/nofp/libc.a(lib_a-memcpy.o)
                              build_ak-base-kit-stm32l151-application/message.o (memcpy)
/home/nthieu111999/workspace/tools/gcc-arm-none-eabi-10.3-2021.10/arm-none-eabi/lib/thumb/v7-m/nofp/libc.a(lib_a-memmove.o)
                              build_ak-base-kit-stm32l151-application/WString.o (memmove)
/home/nthieu111999/workspace/tools/gcc-arm-none-eabi-10.3-2021.10/arm-none-eabi/lib/thumb/v7-m/nofp/libc.a(lib_a-memset.o)
                              build_ak-base-kit-stm32l151-application/task.o (memset)
/home/nthieu111999/workspace/tools/gcc-arm-none-eabi-10.3-2021.10/arm-none-eabi/lib/thumb/v7-m/nofp/libc.a(lib_a-mlock.o)
                              /home/nthieu111999/workspace/tools/gcc-arm-none-eabi-10.3-2021.10/arm-none-eabi/lib/thumb/v7-m/nofp/libc.a(lib_a-mallocr.o) (__malloc_lock)
/home/nthieu111999/workspace/tools/gcc-arm-none-eabi-10.3-2021.10/arm-none-eabi/lib/thumb/v7-m/nofp/libc.a(lib_a-rand.o)
                              build_ak-base-kit-stm32l151-application/WMath.o (srand)
/home/nthieu111999/workspace/tools/gcc-arm-none-eabi-10.3-2021.10/arm-none-eabi/lib/thumb/v7-m/nofp/libc.a(lib_a-realloc.o)
                              build_ak-base-kit-stm32l151-application/WString.o (realloc)
/home/nthieu111999/workspace/tools/gcc-arm-none-eabi-10.3-2021.10/arm-none-eabi/lib/thumb/v7-m/nofp/libc.a(lib_a-reallocr.o)
                              /home/nthieu111999/workspace/tools/gcc-arm-none-eabi-10.3-2021.10/arm-none-eabi/lib/thumb/v7-m/nofp/libc.a(lib_a-realloc.o) (_realloc_r)
/home/nthieu111999/workspace/tools/gcc-arm-none-eabi-10.3-2021.10/arm-none-eabi/lib/thumb/v7-m/nofp/libc.a(lib_a-sbrkr.o)
                              /home/nthieu111999/workspace/tools/gcc-arm-none-eabi-10.3-2021.10/arm-none-eabi/lib/thumb/v7-m/nofp/libc.a(lib_a-mallocr.o) (_sbrk_r)
/home/nthieu111999/workspace/tools/gcc-arm-none-eabi-10.3-2021.10/arm-none-eabi/lib/thumb/v7-m/nofp/libc.a(lib_a-strcat.o)
                              build_ak-base-kit-stm32l151-application/dtostrf.o (strcat)
/home/nthieu111999/workspace/tools/gcc-arm-none-eabi-10.3-2021.10/arm-none-eabi/lib/thumb/v7-m/nofp/libc.a(lib_a-strchr.o)
                              build_ak-base-kit-stm32l151-application/WString.o (strchr)
/home/nthieu111999/workspace/tools/gcc-arm-none-eabi-10.3-2021.10/arm-none-eabi/lib/thumb/v7-m/nofp/libc.a(lib_a-strcmp.o)
                              build_ak-base-kit-stm32l151-application/cmd_line.o (strcmp)
/home/nthieu111999/workspace/tools/gcc-arm-none-eabi-10.3-2021.10/arm-none-eabi/lib/thumb/v7-m/nofp/libc.a(lib_a-strcpy.o)
                              build_ak-base-kit-stm32l151-application/sys_dbg.o (strcpy)
/home/nthieu111999/workspace/tools/gcc-arm-none-eabi-10.3-2021.10/arm-none-eabi/lib/thumb/v7-m/nofp/libc.a(lib_a-strlen-stub.o)
                              build_ak-base-kit-stm32l151-application/xprintf.o (strlen)
/home/nthieu111999/workspace/tools/gcc-arm-none-eabi-10.3-2021.10/arm-none-eabi/lib/thumb/v7-m/nofp/libc.a(lib_a-strncmp.o)
                              build_ak-base-kit-stm32l151-application/WString.o (strncmp)
/home/nthieu111999/workspace/tools/gcc-arm-none-eabi-10.3-2021.10/arm-none-eabi/lib/thumb/v7-m/nofp/libc.a(lib_a-strncpy.o)
                              build_ak-base-kit-stm32l151-application/WString.o (strncpy)
/home/nthieu111999/workspace/tools/gcc-arm-none-eabi-10.3-2021.10/arm-none-eabi/lib/thumb/v7-m/nofp/libc.a(lib_a-strrchr.o)
[...]
Memory Configuration

Name             Origin             Length             Attributes
BSF              0x0000000008002000 0x0000000000001000 xr
FLASH            0x0000000008003000 0x000000000001d000 xr
SRAM             0x0000000020000000 0x0000000000004000 xrw
*default*        0x0000000000000000 0xffffffffffffffff

Linker script and memory map

                0x0000000000000800                HEAP_SIZE = 0x800

.start_boot_share_data_flash
                0x0000000008002000        0x0
                0x0000000008002000                _start_boot_share_data_flash = .

.start_flash    0x0000000008003000        0x0
                0x0000000008003000                _start_flash = .

.isr_vector     0x0000000008003000       0xf4
                0x0000000008003000                _isr_vector = .
 *(.isr_vector)
 .isr_vector    0x0000000008003000       0xf4 build_ak-base-kit-stm32l151-application/system.o
                0x0000000008003000                isr_vector
                0x00000000080030f4                . = ALIGN (0x4)

.text           0x00000000080030f8     0xe378
                0x00000000080030f8                . = ALIGN (0x4)
 *(.text)
 .text          0x00000000080030f8       0xec /home/nthieu111999/workspace/tools/gcc-arm-none-eabi-10.3-2021.10/arm-none-eabi/lib/thumb/v7-m/nofp/libc.a(lib_a-memcpy.o)
                0x00000000080030f8                memcpy
 .text          0x00000000080031e4      0x1bc /home/nthieu111999/workspace/tools/gcc-arm-none-eabi-10.3-2021.10/arm-none-eabi/lib/thumb/v7-m/nofp/libc.a(lib_a-strcmp.o)
                0x00000000080031e4                strcmp
 .text          0x00000000080033a0      0x378 /home/nthieu111999/workspace/tools/gcc-arm-none-eabi-10.3-2021.10/lib/gcc/arm-none-eabi/10.3.1/thumb/v7-m/nofp/libgcc.a(_arm_addsubdf3.o)
                0x00000000080033a0                __aeabi_drsub
                0x00000000080033a8                __aeabi_dsub
                0x00000000080033a8                __subdf3
                0x00000000080033ac                __adddf3
                0x00000000080033ac                __aeabi_dadd
                0x0000000008003624                __aeabi_ui2d
                0x0000000008003624                __floatunsidf
                0x0000000008003644                __floatsidf
                0x0000000008003644                __aeabi_i2d
                0x0000000008003668                __extendsfdf2
                0x0000000008003668                __aeabi_f2d
                0x00000000080036ac                __aeabi_ul2d
                0x00000000080036ac                __floatundidf
                0x00000000080036bc                __floatdidf
                0x00000000080036bc                __aeabi_l2d
 .text          0x0000000008003718      0x424 /home/nthieu111999/workspace/tools/gcc-arm-none-eabi-10.3-2021.10/lib/gcc/arm-none-eabi/10.3.1/thumb/v7-m/nofp/libgcc.a(_arm_muldivdf3.o)
                0x0000000008003718                __aeabi_dmul
                0x0000000008003718                __muldf3
                0x000000000800396c                __aeabi_ddiv
                0x000000000800396c                __divdf3
 .text          0x0000000008003b3c      0x110 /home/nthieu111999/workspace/tools/gcc-arm-none-eabi-10.3-2021.10/lib/gcc/arm-none-eabi/10.3.1/thumb/v7-m/nofp/libgcc.a(_arm_cmpdf2.o)
                0x0000000008003b3c                __gtdf2
                0x0000000008003b3c                __gedf2
                0x0000000008003b44                __ltdf2
                0x0000000008003b44                __ledf2
                0x0000000008003b4c                __cmpdf2
                0x0000000008003b4c                __eqdf2
                0x0000000008003b4c                __nedf2
                0x0000000008003bc8                __aeabi_cdrcmple
                0x0000000008003bd8                __aeabi_cdcmple
                0x0000000008003bd8                __aeabi_cdcmpeq
                0x0000000008003be8                __aeabi_dcmpeq
                0x0000000008003bfc                __aeabi_dcmplt
                0x0000000008003c10                __aeabi_dcmple
                0x0000000008003c24                __aeabi_dcmpge
                0x0000000008003c38                __aeabi_dcmpgt
 .text          0x0000000008003c4c       0x2c /home/nthieu111999/workspace/tools/gcc-arm-none-eabi-10.3-2021.10/lib/gcc/arm-none-eabi/10.3.1/thumb/v7-m/nofp/libgcc.a(_arm_unorddf2.o)
                0x0000000008003c4c                __aeabi_dcmpun
                0x0000000008003c4c                __unorddf2
 .text          0x0000000008003c78       0x50 /home/nthieu111999/workspace/tools/gcc-arm-none-eabi-10.3-2021.10/lib/gcc/arm-none-eabi/10.3.1/thumb/v7-m/nofp/libgcc.a(_arm_fixdfsi.o)
                0x0000000008003c78                __fixdfsi
                0x0000000008003c78                __aeabi_d2iz
 .text          0x0000000008003cc8       0x40 /home/nthieu111999/workspace/tools/gcc-arm-none-eabi-10.3-2021.10/lib/gcc/arm-none-eabi/10.3.1/thumb/v7-m/nofp/libgcc.a(_arm_fixunsdfsi.o)
                0x0000000008003cc8                __fixunsdfsi
                0x0000000008003cc8                __aeabi_d2uiz
 .text          0x0000000008003d08      0x21c /home/nthieu111999/workspace/tools/gcc-arm-none-eabi-10.3-2021.10/lib/gcc/arm-none-eabi/10.3.1/thumb/v7-m/nofp/libgcc.a(_arm_addsubsf3.o)
                0x0000000008003d08                __aeabi_frsub
                0x0000000008003d10                __subsf3
                0x0000000008003d10                __aeabi_fsub
                0x0000000008003d14                __aeabi_fadd
                0x0000000008003d14                __addsf3
                0x0000000008003e74                __aeabi_ui2f
                0x0000000008003e74                __floatunsisf
                0x0000000008003e7c                __aeabi_i2f
                0x0000000008003e7c                __floatsisf
                0x0000000008003e98                __floatundisf
                0x0000000008003e98                __aeabi_ul2f
                0x0000000008003ea8                __floatdisf
                0x0000000008003ea8                __aeabi_l2f
 .text          0x0000000008003f24       0x30 /home/nthieu111999/workspace/tools/gcc-arm-none-eabi-10.3-2021.10/lib/gcc/arm-none-eabi/10.3.1/thumb/v7-m/nofp/libgcc.a(_aeabi_uldivmod.o)
                0x0000000008003f24                __aeabi_uldivmod
 .text          0x0000000008003f54      0x2d4 /home/nthieu111999/workspace/tools/gcc-arm-none-eabi-10.3-2021.10/lib/gcc/arm-none-eabi/10.3.1/thumb/v7-m/nofp/libgcc.a(_udivmoddi4.o)
                0x0000000008003f54                __udivmoddi4
 .text          0x0000000008004228        0x4 /home/nthieu111999/workspace/tools/gcc-arm-none-eabi-10.3-2021.10/lib/gcc/arm-none-eabi/10.3.1/thumb/v7-m/nofp/libgcc.a(_dvmd_tls.o)
                0x0000000008004228                __aeabi_ldiv0
                0x0000000008004228                __aeabi_idiv0
 *(.text*)
 .text.fsm_dispatch
                0x000000000800422c        0x6 build_ak-base-kit-stm32l151-application/fsm.o
                0x000000000800422c                fsm_dispatch
 *fill*         0x0000000008004232        0x2 
 .text.task_create
                0x0000000008004234       0x3c build_ak-base-kit-stm32l151-application/task.o
                0x0000000008004234                task_create
 .text.task_polling_create
                0x0000000008004270       0x34 build_ak-base-kit-stm32l151-application/task.o
                0x0000000008004270                task_polling_create
 .text.task_post
                0x00000000080042a4       0x84 build_ak-base-kit-stm32l151-application/task.o
                0x00000000080042a4                task_post
 .text.task_remove_msg
                0x0000000008004328       0xb4 build_ak-base-kit-stm32l151-application/task.o
                0x0000000008004328                task_remove_msg
 .text.task_post_pure_msg
                0x00000000080043dc       0x18 build_ak-base-kit-stm32l151-application/task.o
                0x00000000080043dc                task_post_pure_msg
 .text.task_post_common_msg
                0x00000000080043f4       0x2a build_ak-base-kit-stm32l151-application/task.o
                0x00000000080043f4                task_post_common_msg
 *fill*         0x000000000800441e        0x2 
 .text.task_entry_interrupt
                0x0000000008004420       0x1c build_ak-base-kit-stm32l151-application/task.o
                0x0000000008004420                task_entry_interrupt
 .text.task_exit_interrupt
                0x000000000800443c       0x24 build_ak-base-kit-stm32l151-application/task.o
                0x000000000800443c                task_exit_interrupt
 .text.task_init
                0x0000000008004460       0x40 build_ak-base-kit-stm32l151-application/task.o
                0x0000000008004460                task_init
 .text.task_polling_run
                0x00000000080044a0       0x34 build_ak-base-kit-stm32l151-application/task.o
                0x00000000080044a0                task_polling_run
 .text.task_run
                0x00000000080044d4      0x138 build_ak-base-kit-stm32l151-application/task.o
                0x00000000080044d4                task_run
 .text.get_current_task_id
                0x000000000800460c        0xc build_ak-base-kit-stm32l151-application/task.o
                0x000000000800460c                get_current_task_id
 .text.get_current_task_info
                0x0000000008004618        0x8 build_ak-base-kit-stm32l151-application/task.o
                0x0000000008004618                get_current_task_info
 .text.get_current_active_object
                0x0000000008004620        0x8 build_ak-base-kit-stm32l151-application/task.o
                0x0000000008004620                get_current_active_object
 .text.timer_remove_msg
                0x0000000008004628       0x64 build_ak-base-kit-stm32l151-application/timer.o
 .text.task_timer_tick
                0x000000000800468c       0x7c build_ak-base-kit-stm32l151-application/timer.o
                0x000000000800468c                task_timer_tick
 .text.timer_init
                0x0000000008004708       0x6c build_ak-base-kit-stm32l151-application/timer.o
                0x0000000008004708                timer_init
 .text.timer_tick
                0x0000000008004774       0x38 build_ak-base-kit-stm32l151-application/timer.o
                0x0000000008004774                timer_tick
 .text.timer_set
                0x00000000080047ac       0x98 build_ak-base-kit-stm32l151-application/timer.o
                0x00000000080047ac                timer_set
 .text.timer_remove_attr
                0x0000000008004844       0x18 build_ak-base-kit-stm32l151-application/timer.o
                0x0000000008004844                timer_remove_attr
 .text.free_common_msg
                0x000000000800485c       0x28 build_ak-base-kit-stm32l151-application/message.o
 .text.free_pure_msg
                0x0000000008004884       0x28 build_ak-base-kit-stm32l151-application/message.o
 .text.free_dynamic_msg
                0x00000000080048ac       0x30 build_ak-base-kit-stm32l151-application/message.o
 .text.msg_init
                0x00000000080048dc      0x100 build_ak-base-kit-stm32l151-application/message.o
                0x00000000080048dc                msg_init
 .text.msg_force_free
                0x00000000080049dc       0x44 build_ak-base-kit-stm32l151-application/message.o
                0x00000000080049dc                msg_force_free
 .text.msg_inc_ref_count
                0x0000000008004a20       0x2c build_ak-base-kit-stm32l151-application/message.o
                0x0000000008004a20                msg_inc_ref_count
 .text.msg_dec_ref_count
                0x0000000008004a4c       0x28 build_ak-base-kit-stm32l151-application/message.o
                0x0000000008004a4c                msg_dec_ref_count
 .text.msg_free
                0x0000000008004a74       0x58 build_ak-base-kit-stm32l151-application/message.o
                0x0000000008004a74                msg_free
 .text.ak_malloc
                0x0000000008004acc       0x50 build_ak-base-kit-stm32l151-application/message.o
                0x0000000008004acc                ak_malloc
 .text.ak_free  0x0000000008004b1c        0x4 build_ak-base-kit-stm32l151-application/message.o
                0x0000000008004b1c                ak_free
 .text.get_pure_msg
                0x0000000008004b20       0x5c build_ak-base-kit-stm32l151-application/message.o
                0x0000000008004b20                get_pure_msg
 .text.get_common_msg
                0x0000000008004b7c       0x60 build_ak-base-kit-stm32l151-application/message.o
                0x0000000008004b7c                get_common_msg
 .text.set_data_common_msg
                0x0000000008004bdc       0x4c build_ak-base-kit-stm32l151-application/message.o
                0x0000000008004bdc                set_data_common_msg
 .text.get_data_common_msg
                0x0000000008004c28       0x28 build_ak-base-kit-stm32l151-application/message.o
                0x0000000008004c28                get_data_common_msg
 .text.get_data_len_common_msg
                0x0000000008004c50       0x28 build_ak-base-kit-stm32l151-application/message.o
                0x0000000008004c50                get_data_len_common_msg
 .text.get_dynamic_msg
                0x0000000008004c78       0x64 build_ak-base-kit-stm32l151-application/message.o
                0x0000000008004c78                get_dynamic_msg
 .text.set_data_dynamic_msg
                0x0000000008004cdc       0x3c build_ak-base-kit-stm32l151-application/message.o
                0x0000000008004cdc                set_data_dynamic_msg
 .text.get_data_dynamic_msg
                0x0000000008004d18       0x28 build_ak-base-kit-stm32l151-application/message.o
                0x0000000008004d18                get_data_dynamic_msg
 .text.get_data_len_dynamic_msg
                0x0000000008004d40        0x4 build_ak-base-kit-stm32l151-application/message.o
                0x0000000008004d40                get_data_len_dynamic_msg
 .text.log_queue_init
                0x0000000008004d44       0x2e build_ak-base-kit-stm32l151-application/log_queue.o
                0x0000000008004d44                log_queue_init
 .text.log_queue_len
                0x0000000008004d72        0x4 build_ak-base-kit-stm32l151-application/log_queue.o
                0x0000000008004d72                log_queue_len
 .text.log_queue_put
                0x0000000008004d76       0x5c build_ak-base-kit-stm32l151-application/log_queue.o
                0x0000000008004d76                log_queue_put
 .text.log_queue_get
                0x0000000008004dd2       0x30 build_ak-base-kit-stm32l151-application/log_queue.o
                0x0000000008004dd2                log_queue_get
 .text.fifo_init
                0x0000000008004e02       0x12 build_ak-base-kit-stm32l151-application/fifo.o
                0x0000000008004e02                fifo_init
 .text.fifo_availble
                0x0000000008004e14        0x4 build_ak-base-kit-stm32l151-application/fifo.o
                0x0000000008004e14                fifo_availble
 .text.fifo_is_full
                0x0000000008004e18        0xc build_ak-base-kit-stm32l151-application/fifo.o
                0x0000000008004e18                fifo_is_full
 .text.fifo_put
                0x0000000008004e24       0x54 build_ak-base-kit-stm32l151-application/fifo.o
                0x0000000008004e24                fifo_put
 .text.fifo_get
                0x0000000008004e78       0x50 build_ak-base-kit-stm32l151-application/fifo.o
                0x0000000008004e78                fifo_get
 .text.ring_buffer_char_init
                0x0000000008004ec8        0xc build_ak-base-kit-stm32l151-application/ring_buffer.o
                0x0000000008004ec8                ring_buffer_char_init
 .text.ring_buffer_char_is_empty
                0x0000000008004ed4        0xa build_ak-base-kit-stm32l151-application/ring_buffer.o
                0x0000000008004ed4                ring_buffer_char_is_empty
 .text.ring_buffer_char_put
                0x0000000008004ede       0x36 build_ak-base-kit-stm32l151-application/ring_buffer.o
                0x0000000008004ede                ring_buffer_char_put
 .text.ring_buffer_char_get
                0x0000000008004f14       0x26 build_ak-base-kit-stm32l151-application/ring_buffer.o
                0x0000000008004f14                ring_buffer_char_get
 .text.mem_read
                0x0000000008004f3a       0x18 build_ak-base-kit-stm32l151-application/utils.o
                0x0000000008004f3a                mem_read
 .text.mem_write
                0x0000000008004f52       0x1a build_ak-base-kit-stm32l151-application/utils.o
                0x0000000008004f52                mem_write
 *fill*         0x0000000008004f6c        0x4 
 .text.ilog10   0x0000000008004f70       0xd8 build_ak-base-kit-stm32l151-application/xprintf.o
 .text.i10x     0x0000000008005048       0x78 build_ak-base-kit-stm32l151-application/xprintf.o
 .text.xfputc   0x00000000080050c0       0x30 build_ak-base-kit-stm32l151-application/xprintf.o
                0x00000000080050c0                xfputc
 .text.xputc    0x00000000080050f0       0x10 build_ak-base-kit-stm32l151-application/xprintf.o
                0x00000000080050f0                xputc
 .text.xvfprintf
                0x0000000008005100      0x580 build_ak-base-kit-stm32l151-application/xprintf.o
 .text.xprintf  0x0000000008005680       0x24 build_ak-base-kit-stm32l151-application/xprintf.o
                0x0000000008005680                xprintf
 .text.xsprintf
                0x00000000080056a4       0x2c build_ak-base-kit-stm32l151-application/xprintf.o
                0x00000000080056a4                xsprintf
 .text.cmd_line_parser
                0x00000000080056d0       0x7c build_ak-base-kit-stm32l151-application/cmd_line.o
                0x00000000080056d0                cmd_line_parser
 .text.button_init
                0x000000000800574c       0x34 build_ak-base-kit-stm32l151-application/button.o
                0x000000000800574c                button_init
 .text.button_enable
                0x0000000008005780        0x6 build_ak-base-kit-stm32l151-application/button.o
                0x0000000008005780                button_enable
 .text.button_timer_polling
                0x0000000008005786       0x76 build_ak-base-kit-stm32l151-application/button.o
                0x0000000008005786                button_timer_polling
 .text.flash_wait_to_idle
                0x00000000080057fc       0x32 build_ak-base-kit-stm32l151-application/flash.o
 .text.flash_set_write_enable.constprop.0
                0x000000000800582e       0x14 build_ak-base-kit-stm32l151-application/flash.o
 .text.flash_is_connected
                0x0000000008005842       0x22 build_ak-base-kit-stm32l151-application/flash.o
                0x0000000008005842                flash_is_connected
 .text.flash_read
                0x0000000008005864       0x5e build_ak-base-kit-stm32l151-application/flash.o
                0x0000000008005864                flash_read
 .text.flash_write
                0x00000000080058c2       0x6c build_ak-base-kit-stm32l151-application/flash.o
                0x00000000080058c2                flash_write
 .text.flash_erase_sector
                0x000000000800592e       0x48 build_ak-base-kit-stm32l151-application/flash.o
                0x000000000800592e                flash_erase_sector
 .text.flash_erase_block_64k
                0x0000000008005976       0x46 build_ak-base-kit-stm32l151-application/flash.o
                0x0000000008005976                flash_erase_block_64k
 .text.led_init
                0x00000000080059bc       0x20 build_ak-base-kit-stm32l151-application/led.o
                0x00000000080059bc                led_init
 .text.led_on   0x00000000080059dc        0xc build_ak-base-kit-stm32l151-application/led.o
                0x00000000080059dc                led_on
 .text.led_off  0x00000000080059e8        0xc build_ak-base-kit-stm32l151-application/led.o
                0x00000000080059e8                led_off
 .text.led_toggle
                0x00000000080059f4       0x12 build_ak-base-kit-stm32l151-application/led.o
                0x00000000080059f4                led_toggle
 *fill*         0x0000000008005a06        0x2 
 .text.BUZZER_Init
                0x0000000008005a08       0xe0 build_ak-base-kit-stm32l151-application/buzzer.o
                0x0000000008005a08                BUZZER_Init
 .text.BUZZER_Disable
                0x0000000008005ae8       0x38 build_ak-base-kit-stm32l151-application/buzzer.o
                0x0000000008005ae8                BUZZER_Disable
 .text.BUZZER_Enable
                0x0000000008005b20       0x84 build_ak-base-kit-stm32l151-application/buzzer.o
                0x0000000008005b20                BUZZER_Enable
 .text.buzzer_irq
                0x0000000008005ba4       0x98 build_ak-base-kit-stm32l151-application/buzzer.o
                0x0000000008005ba4                buzzer_irq
 .text.BUZZER_PlayTones
                0x0000000008005c3c       0x1c build_ak-base-kit-stm32l151-application/buzzer.o
                0x0000000008005c3c                BUZZER_PlayTones
 .text.getModeBits
                0x0000000008005c58       0x30 build_ak-base-kit-stm32l151-application/qrcode.o
 .text.bb_appendBits
                0x0000000008005c88       0x58 build_ak-base-kit-stm32l151-application/qrcode.o
 .text.bb_setBit
                0x0000000008005ce0       0x28 build_ak-base-kit-stm32l151-application/qrcode.o
 .text.bb_getBit
                0x0000000008005d08       0x1a build_ak-base-kit-stm32l151-application/qrcode.o
 *fill*         0x0000000008005d22        0x2 
 .text.applyMask
                0x0000000008005d24      0x110 build_ak-base-kit-stm32l151-application/qrcode.o
 .text.setFunctionModule
                0x0000000008005e34       0x24 build_ak-base-kit-stm32l151-application/qrcode.o
 .text.drawFinderPattern
                0x0000000008005e58       0x8a build_ak-base-kit-stm32l151-application/qrcode.o
 .text.drawFormatBits
                0x0000000008005ee2      0x114 build_ak-base-kit-stm32l151-application/qrcode.o
 *fill*         0x0000000008005ff6        0x2 
 .text.getAlphanumeric
                0x0000000008005ff8       0x34 build_ak-base-kit-stm32l151-application/qrcode.o
 .text.qrcode_getBufferSize
                0x000000000800602c        0xe build_ak-base-kit-stm32l151-application/qrcode.o
                0x000000000800602c                qrcode_getBufferSize
 *fill*         0x000000000800603a        0x2 
 .text.qrcode_initBytes
                0x000000000800603c      0x9e0 build_ak-base-kit-stm32l151-application/qrcode.o
                0x000000000800603c                qrcode_initBytes
 .text.qrcode_initText
                0x0000000008006a1c       0x2e build_ak-base-kit-stm32l151-application/qrcode.o
                0x0000000008006a1c                qrcode_initText
 .text.qrcode_getModule
                0x0000000008006a4a       0x28 build_ak-base-kit-stm32l151-application/qrcode.o
                0x0000000008006a4a                qrcode_getModule
 *fill*         0x0000000008006a72        0x2 
 .text.sys_dbg_cpu_dump
                0x0000000008006a74       0x4c build_ak-base-kit-stm32l151-application/sys_dbg.o
                0x0000000008006a74                sys_dbg_cpu_dump
 .text.sys_dbg_stack_space_dump
                0x0000000008006ac0       0x30 build_ak-base-kit-stm32l151-application/sys_dbg.o
                0x0000000008006ac0                sys_dbg_stack_space_dump
 .text.sys_dbg_fatal
                0x0000000008006af0      0x3cc build_ak-base-kit-stm32l151-application/sys_dbg.o
                0x0000000008006af0                sys_dbg_fatal
 .text.sys_boot_init
                0x0000000008006ebc       0x14 build_ak-base-kit-stm32l151-application/sys_boot.o
                0x0000000008006ebc                sys_boot_init
 .text.sys_boot_get
                0x0000000008006ed0        0xc build_ak-base-kit-stm32l151-application/sys_boot.o
                0x0000000008006ed0                sys_boot_get
 .text.sys_boot_set
                0x0000000008006edc       0x34 build_ak-base-kit-stm32l151-application/sys_boot.o
                0x0000000008006edc                sys_boot_set
 .text.eMBExceptionToErrorcode
                0x0000000008006f10       0x14 build_ak-base-kit-stm32l151-application/mbutils.o
                0x0000000008006f10                eMBExceptionToErrorcode
 .text.eMBMReleaseHdl
                0x0000000008006f24       0x58 build_ak-base-kit-stm32l151-application/mbm.o
 .text.bMBMResponseTimeoutCB
                0x0000000008006f7c       0x18 build_ak-base-kit-stm32l151-application/mbm.o
 .text.bMBMIsHdlValid
                0x0000000008006f94       0x18 build_ak-base-kit-stm32l151-application/mbm.o
                0x0000000008006f94                bMBMIsHdlValid
 .text.vMBMMasterTransactionPolled
                0x0000000008006fac       0xae build_ak-base-kit-stm32l151-application/mbm.o
                0x0000000008006fac                vMBMMasterTransactionPolled
 *fill*         0x000000000800705a        0x2 
 .text.eMBMSerialInitExt
                0x000000000800705c       0xcc build_ak-base-kit-stm32l151-application/mbm.o
                0x000000000800705c                eMBMSerialInitExt
 .text.usMBMCRC16
                0x0000000008007128       0x2c build_ak-base-kit-stm32l151-application/mbmcrc.o
                0x0000000008007128                usMBMCRC16
 .text.bMBMSerialWaitCB
                0x0000000008007154       0x3c build_ak-base-kit-stm32l151-application/mbmrtu.o
 .text.bMBMSerialRTUT35CB
                0x0000000008007190       0x58 build_ak-base-kit-stm32l151-application/mbmrtu.o
 .text.bMBMSerialRTUTransmitterEmptyAPIV1CB
                0x00000000080071e8       0xb2 build_ak-base-kit-stm32l151-application/mbmrtu.o
 .text.bMBMSerialRTUReceiverAPIV1CB
                0x000000000800729a       0xa0 build_ak-base-kit-stm32l151-application/mbmrtu.o
 *fill*         0x000000000800733a        0x2 
 .text.eMBMSerialRTUFrameCloseInternal
                0x000000000800733c       0x90 build_ak-base-kit-stm32l151-application/mbmrtu.o
 .text.eMBMSerialRTUFrameReceive
                0x00000000080073cc       0xc4 build_ak-base-kit-stm32l151-application/mbmrtu.o
 .text.eMBMSerialRTUFrameSend
                0x0000000008007490       0xd0 build_ak-base-kit-stm32l151-application/mbmrtu.o
 .text.eMBMSerialRTUFrameClose
                0x0000000008007560       0x18 build_ak-base-kit-stm32l151-application/mbmrtu.o
 .text.eMBMSerialRTUInit
                0x0000000008007578      0x118 build_ak-base-kit-stm32l151-application/mbmrtu.o
                0x0000000008007578                eMBMSerialRTUInit
 .text.vMBMReadHoldingRegistersPolled
                0x0000000008007690      0x136 build_ak-base-kit-stm32l151-application/mbmfuncholding.o
                0x0000000008007690                vMBMReadHoldingRegistersPolled
 .text.eMBMReadHoldingRegisters
                0x00000000080077c6       0x42 build_ak-base-kit-stm32l151-application/mbmfuncholding.o
                0x00000000080077c6                eMBMReadHoldingRegisters
 .text.vMBMReadCoilsPolled
                0x0000000008007808      0x114 build_ak-base-kit-stm32l151-application/mbmfunccoils.o
                0x0000000008007808                vMBMReadCoilsPolled
 .text.eMBMReadCoils
                0x000000000800791c       0x42 build_ak-base-kit-stm32l151-application/mbmfunccoils.o
                0x000000000800791c                eMBMReadCoils
 .text.vMBMReadDiscreteInputsPolled
                0x000000000800795e      0x114 build_ak-base-kit-stm32l151-application/mbmfuncdisc.o
                0x000000000800795e                vMBMReadDiscreteInputsPolled
 .text.eMBMReadDiscreteInputs
                0x0000000008007a72       0x42 build_ak-base-kit-stm32l151-application/mbmfuncdisc.o
                0x0000000008007a72                eMBMReadDiscreteInputs
 .text.vMBMReadInputRegistersPolled
                0x0000000008007ab4      0x120 build_ak-base-kit-stm32l151-application/mbmfuncinput.o
                0x0000000008007ab4                vMBMReadInputRegistersPolled
 .text.eMBMReadInputRegisters
                0x0000000008007bd4       0x42 build_ak-base-kit-stm32l151-application/mbmfuncinput.o
                0x0000000008007bd4                eMBMReadInputRegisters
 *fill*         0x0000000008007c16        0x2 
 .text.eMBPEventCreate
                0x0000000008007c18       0x5c build_ak-base-kit-stm32l151-application/mbportevent.o
                0x0000000008007c18                eMBPEventCreate
 .text.eMBPEventPost
                0x0000000008007c74       0x2c build_ak-base-kit-stm32l151-application/mbportevent.o
                0x0000000008007c74                eMBPEventPost
 .text.bMBPEventGet
                0x0000000008007ca0       0x34 build_ak-base-kit-stm32l151-application/mbportevent.o
                0x0000000008007ca0                bMBPEventGet
 .text.vMBPEventDelete
                0x0000000008007cd4       0x2c build_ak-base-kit-stm32l151-application/mbportevent.o
                0x0000000008007cd4                vMBPEventDelete
 .text.vMBPAssert
                0x0000000008007d00       0x1c build_ak-base-kit-stm32l151-application/mbportother.o
                0x0000000008007d00                vMBPAssert
 .text.vMBPEnterCritical
                0x0000000008007d1c        0x4 build_ak-base-kit-stm32l151-application/mbportother.o
                0x0000000008007d1c                vMBPEnterCritical
 .text.vMBPExitCritical
                0x0000000008007d20        0x4 build_ak-base-kit-stm32l151-application/mbportother.o
                0x0000000008007d20                vMBPExitCritical
 .text.eMBPSerialInit
                0x0000000008007d24      0x144 build_ak-base-kit-stm32l151-application/mbportserial.o
                0x0000000008007d24                eMBPSerialInit
 .text.eMBPSerialClose
                0x0000000008007e68       0x58 build_ak-base-kit-stm32l151-application/mbportserial.o
                0x0000000008007e68                eMBPSerialClose
 .text.eMBPSerialTxEnable
                0x0000000008007ec0       0x70 build_ak-base-kit-stm32l151-application/mbportserial.o
                0x0000000008007ec0                eMBPSerialTxEnable
 .text.eMBPSerialRxEnable
                0x0000000008007f30       0x5c build_ak-base-kit-stm32l151-application/mbportserial.o
                0x0000000008007f30                eMBPSerialRxEnable
 .text.vMBPUSART2ISR
                0x0000000008007f8c       0xec build_ak-base-kit-stm32l151-application/mbportserial.o
                0x0000000008007f8c                vMBPUSART2ISR
 .text.eMBPTimerInit
                0x0000000008008078       0xec build_ak-base-kit-stm32l151-application/mbporttimer.o
                0x0000000008008078                eMBPTimerInit
 .text.vMBPTimerClose
                0x0000000008008164       0x28 build_ak-base-kit-stm32l151-application/mbporttimer.o
                0x0000000008008164                vMBPTimerClose
 .text.eMBPTimerStart
                0x000000000800818c       0x2c build_ak-base-kit-stm32l151-application/mbporttimer.o
                0x000000000800818c                eMBPTimerStart
 .text.eMBPTimerStop
                0x00000000080081b8       0x30 build_ak-base-kit-stm32l151-application/mbporttimer.o
                0x00000000080081b8                eMBPTimerStop
 .text.vMBPTimerISR
                0x00000000080081e8       0x58 build_ak-base-kit-stm32l151-application/mbporttimer.o
                0x00000000080081e8                vMBPTimerISR
 .text.GPIO_Init
                0x0000000008008240       0x78 build_ak-base-kit-stm32l151-application/stm32l1xx_gpio.o
                0x0000000008008240                GPIO_Init
 .text.GPIO_ReadInputDataBit
                0x00000000080082b8        0xc build_ak-base-kit-stm32l151-application/stm32l1xx_gpio.o
                0x00000000080082b8                GPIO_ReadInputDataBit
 .text.GPIO_SetBits
                0x00000000080082c4        0x4 build_ak-base-kit-stm32l151-application/stm32l1xx_gpio.o
                0x00000000080082c4                GPIO_SetBits
 .text.GPIO_ResetBits
                0x00000000080082c8        0x4 build_ak-base-kit-stm32l151-application/stm32l1xx_gpio.o
                0x00000000080082c8                GPIO_ResetBits
 .text.GPIO_PinAFConfig
                0x00000000080082cc       0x24 build_ak-base-kit-stm32l151-application/stm32l1xx_gpio.o
                0x00000000080082cc                GPIO_PinAFConfig
 .text.RCC_HSICmd
                0x00000000080082f0        0xc build_ak-base-kit-stm32l151-application/stm32l1xx_rcc.o
                0x00000000080082f0                RCC_HSICmd
 .text.RCC_GetClocksFreq
                0x00000000080082fc       0x9c build_ak-base-kit-stm32l151-application/stm32l1xx_rcc.o
                0x00000000080082fc                RCC_GetClocksFreq
 .text.RCC_AHBPeriphClockCmd
                0x0000000008008398       0x18 build_ak-base-kit-stm32l151-application/stm32l1xx_rcc.o
                0x0000000008008398                RCC_AHBPeriphClockCmd
 .text.RCC_APB2PeriphClockCmd
                0x00000000080083b0       0x18 build_ak-base-kit-stm32l151-application/stm32l1xx_rcc.o
                0x00000000080083b0                RCC_APB2PeriphClockCmd
 .text.RCC_APB1PeriphClockCmd
                0x00000000080083c8       0x18 build_ak-base-kit-stm32l151-application/stm32l1xx_rcc.o
                0x00000000080083c8                RCC_APB1PeriphClockCmd
 .text.RCC_APB2PeriphResetCmd
                0x00000000080083e0       0x18 build_ak-base-kit-stm32l151-application/stm32l1xx_rcc.o
                0x00000000080083e0                RCC_APB2PeriphResetCmd
 .text.RCC_APB1PeriphResetCmd
                0x00000000080083f8       0x18 build_ak-base-kit-stm32l151-application/stm32l1xx_rcc.o
                0x00000000080083f8                RCC_APB1PeriphResetCmd
 .text.RCC_GetFlagStatus
                0x0000000008008410       0x20 build_ak-base-kit-stm32l151-application/stm32l1xx_rcc.o
                0x0000000008008410                RCC_GetFlagStatus
 .text.USART_DeInit
                0x0000000008008430       0x9c build_ak-base-kit-stm32l151-application/stm32l1xx_usart.o
                0x0000000008008430                USART_DeInit
 .text.USART_Init
                0x00000000080084cc       0xa4 build_ak-base-kit-stm32l151-application/stm32l1xx_usart.o
                0x00000000080084cc                USART_Init
 .text.USART_ClockInit
                0x0000000008008570       0x20 build_ak-base-kit-stm32l151-application/stm32l1xx_usart.o
                0x0000000008008570                USART_ClockInit
 .text.USART_Cmd
                0x0000000008008590       0x18 build_ak-base-kit-stm32l151-application/stm32l1xx_usart.o
                0x0000000008008590                USART_Cmd
 .text.USART_SendData
                0x00000000080085a8        0x8 build_ak-base-kit-stm32l151-application/stm32l1xx_usart.o
                0x00000000080085a8                USART_SendData
 .text.USART_ReceiveData
                0x00000000080085b0        0x8 build_ak-base-kit-stm32l151-application/stm32l1xx_usart.o
                0x00000000080085b0                USART_ReceiveData
 .text.USART_ITConfig
                0x00000000080085b8       0x30 build_ak-base-kit-stm32l151-application/stm32l1xx_usart.o
                0x00000000080085b8                USART_ITConfig
 .text.USART_GetFlagStatus
                0x00000000080085e8        0xc build_ak-base-kit-stm32l151-application/stm32l1xx_usart.o
                0x00000000080085e8                USART_GetFlagStatus
 .text.USART_GetITStatus
                0x00000000080085f4       0x3e build_ak-base-kit-stm32l151-application/stm32l1xx_usart.o
                0x00000000080085f4                USART_GetITStatus
 .text.USART_ClearITPendingBit
                0x0000000008008632        0xe build_ak-base-kit-stm32l151-application/stm32l1xx_usart.o
                0x0000000008008632                USART_ClearITPendingBit
 .text.SPI_I2S_DeInit
                0x0000000008008640       0x64 build_ak-base-kit-stm32l151-application/stm32l1xx_spi.o
                0x0000000008008640                SPI_I2S_DeInit
 .text.SPI_Init
                0x00000000080086a4       0x3e build_ak-base-kit-stm32l151-application/stm32l1xx_spi.o
                0x00000000080086a4                SPI_Init
 .text.SPI_Cmd  0x00000000080086e2       0x18 build_ak-base-kit-stm32l151-application/stm32l1xx_spi.o
                0x00000000080086e2                SPI_Cmd
 .text.SPI_I2S_ReceiveData
                0x00000000080086fa        0x6 build_ak-base-kit-stm32l151-application/stm32l1xx_spi.o
                0x00000000080086fa                SPI_I2S_ReceiveData
 .text.SPI_I2S_SendData
                0x0000000008008700        0x4 build_ak-base-kit-stm32l151-application/stm32l1xx_spi.o
                0x0000000008008700                SPI_I2S_SendData
 .text.SPI_I2S_GetFlagStatus
                0x0000000008008704        0xc build_ak-base-kit-stm32l151-application/stm32l1xx_spi.o
                0x0000000008008704                SPI_I2S_GetFlagStatus
 .text.NVIC_PriorityGroupConfig
                0x0000000008008710       0x14 build_ak-base-kit-stm32l151-application/misc.o
                0x0000000008008710                NVIC_PriorityGroupConfig
 .text.NVIC_Init
                0x0000000008008724       0x58 build_ak-base-kit-stm32l151-application/misc.o
                0x0000000008008724                NVIC_Init
 .text.EXTI_GetFlagStatus
                0x000000000800877c       0x14 build_ak-base-kit-stm32l151-application/stm32l1xx_exti.o
                0x000000000800877c                EXTI_GetFlagStatus
 .text.EXTI_GetITStatus
                0x0000000008008790        0x4 build_ak-base-kit-stm32l151-application/stm32l1xx_exti.o
                0x0000000008008790                EXTI_GetITStatus
 .text.EXTI_ClearITPendingBit
                0x0000000008008794        0xc build_ak-base-kit-stm32l151-application/stm32l1xx_exti.o
                0x0000000008008794                EXTI_ClearITPendingBit
 .text.TIM_DeInit
                0x00000000080087a0       0xe4 build_ak-base-kit-stm32l151-application/stm32l1xx_tim.o
                0x00000000080087a0                TIM_DeInit
 .text.TIM_TimeBaseInit
                0x0000000008008884       0x58 build_ak-base-kit-stm32l151-application/stm32l1xx_tim.o
                0x0000000008008884                TIM_TimeBaseInit
 .text.TIM_ARRPreloadConfig
                0x00000000080088dc       0x18 build_ak-base-kit-stm32l151-application/stm32l1xx_tim.o
                0x00000000080088dc                TIM_ARRPreloadConfig
 .text.TIM_Cmd  0x00000000080088f4       0x18 build_ak-base-kit-stm32l151-application/stm32l1xx_tim.o
                0x00000000080088f4                TIM_Cmd
 .text.TIM_OC3Init
                0x000000000800890c       0x3c build_ak-base-kit-stm32l151-application/stm32l1xx_tim.o
                0x000000000800890c                TIM_OC3Init
 .text.TIM_OC3PreloadConfig
                0x0000000008008948       0x10 build_ak-base-kit-stm32l151-application/stm32l1xx_tim.o
                0x0000000008008948                TIM_OC3PreloadConfig
 .text.TIM_ITConfig
                0x0000000008008958       0x12 build_ak-base-kit-stm32l151-application/stm32l1xx_tim.o
                0x0000000008008958                TIM_ITConfig
 .text.TIM_GetITStatus
                0x000000000800896a       0x16 build_ak-base-kit-stm32l151-application/stm32l1xx_tim.o
                0x000000000800896a                TIM_GetITStatus
 .text.TIM_ClearITPendingBit
                0x0000000008008980        0x8 build_ak-base-kit-stm32l151-application/stm32l1xx_tim.o
                0x0000000008008980                TIM_ClearITPendingBit
 .text.ADC_Init
                0x0000000008008988       0x4c build_ak-base-kit-stm32l151-application/stm32l1xx_adc.o
                0x0000000008008988                ADC_Init
 .text.ADC_Cmd  0x00000000080089d4       0x12 build_ak-base-kit-stm32l151-application/stm32l1xx_adc.o
                0x00000000080089d4                ADC_Cmd
 *fill*         0x00000000080089e6        0x2 
 .text.ADC_TempSensorVrefintCmd
                0x00000000080089e8       0x18 build_ak-base-kit-stm32l151-application/stm32l1xx_adc.o
                0x00000000080089e8                ADC_TempSensorVrefintCmd
 .text.ADC_RegularChannelConfig
                0x0000000008008a00      0x104 build_ak-base-kit-stm32l151-application/stm32l1xx_adc.o
                0x0000000008008a00                ADC_RegularChannelConfig
 .text.ADC_SoftwareStartConv
                0x0000000008008b04        0xa build_ak-base-kit-stm32l151-application/stm32l1xx_adc.o
                0x0000000008008b04                ADC_SoftwareStartConv
 .text.ADC_GetConversionValue
                0x0000000008008b0e        0x6 build_ak-base-kit-stm32l151-application/stm32l1xx_adc.o
                0x0000000008008b0e                ADC_GetConversionValue
 .text.ADC_GetFlagStatus
                0x0000000008008b14        0xc build_ak-base-kit-stm32l151-application/stm32l1xx_adc.o
                0x0000000008008b14                ADC_GetFlagStatus
 .text.PWR_UltraLowPowerCmd
                0x0000000008008b20        0xc build_ak-base-kit-stm32l151-application/stm32l1xx_pwr.o
                0x0000000008008b20                PWR_UltraLowPowerCmd
 .text.PWR_EnterSTOPMode
                0x0000000008008b2c       0x34 build_ak-base-kit-stm32l151-application/stm32l1xx_pwr.o
                0x0000000008008b2c                PWR_EnterSTOPMode
 .text.FLASH_Lock
                0x0000000008008b60       0x10 build_ak-base-kit-stm32l151-application/stm32l1xx_flash.o
                0x0000000008008b60                FLASH_Lock
 .text.DATA_EEPROM_Unlock
                0x0000000008008b70       0x20 build_ak-base-kit-stm32l151-application/stm32l1xx_flash.o
                0x0000000008008b70                DATA_EEPROM_Unlock
 .text.FLASH_Unlock
                0x0000000008008b90       0x2c build_ak-base-kit-stm32l151-application/stm32l1xx_flash.o
                0x0000000008008b90                FLASH_Unlock
 .text.DATA_EEPROM_Lock
                0x0000000008008bbc       0x10 build_ak-base-kit-stm32l151-application/stm32l1xx_flash.o
                0x0000000008008bbc                DATA_EEPROM_Lock
 .text.FLASH_OB_Unlock
                0x0000000008008bcc       0x2c build_ak-base-kit-stm32l151-application/stm32l1xx_flash.o
                0x0000000008008bcc                FLASH_OB_Unlock
 .text.FLASH_OB_Launch
                0x0000000008008bf8       0x10 build_ak-base-kit-stm32l151-application/stm32l1xx_flash.o
                0x0000000008008bf8                FLASH_OB_Launch
 .text.FLASH_OB_GetBOR
                0x0000000008008c08       0x10 build_ak-base-kit-stm32l151-application/stm32l1xx_flash.o
                0x0000000008008c08                FLASH_OB_GetBOR
 .text.FLASH_ClearFlag
                0x0000000008008c18        0xc build_ak-base-kit-stm32l151-application/stm32l1xx_flash.o
                0x0000000008008c18                FLASH_ClearFlag
 .text.FLASH_GetStatus
                0x0000000008008c24       0x28 build_ak-base-kit-stm32l151-application/stm32l1xx_flash.o
                0x0000000008008c24                FLASH_GetStatus
 .text.FLASH_WaitForLastOperation
                0x0000000008008c4c       0x3c build_ak-base-kit-stm32l151-application/stm32l1xx_flash.o
                0x0000000008008c4c                FLASH_WaitForLastOperation
 .text.FLASH_ErasePage
                0x0000000008008c88       0x44 build_ak-base-kit-stm32l151-application/stm32l1xx_flash.o
                0x0000000008008c88                FLASH_ErasePage
 .text.FLASH_FastProgramWord
                0x0000000008008ccc       0x22 build_ak-base-kit-stm32l151-application/stm32l1xx_flash.o
                0x0000000008008ccc                FLASH_FastProgramWord
 .text.DATA_EEPROM_EraseWord
                0x0000000008008cee       0x16 build_ak-base-kit-stm32l151-application/stm32l1xx_flash.o
                0x0000000008008cee                DATA_EEPROM_EraseWord
 .text.DATA_EEPROM_FastProgramWord
                0x0000000008008d04       0x30 build_ak-base-kit-stm32l151-application/stm32l1xx_flash.o
                0x0000000008008d04                DATA_EEPROM_FastProgramWord
 .text.DATA_EEPROM_ProgramByte
                0x0000000008008d34       0x4c build_ak-base-kit-stm32l151-application/stm32l1xx_flash.o
                0x0000000008008d34                DATA_EEPROM_ProgramByte
 .text.FLASH_OB_BORConfig
                0x0000000008008d80       0x3c build_ak-base-kit-stm32l151-application/stm32l1xx_flash.o
                0x0000000008008d80                FLASH_OB_BORConfig
 .text.IWDG_WriteAccessCmd
                0x0000000008008dbc        0xc build_ak-base-kit-stm32l151-application/stm32l1xx_iwdg.o
                0x0000000008008dbc                IWDG_WriteAccessCmd
 .text.IWDG_SetPrescaler
                0x0000000008008dc8        0xc build_ak-base-kit-stm32l151-application/stm32l1xx_iwdg.o
                0x0000000008008dc8                IWDG_SetPrescaler
 .text.IWDG_SetReload
                0x0000000008008dd4        0xc build_ak-base-kit-stm32l151-application/stm32l1xx_iwdg.o
                0x0000000008008dd4                IWDG_SetReload
 .text.IWDG_ReloadCounter
                0x0000000008008de0       0x10 build_ak-base-kit-stm32l151-application/stm32l1xx_iwdg.o
                0x0000000008008de0                IWDG_ReloadCounter
 .text.IWDG_Enable
                0x0000000008008df0       0x10 build_ak-base-kit-stm32l151-application/stm32l1xx_iwdg.o
                0x0000000008008df0                IWDG_Enable
 .text.I2C_SendData
                0x0000000008008e00        0x4 build_ak-base-kit-stm32l151-application/stm32l1xx_i2c.o
                0x0000000008008e00                I2C_SendData
 .text.I2C_CheckEvent
                0x0000000008008e04       0x18 build_ak-base-kit-stm32l151-application/stm32l1xx_i2c.o
                0x0000000008008e04                I2C_CheckEvent
 .text.disable_interrupts
                0x0000000008008e1c       0x10 build_ak-base-kit-stm32l151-application/platform.o
                0x0000000008008e1c                disable_interrupts
 .text.entry_critical
                0x0000000008008e2c       0x14 build_ak-base-kit-stm32l151-application/platform.o
                0x0000000008008e2c                entry_critical
 .text.exit_critical
                0x0000000008008e40       0x30 build_ak-base-kit-stm32l151-application/platform.o
                0x0000000008008e40                exit_critical
 .text.default_handler
                0x0000000008008e70       0x1c build_ak-base-kit-stm32l151-application/system.o
                0x0000000008008e70                svc_handler
                0x0000000008008e70                default_handler
                0x0000000008008e70                dg_monitor_handler
                0x0000000008008e70                pendsv_handler
 .text.nmi_handler
                0x0000000008008e8c       0x1c build_ak-base-kit-stm32l151-application/system.o
                0x0000000008008e8c                nmi_handler
 .text.hard_fault_handler
                0x0000000008008ea8       0x1c build_ak-base-kit-stm32l151-application/system.o
                0x0000000008008ea8                hard_fault_handler
 .text.mem_manage_handler
                0x0000000008008ec4       0x1c build_ak-base-kit-stm32l151-application/system.o
                0x0000000008008ec4                mem_manage_handler
 .text.bus_fault_handler
                0x0000000008008ee0       0x1c build_ak-base-kit-stm32l151-application/system.o
                0x0000000008008ee0                bus_fault_handler
 .text.usage_fault_handler
                0x0000000008008efc       0x1c build_ak-base-kit-stm32l151-application/system.o
                0x0000000008008efc                usage_fault_handler
 .text.systick_handler
                0x0000000008008f18       0x40 build_ak-base-kit-stm32l151-application/system.o
                0x0000000008008f18                systick_handler
 .text.uart1_irq
                0x0000000008008f58       0x64 build_ak-base-kit-stm32l151-application/system.o
                0x0000000008008f58                uart1_irq
 .text.exti_line1_irq
                0x0000000008008fbc       0x1c build_ak-base-kit-stm32l151-application/system.o
                0x0000000008008fbc                exti_line1_irq
 .text.timer7_irq
                0x0000000008008fd8       0x24 build_ak-base-kit-stm32l151-application/system.o
                0x0000000008008fd8                timer7_irq
 .text.sys_ctrl_delay
                0x0000000008008ffc        0xc build_ak-base-kit-stm32l151-application/system.o
                0x0000000008008ffc                sys_ctrl_delay
 .text.sys_ctrl_millis
                0x0000000008009008       0x1c build_ak-base-kit-stm32l151-application/system.o
                0x0000000008009008                sys_ctrl_millis
 .text._init    0x0000000008009024        0x2 build_ak-base-kit-stm32l151-application/system.o
                0x0000000008009024                _init
 .text._fini    0x0000000008009026        0x2 build_ak-base-kit-stm32l151-application/system.o
                0x0000000008009026                _fini
 .text.sys_stack_count_init
                0x0000000008009028       0x3c build_ak-base-kit-stm32l151-application/system.o
                0x0000000008009028                sys_stack_count_init
 .text.reset_handler
                0x0000000008009064       0xc8 build_ak-base-kit-stm32l151-application/system.o
                0x0000000008009064                reset_handler
 .text.sys_stack_usage
                0x000000000800912c       0x20 build_ak-base-kit-stm32l151-application/system.o
                0x000000000800912c                sys_stack_usage
 .text.sys_stack_get_size
                0x000000000800914c        0xc build_ak-base-kit-stm32l151-application/system.o
                0x000000000800914c                sys_stack_get_size
 .text.sys_ctrl_shell_put_char_block
                0x0000000008009158       0x2c build_ak-base-kit-stm32l151-application/sys_cfg.o
                0x0000000008009158                sys_ctrl_shell_put_char_block
 .text.sys_cfg_clock
                0x0000000008009184       0x22 build_ak-base-kit-stm32l151-application/sys_cfg.o
                0x0000000008009184                sys_cfg_clock
 *fill*         0x00000000080091a6        0x2 
 .text.sys_cfg_tick
                0x00000000080091a8       0x50 build_ak-base-kit-stm32l151-application/sys_cfg.o
                0x00000000080091a8                sys_cfg_tick
 .text.sys_cfg_svc
                0x00000000080091f8       0x30 build_ak-base-kit-stm32l151-application/sys_cfg.o
                0x00000000080091f8                sys_cfg_svc
 .text.sys_cfg_pendsv
                0x0000000008009228       0x34 build_ak-base-kit-stm32l151-application/sys_cfg.o
                0x0000000008009228                sys_cfg_pendsv
 .text.sys_cfg_update_info
                0x000000000800925c      0x108 build_ak-base-kit-stm32l151-application/sys_cfg.o
                0x000000000800925c                sys_cfg_update_info
 .text.sys_ctrl_shell_sw_to_block
                0x0000000008009364       0x38 build_ak-base-kit-stm32l151-application/sys_cfg.o
                0x0000000008009364                sys_ctrl_shell_sw_to_block
 .text.sys_cfg_console
                0x000000000800939c       0xd8 build_ak-base-kit-stm32l151-application/sys_cfg.o
                0x000000000800939c                sys_cfg_console
 .text.sys_ctrl_shell_get_char
                0x0000000008009474       0x34 build_ak-base-kit-stm32l151-application/sys_cfg.o
                0x0000000008009474                sys_ctrl_shell_get_char
 .text.sys_ctrl_reset
                0x00000000080094a8       0x20 build_ak-base-kit-stm32l151-application/sys_cfg.o
                0x00000000080094a8                sys_ctrl_reset
 .text.sys_ctrl_delay_us
                0x00000000080094c8       0x58 build_ak-base-kit-stm32l151-application/sys_cfg.o
                0x00000000080094c8                sys_ctrl_delay_us
 .text.sys_ctrl_delay_ms
                0x0000000008009520       0x1e build_ak-base-kit-stm32l151-application/sys_cfg.o
                0x0000000008009520                sys_ctrl_delay_ms
 *fill*         0x000000000800953e        0x2 
 .text.sys_ctr_stop_mcu
                0x0000000008009540       0xa8 build_ak-base-kit-stm32l151-application/sys_cfg.o
                0x0000000008009540                sys_ctr_stop_mcu
 .text.sys_ctrl_independent_watchdog_init
                0x00000000080095e8       0x24 build_ak-base-kit-stm32l151-application/sys_cfg.o
                0x00000000080095e8                sys_ctrl_independent_watchdog_init
 .text.sys_ctrl_independent_watchdog_reset
                0x000000000800960c       0x12 build_ak-base-kit-stm32l151-application/sys_cfg.o
                0x000000000800960c                sys_ctrl_independent_watchdog_reset
 *fill*         0x000000000800961e        0x2 
 .text.sys_ctrl_soft_watchdog_init
                0x0000000008009620       0x68 build_ak-base-kit-stm32l151-application/sys_cfg.o
                0x0000000008009620                sys_ctrl_soft_watchdog_init
 .text.sys_ctrl_soft_watchdog_reset
                0x0000000008009688       0x18 build_ak-base-kit-stm32l151-application/sys_cfg.o
                0x0000000008009688                sys_ctrl_soft_watchdog_reset
 .text.sys_ctrl_soft_watchdog_increase_counter
                0x00000000080096a0       0x40 build_ak-base-kit-stm32l151-application/sys_cfg.o
                0x00000000080096a0                sys_ctrl_soft_watchdog_increase_counter
 .text.sys_ctrl_get_firmware_info
                0x00000000080096e0       0x40 build_ak-base-kit-stm32l151-application/sys_cfg.o
                0x00000000080096e0                sys_ctrl_get_firmware_info
 .text.task_irq_io_entry_trigger
                0x0000000008009720        0x2 build_ak-base-kit-stm32l151-application/sys_cfg.o
                0x0000000008009720                task_irq_io_entry_trigger
 .text.task_irq_io_exit_trigger
                0x0000000008009722        0x2 build_ak-base-kit-stm32l151-application/sys_cfg.o
                0x0000000008009722                task_irq_io_exit_trigger
 .text.io_button_mode_init
                0x0000000008009724       0x28 build_ak-base-kit-stm32l151-application/io_cfg.o
                0x0000000008009724                io_button_mode_init
 .text.io_button_up_init
                0x000000000800974c       0x28 build_ak-base-kit-stm32l151-application/io_cfg.o
                0x000000000800974c                io_button_up_init
 .text.io_button_down_init
                0x0000000008009774       0x28 build_ak-base-kit-stm32l151-application/io_cfg.o
                0x0000000008009774                io_button_down_init
 .text.io_button_mode_read
                0x000000000800979c        0xc build_ak-base-kit-stm32l151-application/io_cfg.o
                0x000000000800979c                io_button_mode_read
 .text.io_button_up_read
                0x00000000080097a8       0x10 build_ak-base-kit-stm32l151-application/io_cfg.o
                0x00000000080097a8                io_button_up_read
 .text.io_button_down_read
                0x00000000080097b8        0xc build_ak-base-kit-stm32l151-application/io_cfg.o
                0x00000000080097b8                io_button_down_read
 .text.led_life_init
                0x00000000080097c4       0x28 build_ak-base-kit-stm32l151-application/io_cfg.o
                0x00000000080097c4                led_life_init
 .text.led_life_on
                0x00000000080097ec       0x10 build_ak-base-kit-stm32l151-application/io_cfg.o
                0x00000000080097ec                led_life_on
 .text.led_life_off
                0x00000000080097fc       0x10 build_ak-base-kit-stm32l151-application/io_cfg.o
                0x00000000080097fc                led_life_off
 .text.flash_io_ctrl_init
                0x000000000800980c       0x28 build_ak-base-kit-stm32l151-application/io_cfg.o
                0x000000000800980c                flash_io_ctrl_init
 .text.flash_cs_low
                0x0000000008009834       0x10 build_ak-base-kit-stm32l151-application/io_cfg.o
                0x0000000008009834                flash_cs_low
 .text.flash_cs_high
                0x0000000008009844       0x10 build_ak-base-kit-stm32l151-application/io_cfg.o
                0x0000000008009844                flash_cs_high
 .text.flash_transfer
                0x0000000008009854       0x98 build_ak-base-kit-stm32l151-application/io_cfg.o
                0x0000000008009854                flash_transfer
 .text.io_cfg_adc1
                0x00000000080098ec       0x48 build_ak-base-kit-stm32l151-application/io_cfg.o
                0x00000000080098ec                io_cfg_adc1
 .text.adc_bat_io_cfg
                0x0000000008009934       0x2c build_ak-base-kit-stm32l151-application/io_cfg.o
                0x0000000008009934                adc_bat_io_cfg
 .text.sys_ctr_get_vbat_voltage
                0x0000000008009960       0x90 build_ak-base-kit-stm32l151-application/io_cfg.o
                0x0000000008009960                sys_ctr_get_vbat_voltage
 .text.sys_ctr_get_mcu_temperature
                0x00000000080099f0       0x6c build_ak-base-kit-stm32l151-application/io_cfg.o
                0x00000000080099f0                sys_ctr_get_mcu_temperature
 .text.io_eeprom_read
                0x0000000008009a5c       0x34 build_ak-base-kit-stm32l151-application/io_cfg.o
                0x0000000008009a5c                io_eeprom_read
 .text.io_eeprom_erase
                0x0000000008009a90       0x4c build_ak-base-kit-stm32l151-application/io_cfg.o
                0x0000000008009a90                io_eeprom_erase
 .text.internal_flash_unlock
                0x0000000008009adc       0x12 build_ak-base-kit-stm32l151-application/io_cfg.o
                0x0000000008009adc                internal_flash_unlock
 .text.internal_flash_lock
                0x0000000008009aee        0x4 build_ak-base-kit-stm32l151-application/io_cfg.o
                0x0000000008009aee                internal_flash_lock
 .text.internal_flash_erase_pages_cal
                0x0000000008009af2       0x24 build_ak-base-kit-stm32l151-application/io_cfg.o
                0x0000000008009af2                internal_flash_erase_pages_cal
 .text.internal_flash_write_cal
                0x0000000008009b16       0x48 build_ak-base-kit-stm32l151-application/io_cfg.o
                0x0000000008009b16                internal_flash_write_cal
 *fill*         0x0000000008009b5e        0x2 
 .text.io_uart2_cfg
                0x0000000008009b60       0xbc build_ak-base-kit-stm32l151-application/io_cfg.o
                0x0000000008009b60                io_uart2_cfg
 .text.io_uart_rs485_cfg
                0x0000000008009c1c       0x78 build_ak-base-kit-stm32l151-application/io_cfg.o
                0x0000000008009c1c                io_uart_rs485_cfg
 .text.io_rs485_dir_mode_output
                0x0000000008009c94       0x30 build_ak-base-kit-stm32l151-application/io_cfg.o
                0x0000000008009c94                io_rs485_dir_mode_output
 .text.io_rs485_dir_low
                0x0000000008009cc4        0xc build_ak-base-kit-stm32l151-application/io_cfg.o
                0x0000000008009cc4                io_rs485_dir_low
 .text.io_rs485_dir_high
                0x0000000008009cd0        0xc build_ak-base-kit-stm32l151-application/io_cfg.o
                0x0000000008009cd0                io_rs485_dir_high
 .text.SystemInit
                0x0000000008009cdc      0x114 build_ak-base-kit-stm32l151-application/system_stm32l1xx.o
                0x0000000008009cdc                SystemInit
 .text.SystemCoreClockUpdate
                0x0000000008009df0       0x88 build_ak-base-kit-stm32l151-application/system_stm32l1xx.o
                0x0000000008009df0                SystemCoreClockUpdate
 .text._Z27scr_es35sw_th_sensor_handleP8ak_msg_t
                0x0000000008009e78       0xcc build_ak-base-kit-stm32l151-application/scr_es35sw_th_sensor.o
                0x0000000008009e78                scr_es35sw_th_sensor_handle(ak_msg_t*)
 .text._ZL25view_scr_es35sw_th_sensorv
                0x0000000008009f44      0x16c build_ak-base-kit-stm32l151-application/scr_es35sw_th_sensor.o
 .text._ZL13view_scr_idlev
                0x000000000800a0b0       0x34 build_ak-base-kit-stm32l151-application/scr_idle.o
 .text._ZN4ballC2Ev
                0x000000000800a0e4       0x5e build_ak-base-kit-stm32l151-application/scr_idle.o
                0x000000000800a0e4                ball::ball()
                0x000000000800a0e4                ball::ball()
 *fill*         0x000000000800a142        0x2 
 .text._ZNSt6vectorI4ballSaIS0_EE17_M_realloc_insertIJRKS0_EEEvN9__gnu_cxx17__normal_iteratorIPS0_S2_EEDpOT_
                0x000000000800a144      0x110 build_ak-base-kit-stm32l151-application/scr_idle.o
                0x000000000800a144                void std::vector<ball, std::allocator<ball> >::_M_realloc_insert<ball const&>(__gnu_cxx::__normal_iterator<ball*, std::vector<ball, std::allocator<ball> > >, ball const&)
 .text._ZNSt6vectorI4ballSaIS0_EE9push_backERKS0_
                0x000000000800a254       0x2c build_ak-base-kit-stm32l151-application/scr_idle.o
                0x000000000800a254                std::vector<ball, std::allocator<ball> >::push_back(ball const&)
 .text._Z15scr_idle_handleP8ak_msg_t
                0x000000000800a280      0x1a0 build_ak-base-kit-stm32l151-application/scr_idle.o
                0x000000000800a280                scr_idle_handle(ak_msg_t*)
 .text.startup._GLOBAL__sub_I_dyn_view_idle
                0x000000000800a420       0x10 build_ak-base-kit-stm32l151-application/scr_idle.o
 .text.exit._GLOBAL__sub_D_dyn_view_idle
                0x000000000800a430       0x10 build_ak-base-kit-stm32l151-application/scr_idle.o
 .text._Z15scr_info_handleP8ak_msg_t
                0x000000000800a440       0x60 build_ak-base-kit-stm32l151-application/scr_info.o
                0x000000000800a440                scr_info_handle(ak_msg_t*)
 .text._ZL13view_scr_infov
                0x000000000800a4a0       0x78 build_ak-base-kit-stm32l151-application/scr_info.o
 .text._Z28scr_lhio404_io_device_handleP8ak_msg_t
                0x000000000800a518       0xcc build_ak-base-kit-stm32l151-application/scr_lhio404_io_device.o
                0x000000000800a518                scr_lhio404_io_device_handle(ak_msg_t*)
 .text._ZL26view_scr_lhio404_io_devicev
                0x000000000800a5e4      0x140 build_ak-base-kit-stm32l151-application/scr_lhio404_io_device.o
 .text._ZL16view_scr_startupv
                0x000000000800a724       0x94 build_ak-base-kit-stm32l151-application/scr_startup.o
 .text._Z18scr_startup_handleP8ak_msg_t
                0x000000000800a7b8       0x8c build_ak-base-kit-stm32l151-application/scr_startup.o
                0x000000000800a7b8                scr_startup_handle(ak_msg_t*)
 .text._Z11task_systemP8ak_msg_t
                0x000000000800a844       0x44 build_ak-base-kit-stm32l151-application/task_system.o
                0x000000000800a844                task_system(ak_msg_t*)
 .text.main_app
                0x000000000800a888      0x294 build_ak-base-kit-stm32l151-application/app.o
                0x000000000800a888                main_app
 .text._Z19task_polling_zigbeev
                0x000000000800ab1c        0x2 build_ak-base-kit-stm32l151-application/app.o
                0x000000000800ab1c                task_polling_zigbee()
 *fill*         0x000000000800ab1e        0x2 
 .text._Z20task_polling_consolev
                0x000000000800ab20       0xd8 build_ak-base-kit-stm32l151-application/app.o
                0x000000000800ab20                task_polling_console()
 .text.sys_irq_timer_10ms
                0x000000000800abf8       0x24 build_ak-base-kit-stm32l151-application/app.o
                0x000000000800abf8                sys_irq_timer_10ms
 .text._Z17btn_mode_callbackPv
                0x000000000800ac1c       0x3c build_ak-base-kit-stm32l151-application/app_bsp.o
                0x000000000800ac1c                btn_mode_callback(void*)
 .text._Z15btn_up_callbackPv
                0x000000000800ac58       0x3c build_ak-base-kit-stm32l151-application/app_bsp.o
                0x000000000800ac58                btn_up_callback(void*)
 .text._Z17btn_down_callbackPv
                0x000000000800ac94       0x3c build_ak-base-kit-stm32l151-application/app_bsp.o
                0x000000000800ac94                btn_down_callback(void*)
 .text._Z22updateDataModbusDeviceP21ModbusDeviceStructure
                0x000000000800acd0       0xc4 build_ak-base-kit-stm32l151-application/app_modbus_pull.o
                0x000000000800acd0                updateDataModbusDevice(ModbusDeviceStructure*)
 .text._ZL19str_parser_get_attrh
                0x000000000800ad94       0x1c build_ak-base-kit-stm32l151-application/shell.o
 .text._Z9shell_sttPh
                0x000000000800adb0        0x4 build_ak-base-kit-stm32l151-application/shell.o
                0x000000000800adb0                shell_stt(unsigned char*)
 .text._Z9shell_psvPh
                0x000000000800adb4       0x14 build_ak-base-kit-stm32l151-application/shell.o
                0x000000000800adb4                shell_psv(unsigned char*)
 .text._Z11shell_resetPh
                0x000000000800adc8       0x10 build_ak-base-kit-stm32l151-application/shell.o
                0x000000000800adc8                shell_reset(unsigned char*)
 .text._Z10shell_helpPh
                0x000000000800add8       0x30 build_ak-base-kit-stm32l151-application/shell.o
                0x000000000800add8                shell_help(unsigned char*)
 .text._Z9shell_verPh
                0x000000000800ae08      0x118 build_ak-base-kit-stm32l151-application/shell.o
                0x000000000800ae08                shell_ver(unsigned char*)
 .text._Z12shell_rebootPh
                0x000000000800af20       0x10 build_ak-base-kit-stm32l151-application/shell.o
                0x000000000800af20                shell_reboot(unsigned char*)
 .text._ZL10str_parserPc
                0x000000000800af30       0x60 build_ak-base-kit-stm32l151-application/shell.o
 .text._Z11shell_fatalPh
                0x000000000800af90      0x2f4 build_ak-base-kit-stm32l151-application/shell.o
                0x000000000800af90                shell_fatal(unsigned char*)
 .text._Z11shell_flashPh
                0x000000000800b284      0x150 build_ak-base-kit-stm32l151-application/shell.o
                0x000000000800b284                shell_flash(unsigned char*)
 .text._Z9shell_epsPh
                0x000000000800b3d4       0xd0 build_ak-base-kit-stm32l151-application/shell.o
                0x000000000800b3d4                shell_eps(unsigned char*)
 .text._Z9shell_ramPh
                0x000000000800b4a4      0x20c build_ak-base-kit-stm32l151-application/shell.o
                0x000000000800b4a4                shell_ram(unsigned char*)
 .text._Z10shell_bootPh
                0x000000000800b6b0       0xdc build_ak-base-kit-stm32l151-application/shell.o
                0x000000000800b6b0                shell_boot(unsigned char*)
 .text._Z9shell_fwuPh
                0x000000000800b78c       0x34 build_ak-base-kit-stm32l151-application/shell.o
                0x000000000800b78c                shell_fwu(unsigned char*)
 .text._Z12shell_buzzerPh
                0x000000000800b7c0       0x88 build_ak-base-kit-stm32l151-application/shell.o
                0x000000000800b7c0                shell_buzzer(unsigned char*)
 .text._Z9shell_dbgPh
                0x000000000800b848       0x38 build_ak-base-kit-stm32l151-application/shell.o
                0x000000000800b848                shell_dbg(unsigned char*)
 .text._Z12shell_modbusPh
                0x000000000800b880       0xe0 build_ak-base-kit-stm32l151-application/shell.o
                0x000000000800b880                shell_modbus(unsigned char*)
 .text._Z9shell_epiPh
                0x000000000800b960        0x4 build_ak-base-kit-stm32l151-application/shell.o
                0x000000000800b960                shell_epi(unsigned char*)
 .text._Z9shell_lcdPh
                0x000000000800b964      0x15c build_ak-base-kit-stm32l151-application/shell.o
                0x000000000800b964                shell_lcd(unsigned char*)
 .text.sys_irq_shell
                0x000000000800bac0       0x2c build_ak-base-kit-stm32l151-application/task_shell.o
                0x000000000800bac0                sys_irq_shell
 .text._Z10task_shellP8ak_msg_t
                0x000000000800baec       0x7c build_ak-base-kit-stm32l151-application/task_shell.o
                0x000000000800baec                task_shell(ak_msg_t*)
 .text._Z9task_lifeP8ak_msg_t
                0x000000000800bb68       0x20 build_ak-base-kit-stm32l151-application/task_life.o
                0x000000000800bb68                task_life(ak_msg_t*)
 .text._Z7task_fwP8ak_msg_t
                0x000000000800bb88      0x490 build_ak-base-kit-stm32l151-application/task_fw.o
                0x000000000800bb88                task_fw(ak_msg_t*)
 .text._Z12task_displayP8ak_msg_t
                0x000000000800c018        0x4 build_ak-base-kit-stm32l151-application/task_display.o
                0x000000000800c018                task_display(ak_msg_t*)
 .text._Z7task_ifP8ak_msg_t
                0x000000000800c01c       0xe4 build_ak-base-kit-stm32l151-application/task_if.o
                0x000000000800c01c                task_if(ak_msg_t*)
 .text._Z12task_rf24_ifP8ak_msg_t
                0x000000000800c100        0x2 build_ak-base-kit-stm32l151-application/task_rf24_if.o
                0x000000000800c100                task_rf24_if(ak_msg_t*)
 *fill*         0x000000000800c102        0x2 
 .text._Z12task_uart_ifP8ak_msg_t
                0x000000000800c104       0xc4 build_ak-base-kit-stm32l151-application/task_uart_if.o
                0x000000000800c104                task_uart_if(ak_msg_t*)
 .text._Z8task_dbgP8ak_msg_t
                0x000000000800c1c8        0x2 build_ak-base-kit-stm32l151-application/task_dbg.o
                0x000000000800c1c8                task_dbg(ak_msg_t*)
 .text._ZL19view_render_dynamicPv
                0x000000000800c1ca        0xa build_ak-base-kit-stm32l151-application/view_render.o
 .text._Z22view_render_display_onv
                0x000000000800c1d4        0xc build_ak-base-kit-stm32l151-application/view_render.o
                0x000000000800c1d4                view_render_display_on()
 .text.startup._GLOBAL__sub_I_view_render
                0x000000000800c1e0        0xc build_ak-base-kit-stm32l151-application/view_render.o
 .text.exit._GLOBAL__sub_D_view_render
                0x000000000800c1ec        0xc build_ak-base-kit-stm32l151-application/view_render.o
 .text._Z18view_render_screenP13view_screen_t
                0x000000000800c1f8       0x68 build_ak-base-kit-stm32l151-application/view_render.o
                0x000000000800c1f8                view_render_screen(view_screen_t*)
 .text._ZL21view_render_rectanglePv
                0x000000000800c260       0xe8 build_ak-base-kit-stm32l151-application/view_render.o
 .text._Z12scr_mng_ctorP9scr_mng_tPFvP8ak_msg_tEP13view_screen_t
                0x000000000800c348       0x20 build_ak-base-kit-stm32l151-application/screen_manager.o
                0x000000000800c348                scr_mng_ctor(scr_mng_t*, void (*)(ak_msg_t*), view_screen_t*)
 .text._Z16scr_mng_dispatchP8ak_msg_t
                0x000000000800c368       0x48 build_ak-base-kit-stm32l151-application/screen_manager.o
                0x000000000800c368                scr_mng_dispatch(ak_msg_t*)
 .text._Z12scr_mng_tranPFvP8ak_msg_tEP13view_screen_t
                0x000000000800c3b0       0x44 build_ak-base-kit-stm32l151-application/screen_manager.o
                0x000000000800c3b0                scr_mng_tran(void (*)(ak_msg_t*), view_screen_t*)
 .text._ZN12Adafruit_GFX8drawLineEsssst
                0x000000000800c3f4       0xbe build_ak-base-kit-stm32l151-application/Adafruit_GFX.o
                0x000000000800c3f4                Adafruit_GFX::drawLine(short, short, short, short, unsigned short)
 .text._ZN12Adafruit_GFX8drawRectEsssst
                0x000000000800c4b2       0x68 build_ak-base-kit-stm32l151-application/Adafruit_GFX.o
                0x000000000800c4b2                Adafruit_GFX::drawRect(short, short, short, short, unsigned short)
 .text._ZN12Adafruit_GFX13drawFastVLineEssst
                0x000000000800c51a       0x1c build_ak-base-kit-stm32l151-application/Adafruit_GFX.o
                0x000000000800c51a                Adafruit_GFX::drawFastVLine(short, short, short, unsigned short)
 .text._ZN12Adafruit_GFX13drawFastHLineEssst
                0x000000000800c536       0x1a build_ak-base-kit-stm32l151-application/Adafruit_GFX.o
                0x000000000800c536                Adafruit_GFX::drawFastHLine(short, short, short, unsigned short)
 .text._ZN12Adafruit_GFX8fillRectEsssst
                0x000000000800c550       0x38 build_ak-base-kit-stm32l151-application/Adafruit_GFX.o
                0x000000000800c550                Adafruit_GFX::fillRect(short, short, short, short, unsigned short)
 .text._ZN12Adafruit_GFX10fillScreenEt
                0x000000000800c588       0x1c build_ak-base-kit-stm32l151-application/Adafruit_GFX.o
                0x000000000800c588                Adafruit_GFX::fillScreen(unsigned short)
 .text._ZN12Adafruit_GFXC2Ess
                0x000000000800c5a4       0x28 build_ak-base-kit-stm32l151-application/Adafruit_GFX.o
                0x000000000800c5a4                Adafruit_GFX::Adafruit_GFX(short, short)
                0x000000000800c5a4                Adafruit_GFX::Adafruit_GFX(short, short)
 .text._ZN12Adafruit_GFX10drawCircleEssst
                0x000000000800c5cc      0x172 build_ak-base-kit-stm32l151-application/Adafruit_GFX.o
                0x000000000800c5cc                Adafruit_GFX::drawCircle(short, short, short, unsigned short)
 .text._ZN12Adafruit_GFX16fillCircleHelperEssshst
                0x000000000800c73e      0x124 build_ak-base-kit-stm32l151-application/Adafruit_GFX.o
                0x000000000800c73e                Adafruit_GFX::fillCircleHelper(short, short, short, unsigned char, short, unsigned short)
 .text._ZN12Adafruit_GFX13fillRoundRectEssssst
                0x000000000800c862       0x88 build_ak-base-kit-stm32l151-application/Adafruit_GFX.o
                0x000000000800c862                Adafruit_GFX::fillRoundRect(short, short, short, short, short, unsigned short)
 .text._ZN12Adafruit_GFX10drawBitmapEssPKhsst
                0x000000000800c8ea       0x92 build_ak-base-kit-stm32l151-application/Adafruit_GFX.o
                0x000000000800c8ea                Adafruit_GFX::drawBitmap(short, short, unsigned char const*, short, short, unsigned short)
 .text._ZN12Adafruit_GFX8drawCharEsshtth
                0x000000000800c97c      0x108 build_ak-base-kit-stm32l151-application/Adafruit_GFX.o
                0x000000000800c97c                Adafruit_GFX::drawChar(short, short, unsigned char, unsigned short, unsigned short, unsigned char)
 .text._ZN12Adafruit_GFX5writeEh
                0x000000000800ca84       0x64 build_ak-base-kit-stm32l151-application/Adafruit_GFX.o
                0x000000000800ca84                Adafruit_GFX::write(unsigned char)
 .text._ZN12Adafruit_GFX9setCursorEss
                0x000000000800cae8        0x6 build_ak-base-kit-stm32l151-application/Adafruit_GFX.o
                0x000000000800cae8                Adafruit_GFX::setCursor(short, short)
 .text._ZN12Adafruit_GFX11setTextSizeEh
                0x000000000800caee        0xa build_ak-base-kit-stm32l151-application/Adafruit_GFX.o
                0x000000000800caee                Adafruit_GFX::setTextSize(unsigned char)
 .text._ZN12Adafruit_GFX12setTextColorEt
                0x000000000800caf8        0x6 build_ak-base-kit-stm32l151-application/Adafruit_GFX.o
                0x000000000800caf8                Adafruit_GFX::setTextColor(unsigned short)
 .text._ZN12Adafruit_GFX5widthEv
                0x000000000800cafe        0x6 build_ak-base-kit-stm32l151-application/Adafruit_GFX.o
                0x000000000800cafe                Adafruit_GFX::width()
 .text._ZN12Adafruit_GFX6heightEv
                0x000000000800cb04        0x6 build_ak-base-kit-stm32l151-application/Adafruit_GFX.o
                0x000000000800cb04                Adafruit_GFX::height()
 .text._ZN19Adafruit_ssd1306syp6updateEv
                0x000000000800cb0a        0x2 build_ak-base-kit-stm32l151-application/Adafruit_ssd1306syp.o
                0x000000000800cb0a                Adafruit_ssd1306syp::display_on()
                0x000000000800cb0a                Adafruit_ssd1306syp::update()
 .text._ZN19Adafruit_ssd1306syp9updateRowEi
                0x000000000800cb0c        0x2 build_ak-base-kit-stm32l151-application/Adafruit_ssd1306syp.o
                0x000000000800cb0c                Adafruit_ssd1306syp::updateRow(int)
 .text._ZN19Adafruit_ssd1306syp9updateRowEii
                0x000000000800cb0e       0x1e build_ak-base-kit-stm32l151-application/Adafruit_ssd1306syp.o
                0x000000000800cb0e                Adafruit_ssd1306syp::updateRow(int, int)
 .text._ZN19Adafruit_ssd1306syp10initializeEv
                0x000000000800cb2c       0x1c build_ak-base-kit-stm32l151-application/Adafruit_ssd1306syp.o
                0x000000000800cb2c                Adafruit_ssd1306syp::initialize()
 .text._ZN19Adafruit_ssd1306syp9drawPixelEsst
                0x000000000800cb48       0x52 build_ak-base-kit-stm32l151-application/Adafruit_ssd1306syp.o
                0x000000000800cb48                Adafruit_ssd1306syp::drawPixel(short, short, unsigned short)
 *fill*         0x000000000800cb9a        0x2 
 .text._ZN19Adafruit_ssd1306sypC2Ev
                0x000000000800cb9c       0x24 build_ak-base-kit-stm32l151-application/Adafruit_ssd1306syp.o
                0x000000000800cb9c                Adafruit_ssd1306syp::Adafruit_ssd1306syp()
                0x000000000800cb9c                Adafruit_ssd1306syp::Adafruit_ssd1306syp()
 .text._ZN19Adafruit_ssd1306sypD2Ev
                0x000000000800cbc0        0x2 build_ak-base-kit-stm32l151-application/Adafruit_ssd1306syp.o
                0x000000000800cbc0                Adafruit_ssd1306syp::~Adafruit_ssd1306syp()
                0x000000000800cbc0                Adafruit_ssd1306syp::~Adafruit_ssd1306syp()
 .text._ZN19Adafruit_ssd1306syp5clearEb
                0x000000000800cbc2       0x22 build_ak-base-kit-stm32l151-application/Adafruit_ssd1306syp.o
                0x000000000800cbc2                Adafruit_ssd1306syp::clear(bool)
 .text._ZN19Adafruit_ssd1306syp11display_offEv
                0x000000000800cbe4        0x2 build_ak-base-kit-stm32l151-application/Adafruit_ssd1306syp.o
                0x000000000800cbe4                Adafruit_ssd1306syp::display_off()
 .text.eeprom_read
                0x000000000800cbe6        0x4 build_ak-base-kit-stm32l151-application/eeprom.o
                0x000000000800cbe6                eeprom_read
 .text.eeprom_erase
                0x000000000800cbea        0x4 build_ak-base-kit-stm32l151-application/eeprom.o
                0x000000000800cbea                eeprom_erase
 .text._ZL19link_hal_write_byteh
                0x000000000800cbee        0x2 build_ak-base-kit-stm32l151-application/link_hal.o
 .text._ZL17link_hal_rev_byteh
                0x000000000800cbf0        0x4 build_ak-base-kit-stm32l151-application/link_hal.o
 .text._Z23link_hal_reg_write_bytePFhhE
                0x000000000800cbf4       0x28 build_ak-base-kit-stm32l151-application/link_hal.o
                0x000000000800cbf4                link_hal_reg_write_byte(unsigned char (*)(unsigned char))
 .text._Z21link_hal_reg_rev_bytePFhhE
                0x000000000800cc1c       0x28 build_ak-base-kit-stm32l151-application/link_hal.o
                0x000000000800cc1c                link_hal_reg_rev_byte(unsigned char (*)(unsigned char))
 .text._ZL21fsm_link_state_handleP8ak_msg_t
                0x000000000800cc44      0x2b0 build_ak-base-kit-stm32l151-application/link.o
 .text._ZL19fsm_link_state_initP8ak_msg_t
                0x000000000800cef4       0x80 build_ak-base-kit-stm32l151-application/link.o
 .text._Z9task_linkP8ak_msg_t
                0x000000000800cf74        0xc build_ak-base-kit-stm32l151-application/link.o
                0x000000000800cf74                task_link(ak_msg_t*)
 .text._Z23link_init_state_machinev
                0x000000000800cf80       0x2c build_ak-base-kit-stm32l151-application/link.o
                0x000000000800cf80                link_init_state_machine()
 .text._ZL23link_mac_frame_send_reqv
                0x000000000800cfac       0x3c build_ak-base-kit-stm32l151-application/link_mac.o
 .text._ZL23link_mac_frame_send_endv
                0x000000000800cfe8       0x34 build_ak-base-kit-stm32l151-application/link_mac.o
 .text._ZL28link_mac_frame_cals_checksumP16link_mac_frame_t.constprop.0
                0x000000000800d01c       0x38 build_ak-base-kit-stm32l151-application/link_mac.o
 .text._Z25fsm_link_mac_state_handleP8ak_msg_t
                0x000000000800d054      0x2b8 build_ak-base-kit-stm32l151-application/link_mac.o
                0x000000000800d054                fsm_link_mac_state_handle(ak_msg_t*)
 .text._Z13task_link_macP8ak_msg_t
                0x000000000800d30c        0xc build_ak-base-kit-stm32l151-application/link_mac.o
                0x000000000800d30c                task_link_mac(ak_msg_t*)
 .text._Z23fsm_link_mac_state_initP8ak_msg_t
                0x000000000800d318       0x88 build_ak-base-kit-stm32l151-application/link_mac.o
                0x000000000800d318                fsm_link_mac_state_init(ak_msg_t*)
 .text._ZL26link_phy_frame_write_blockPhm
                0x000000000800d3a0       0x1c build_ak-base-kit-stm32l151-application/link_phy.o
 .text._ZL20link_phy_frame_writeP16link_phy_frame_t
                0x000000000800d3bc       0x1c build_ak-base-kit-stm32l151-application/link_phy.o
 .text._ZL28link_phy_frame_cals_checksumP16link_phy_frame_t
                0x000000000800d3d8       0x38 build_ak-base-kit-stm32l151-application/link_phy.o
 .text._ZL25link_phy_frame_write_byteh
                0x000000000800d410        0xc build_ak-base-kit-stm32l151-application/link_phy.o
 .text._ZL26ac_link_phy_frame_rev_byteh
                0x000000000800d41c      0x100 build_ak-base-kit-stm32l151-application/link_phy.o
 .text._ZL19link_phy_frame_sendv
                0x000000000800d51c       0x2c build_ak-base-kit-stm32l151-application/link_phy.o
 .text._Z25fsm_link_phy_state_handleP8ak_msg_t
                0x000000000800d548      0x1f0 build_ak-base-kit-stm32l151-application/link_phy.o
                0x000000000800d548                fsm_link_phy_state_handle(ak_msg_t*)
 .text._Z13task_link_phyP8ak_msg_t
                0x000000000800d738        0xc build_ak-base-kit-stm32l151-application/link_phy.o
                0x000000000800d738                task_link_phy(ak_msg_t*)
 .text._Z23fsm_link_phy_state_initP8ak_msg_t
                0x000000000800d744       0x90 build_ak-base-kit-stm32l151-application/link_phy.o
                0x000000000800d744                fsm_link_phy_state_init(ak_msg_t*)
 .text._Z26link_phy_get_send_frame_tov
                0x000000000800d7d4       0x10 build_ak-base-kit-stm32l151-application/link_phy.o
                0x000000000800d7d4                link_phy_get_send_frame_to()
 .text._Z13link_pdu_initv
                0x000000000800d7e4       0x54 build_ak-base-kit-stm32l151-application/link_data.o
                0x000000000800d7e4                link_pdu_init()
 .text._Z15link_pdu_mallocv
                0x000000000800d838       0x24 build_ak-base-kit-stm32l151-application/link_data.o
                0x000000000800d838                link_pdu_malloc()
 .text._Z12link_pdu_getm
                0x000000000800d85c       0x3c build_ak-base-kit-stm32l151-application/link_data.o
                0x000000000800d85c                link_pdu_get(unsigned long)
 .text._Z13link_pdu_freem
                0x000000000800d898       0x4c build_ak-base-kit-stm32l151-application/link_data.o
                0x000000000800d898                link_pdu_free(unsigned long)
 .text._Z17link_get_src_addrv
                0x000000000800d8e4       0x18 build_ak-base-kit-stm32l151-application/link_data.o
                0x000000000800d8e4                link_get_src_addr()
 .text._Z17link_get_des_addrv
                0x000000000800d8fc       0x18 build_ak-base-kit-stm32l151-application/link_data.o
                0x000000000800d8fc                link_get_des_addr()
 .text._ZN5Print5writeEPKhj
                0x000000000800d914       0x22 build_ak-base-kit-stm32l151-application/Print.o
                0x000000000800d914                Print::write(unsigned char const*, unsigned int)
 .text._ZN5Print5writeEPKc
                0x000000000800d936       0x20 build_ak-base-kit-stm32l151-application/Print.o
                0x000000000800d936                Print::write(char const*)
 .text._ZN5Print5printEPKc
                0x000000000800d956        0x8 build_ak-base-kit-stm32l151-application/Print.o
                0x000000000800d956                Print::print(char const*)
 .text._ZN14HardwareSerial9availableEv
                0x000000000800d95e        0xa build_ak-base-kit-stm32l151-application/HardwareSerial.o
                0x000000000800d95e                HardwareSerial::available()
 .text._ZN14HardwareSerial4peekEv
                0x000000000800d968       0x14 build_ak-base-kit-stm32l151-application/HardwareSerial.o
                0x000000000800d968                HardwareSerial::peek()
 .text._ZN14HardwareSerial4readEv
                0x000000000800d97c       0x20 build_ak-base-kit-stm32l151-application/HardwareSerial.o
                0x000000000800d97c                HardwareSerial::read()
 .text._ZN14HardwareSerial5flushEv
                0x000000000800d99c        0x2 build_ak-base-kit-stm32l151-application/HardwareSerial.o
                0x000000000800d99c                HardwareSerial::flush()
 .text._ZN14HardwareSerial17availableForWriteEv
                0x000000000800d99e       0x26 build_ak-base-kit-stm32l151-application/HardwareSerial.o
                0x000000000800d99e                HardwareSerial::availableForWrite()
 .text._ZN14HardwareSerial5writeEh
                0x000000000800d9c4       0x30 build_ak-base-kit-stm32l151-application/HardwareSerial.o
                0x000000000800d9c4                HardwareSerial::write(unsigned char)
 .text._ZL20serial2_trigger_putcv
                0x000000000800d9f4       0x10 build_ak-base-kit-stm32l151-application/HardwareSerial2.o
 .text.startup._GLOBAL__sub_I_Serial2
                0x000000000800da04       0x34 build_ak-base-kit-stm32l151-application/HardwareSerial2.o
 .text._ZN8SPIClass9io_configEv
                0x000000000800da38       0x68 build_ak-base-kit-stm32l151-application/SPI.o
                0x000000000800da38                SPIClass::io_config()
 .text._ZN8SPIClass5beginEv
                0x000000000800daa0       0xd0 build_ak-base-kit-stm32l151-application/SPI.o
                0x000000000800daa0                SPIClass::begin()
 .text.startup._GLOBAL__sub_I__ZN8SPIClassC2Ev
                0x000000000800db70       0x14 build_ak-base-kit-stm32l151-application/SPI.o
 .text._ZN7TwoWire9availableEv
                0x000000000800db84       0x14 build_ak-base-kit-stm32l151-application/Wire.o
                0x000000000800db84                TwoWire::available()
 .text._ZN7TwoWire4readEv
                0x000000000800db98       0x28 build_ak-base-kit-stm32l151-application/Wire.o
                0x000000000800db98                TwoWire::read()
 .text._ZN7TwoWire4peekEv
                0x000000000800dbc0       0x24 build_ak-base-kit-stm32l151-application/Wire.o
                0x000000000800dbc0                TwoWire::peek()
 .text._ZN7TwoWire5flushEv
                0x000000000800dbe4        0x2 build_ak-base-kit-stm32l151-application/Wire.o
                0x000000000800dbe4                TwoWire::flush()
 *fill*         0x000000000800dbe6        0x2 
 .text._ZN7TwoWire5writeEh
                0x000000000800dbe8       0x54 build_ak-base-kit-stm32l151-application/Wire.o
                0x000000000800dbe8                TwoWire::write(unsigned char)
 .text._ZN7TwoWire5writeEPKhj
                0x000000000800dc3c       0x34 build_ak-base-kit-stm32l151-application/Wire.o
                0x000000000800dc3c                TwoWire::write(unsigned char const*, unsigned int)
 .text.startup._GLOBAL__sub_I__ZN7TwoWire8rxBufferE
                0x000000000800dc70       0x1c build_ak-base-kit-stm32l151-application/Wire.o
 .text._Z12twi_transmitPKhh
                0x000000000800dc8c       0x44 build_ak-base-kit-stm32l151-application/twi.o
                0x000000000800dc8c                twi_transmit(unsigned char const*, unsigned char)
 .text.__cxa_pure_virtual
                0x000000000800dcd0       0x1c build_ak-base-kit-stm32l151-application/mini_cpp.o
                0x000000000800dcd0                __cxa_pure_virtual
 .text._Znwj    0x000000000800dcec        0x4 build_ak-base-kit-stm32l151-application/mini_cpp.o
                0x000000000800dcec                operator new(unsigned int)
 .text._ZdlPv   0x000000000800dcf0        0x4 build_ak-base-kit-stm32l151-application/mini_cpp.o
                0x000000000800dcf0                operator delete(void*)
 .text._sbrk    0x000000000800dcf4       0x1c build_ak-base-kit-stm32l151-application/mini_cpp.o
                0x000000000800dcf4                _sbrk
 .text.malloc   0x000000000800dd10       0x10 /home/nthieu111999/workspace/tools/gcc-arm-none-eabi-10.3-2021.10/arm-none-eabi/lib/thumb/v7-m/nofp/libc.a(lib_a-malloc.o)
                0x000000000800dd10                malloc
 .text.free     0x000000000800dd20       0x10 /home/nthieu111999/workspace/tools/gcc-arm-none-eabi-10.3-2021.10/arm-none-eabi/lib/thumb/v7-m/nofp/libc.a(lib_a-malloc.o)
                0x000000000800dd20                free
 .text._malloc_r
                0x000000000800dd30      0x558 /home/nthieu111999/workspace/tools/gcc-arm-none-eabi-10.3-2021.10/arm-none-eabi/lib/thumb/v7-m/nofp/libc.a(lib_a-mallocr.o)
                0x000000000800dd30                _malloc_r
 .text.memcmp   0x000000000800e288       0x68 /home/nthieu111999/workspace/tools/gcc-arm-none-eabi-10.3-2021.10/arm-none-eabi/lib/thumb/v7-m/nofp/libc.a(lib_a-memcmp.o)
                0x000000000800e288                memcmp
 .text.memset   0x000000000800e2f0       0xa4 /home/nthieu111999/workspace/tools/gcc-arm-none-eabi-10.3-2021.10/arm-none-eabi/lib/thumb/v7-m/nofp/libc.a(lib_a-memset.o)
                0x000000000800e2f0                memset
 .text.__malloc_lock
                0x000000000800e394        0xc /home/nthieu111999/workspace/tools/gcc-arm-none-eabi-10.3-2021.10/arm-none-eabi/lib/thumb/v7-m/nofp/libc.a(lib_a-mlock.o)
                0x000000000800e394                __malloc_lock
 .text.__malloc_unlock
                0x000000000800e3a0        0xc /home/nthieu111999/workspace/tools/gcc-arm-none-eabi-10.3-2021.10/arm-none-eabi/lib/thumb/v7-m/nofp/libc.a(lib_a-mlock.o)
                0x000000000800e3a0                __malloc_unlock
 .text.rand     0x000000000800e3ac       0x38 /home/nthieu111999/workspace/tools/gcc-arm-none-eabi-10.3-2021.10/arm-none-eabi/lib/thumb/v7-m/nofp/libc.a(lib_a-rand.o)
                0x000000000800e3ac                rand
 .text._sbrk_r  0x000000000800e3e4       0x24 /home/nthieu111999/workspace/tools/gcc-arm-none-eabi-10.3-2021.10/arm-none-eabi/lib/thumb/v7-m/nofp/libc.a(lib_a-sbrkr.o)
                0x000000000800e3e4                _sbrk_r
 .text.strcpy   0x000000000800e408       0xbc /home/nthieu111999/workspace/tools/gcc-arm-none-eabi-10.3-2021.10/arm-none-eabi/lib/thumb/v7-m/nofp/libc.a(lib_a-strcpy.o)
                0x000000000800e408                strcpy
 .text.strlen   0x000000000800e4c4       0x5c /home/nthieu111999/workspace/tools/gcc-arm-none-eabi-10.3-2021.10/arm-none-eabi/lib/thumb/v7-m/nofp/libc.a(lib_a-strlen-stub.o)
                0x000000000800e4c4                strlen
 .text._strtol_l.part.0
                0x000000000800e520      0x120 /home/nthieu111999/workspace/tools/gcc-arm-none-eabi-10.3-2021.10/arm-none-eabi/lib/thumb/v7-m/nofp/libc.a(lib_a-strtol.o)
 .text.strtol   0x000000000800e640       0x2c /home/nthieu111999/workspace/tools/gcc-arm-none-eabi-10.3-2021.10/arm-none-eabi/lib/thumb/v7-m/nofp/libc.a(lib_a-strtol.o)
                0x000000000800e640                strtol
 .text.__errno  0x000000000800e66c        0xc /home/nthieu111999/workspace/tools/gcc-arm-none-eabi-10.3-2021.10/arm-none-eabi/lib/thumb/v7-m/nofp/libc.a(lib_a-errno.o)
                0x000000000800e66c                __errno
 .text._malloc_trim_r
                0x000000000800e678       0xa0 /home/nthieu111999/workspace/tools/gcc-arm-none-eabi-10.3-2021.10/arm-none-eabi/lib/thumb/v7-m/nofp/libc.a(lib_a-freer.o)
                0x000000000800e678                _malloc_trim_r
 .text._free_r  0x000000000800e718      0x200 /home/nthieu111999/workspace/tools/gcc-arm-none-eabi-10.3-2021.10/arm-none-eabi/lib/thumb/v7-m/nofp/libc.a(lib_a-freer.o)
                0x000000000800e718                _free_r
 .text.__retarget_lock_acquire_recursive
                0x000000000800e918        0x4 /home/nthieu111999/workspace/tools/gcc-arm-none-eabi-10.3-2021.10/arm-none-eabi/lib/thumb/v7-m/nofp/libc.a(lib_a-lock.o)
                0x000000000800e918                __retarget_lock_acquire_recursive
 .text.__retarget_lock_release_recursive
                0x000000000800e91c        0x4 /home/nthieu111999/workspace/tools/gcc-arm-none-eabi-10.3-2021.10/arm-none-eabi/lib/thumb/v7-m/nofp/libc.a(lib_a-lock.o)
                0x000000000800e91c                __retarget_lock_release_recursive
 .text.abort    0x000000000800e920       0x10 /home/nthieu111999/workspace/tools/gcc-arm-none-eabi-10.3-2021.10/arm-none-eabi/lib/thumb/v7-m/nofp/libc.a(lib_a-abort.o)
                0x000000000800e920                abort