Archive member included to satisfy reference by file (symbol)

/home/hieu/Workspace/gcc-arm-none-eabi-10.3-2021.10-x86_64-linux/gcc-arm-none-eabi-10.3-2021.10/arm-none-eabi/lib/thumb/v7-m/nofp/libc.a(lib_a-malloc.o)
                              build_ak-base-kit-stm32l151-application/message.o (malloc)
/home/hieu/Workspace/gcc-arm-none-eabi-10.3-2021.10-x86_64-linux/gcc-arm-none-eabi-10.3-2021.10/arm-none-eabi/lib/thumb/v7-m/nofp/libc.a(lib_a-mallocr.o)
                              /home/hieu/Workspace/gcc-arm-none-eabi-10.3-2021.10-x86_64-linux/gcc-arm-none-eabi-10.3-2021.10/arm-none-eabi/lib/thumb/v7-m/nofp/libc.a(lib_a-malloc.o) (_malloc_r)
/home/hieu/Workspace/gcc-arm-none-eabi-10.3-2021.10-x86_64-linux/gcc-arm-none-eabi-10.3-2021.10/arm-none-eabi/lib/thumb/v7-m/nofp/libc.a(lib_a-memcmp.o)
                              build_ak-base-kit-stm32l151-application/mbmfuncfiles.o (memcmp)
/home/hieu/Workspace/gcc-arm-none-eabi-10.3-2021.10-x86_64-linux/gcc-arm-none-eabi-10.3-2021.10/arm-none-eabi/lib/thumb/v7-m/nofp/libc.a(lib_a-memcpy.o)
                              build_ak-base-kit-stm32l151-application/message.o (memcpy)
/home/hieu/Workspace/gcc-arm-none-eabi-10.3-2021.10-x86_64-linux/gcc-arm-none-eabi-10.3-2021.10/arm-none-eabi/lib/thumb/v7-m/nofp/libc.a(lib_a-memset.o)
                              build_ak-base-kit-stm32l151-application/task.o (memset)
/home/hieu/Workspace/gcc-arm-none-eabi-10.3-2021.10-x86_64-linux/gcc-arm-none-eabi-10.3-2021.10/arm-none-eabi/lib/thumb/v7-m/nofp/libc.a(lib_a-mlock.o)
                              /home/hieu/Workspace/gcc-arm-none-eabi-10.3-2021.10-x86_64-linux/gcc-arm-none-eabi-10.3-2021.10/arm-none-eabi/lib/thumb/v7-m/nofp/libc.a(lib_a-mallocr.o) (__malloc_lock)
/home/hieu/Workspace/gcc-arm-none-eabi-10.3-2021.10-x86_64-linux/gcc-arm-none-eabi-10.3-2021.10/arm-none-eabi/lib/thumb/v7-m/nofp/libc.a(lib_a-rand.o)
                              build_ak-base-kit-stm32l151-application/link_mac.o (rand)
/home/hieu/Workspace/gcc-arm-none-eabi-10.3-2021.10-x86_64-linux/gcc-arm-none-eabi-10.3-2021.10/arm-none-eabi/lib/thumb/v7-m/nofp/libc.a(lib_a-sbrkr.o)
                              /home/hieu/Workspace/gcc-arm-none-eabi-10.3-2021.10-x86_64-linux/gcc-arm-none-eabi-10.3-2021.10/arm-none-eabi/lib/thumb/v7-m/nofp/libc.a(lib_a-mallocr.o) (_sbrk_r)
/home/hieu/Workspace/gcc-arm-none-eabi-10.3-2021.10-x86_64-linux/gcc-arm-none-eabi-10.3-2021.10/arm-none-eabi/lib/thumb/v7-m/nofp/libc.a(lib_a-strcat.o)
                              build_ak-base-kit-stm32l151-application/dtostrf.o (strcat)
/home/hieu/Workspace/gcc-arm-none-eabi-10.3-2021.10-x86_64-linux/gcc-arm-none-eabi-10.3-2021.10/arm-none-eabi/lib/thumb/v7-m/nofp/libc.a(lib_a-strcmp.o)
                              build_ak-base-kit-stm32l151-application/cmd_line.o (strcmp)
/home/hieu/Workspace/gcc-arm-none-eabi-10.3-2021.10-x86_64-linux/gcc-arm-none-eabi-10.3-2021.10/arm-none-eabi/lib/thumb/v7-m/nofp/libc.a(lib_a-strcpy.o)
                              build_ak-base-kit-stm32l151-application/sys_dbg.o (strcpy)
/home/hieu/Workspace/gcc-arm-none-eabi-10.3-2021.10-x86_64-linux/gcc-arm-none-eabi-10.3-2021.10/arm-none-eabi/lib/thumb/v7-m/nofp/libc.a(lib_a-strlen-stub.o)
                              build_ak-base-kit-stm32l151-application/xprintf.o (strlen)
/home/hieu/Workspace/gcc-arm-none-eabi-10.3-2021.10-x86_64-linux/gcc-arm-none-eabi-10.3-2021.10/arm-none-eabi/lib/thumb/v7-m/nofp/libc.a(lib_a-strtol.o)
                              build_ak-base-kit-stm32l151-application/shell.o (strtol)
/home/hieu/Workspace/gcc-arm-none-eabi-10.3-2021.10-x86_64-linux/gcc-arm-none-eabi-10.3-2021.10/arm-none-eabi/lib/thumb/v7-m/nofp/libc.a(lib_a-ctype_.o)
                              /home/hieu/Workspace/gcc-arm-none-eabi-10.3-2021.10-x86_64-linux/gcc-arm-none-eabi-10.3-2021.10/arm-none-eabi/lib/thumb/v7-m/nofp/libc.a(lib_a-strtol.o) (_ctype_)
/home/hieu/Workspace/gcc-arm-none-eabi-10.3-2021.10-x86_64-linux/gcc-arm-none-eabi-10.3-2021.10/arm-none-eabi/lib/thumb/v7-m/nofp/libc.a(lib_a-errno.o)
                              /home/hieu/Workspace/gcc-arm-none-eabi-10.3-2021.10-x86_64-linux/gcc-arm-none-eabi-10.3-2021.10/arm-none-eabi/lib/thumb/v7-m/nofp/libc.a(lib_a-strtol.o) (__errno)
/home/hieu/Workspace/gcc-arm-none-eabi-10.3-2021.10-x86_64-linux/gcc-arm-none-eabi-10.3-2021.10/arm-none-eabi/lib/thumb/v7-m/nofp/libc.a(lib_a-freer.o)
                              /home/hieu/Workspace/gcc-arm-none-eabi-10.3-2021.10-x86_64-linux/gcc-arm-none-eabi-10.3-2021.10/arm-none-eabi/lib/thumb/v7-m/nofp/libc.a(lib_a-malloc.o) (_free_r)
/home/hieu/Workspace/gcc-arm-none-eabi-10.3-2021.10-x86_64-linux/gcc-arm-none-eabi-10.3-2021.10/arm-none-eabi/lib/thumb/v7-m/nofp/libc.a(lib_a-impure.o)
                              /home/hieu/Workspace/gcc-arm-none-eabi-10.3-2021.10-x86_64-linux/gcc-arm-none-eabi-10.3-2021.10/arm-none-eabi/lib/thumb/v7-m/nofp/libc.a(lib_a-malloc.o) (_impure_ptr)
[...]
Memory Configuration

Name             Origin             Length             Attributes
BSF              0x0000000008002000 0x0000000000001000 xr
FLASH            0x0000000008003000 0x000000000001d000 xr
SRAM             0x0000000020000000 0x0000000000004000 xrw
*default*        0x0000000000000000 0xffffffffffffffff

Linker script and memory map

                0x0000000000000800                HEAP_SIZE = 0x800

.start_boot_share_data_flash
                0x0000000008002000        0x0
                0x0000000008002000                _start_boot_share_data_flash = .

.start_flash    0x0000000008003000        0x0
                0x0000000008003000                _start_flash = .

.isr_vector     0x0000000008003000       0xec
                0x0000000008003000                _isr_vector = .
 *(.isr_vector)
 .isr_vector    0x0000000008003000       0xec build_ak-base-kit-stm32l151-application/system.o
                0x0000000008003000                isr_vector
                0x00000000080030ec                . = ALIGN (0x4)

.text           0x00000000080030f0     0x94a0
                0x00000000080030f0                . = ALIGN (0x4)
 *(.text)
 .text          0x00000000080030f0       0xec /home/hieu/Workspace/gcc-arm-none-eabi-10.3-2021.10-x86_64-linux/gcc-arm-none-eabi-10.3-2021.10/arm-none-eabi/lib/thumb/v7-m/nofp/libc.a(lib_a-memcpy.o)
                0x00000000080030f0                memcpy
 .text          0x00000000080031dc      0x1bc /home/hieu/Workspace/gcc-arm-none-eabi-10.3-2021.10-x86_64-linux/gcc-arm-none-eabi-10.3-2021.10/arm-none-eabi/lib/thumb/v7-m/nofp/libc.a(lib_a-strcmp.o)
                0x00000000080031dc                strcmp
 .text          0x0000000008003398      0x378 /home/hieu/Workspace/gcc-arm-none-eabi-10.3-2021.10-x86_64-linux/gcc-arm-none-eabi-10.3-2021.10/lib/gcc/arm-none-eabi/10.3.1/thumb/v7-m/nofp/libgcc.a(_arm_addsubdf3.o)
                0x0000000008003398                __aeabi_drsub
                0x00000000080033a0                __aeabi_dsub
                0x00000000080033a0                __subdf3
                0x00000000080033a4                __adddf3
                0x00000000080033a4                __aeabi_dadd
                0x000000000800361c                __aeabi_ui2d
                0x000000000800361c                __floatunsidf
                0x000000000800363c                __floatsidf
                0x000000000800363c                __aeabi_i2d
                0x0000000008003660                __extendsfdf2
                0x0000000008003660                __aeabi_f2d
                0x00000000080036a4                __aeabi_ul2d
                0x00000000080036a4                __floatundidf
                0x00000000080036b4                __floatdidf
                0x00000000080036b4                __aeabi_l2d
 .text          0x0000000008003710      0x424 /home/hieu/Workspace/gcc-arm-none-eabi-10.3-2021.10-x86_64-linux/gcc-arm-none-eabi-10.3-2021.10/lib/gcc/arm-none-eabi/10.3.1/thumb/v7-m/nofp/libgcc.a(_arm_muldivdf3.o)
                0x0000000008003710                __aeabi_dmul
                0x0000000008003710                __muldf3
                0x0000000008003964                __aeabi_ddiv
                0x0000000008003964                __divdf3
 .text          0x0000000008003b34      0x110 /home/hieu/Workspace/gcc-arm-none-eabi-10.3-2021.10-x86_64-linux/gcc-arm-none-eabi-10.3-2021.10/lib/gcc/arm-none-eabi/10.3.1/thumb/v7-m/nofp/libgcc.a(_arm_cmpdf2.o)
                0x0000000008003b34                __gtdf2
                0x0000000008003b34                __gedf2
                0x0000000008003b3c                __ltdf2
                0x0000000008003b3c                __ledf2
                0x0000000008003b44                __cmpdf2
                0x0000000008003b44                __eqdf2
                0x0000000008003b44                __nedf2
                0x0000000008003bc0                __aeabi_cdrcmple
                0x0000000008003bd0                __aeabi_cdcmple
                0x0000000008003bd0                __aeabi_cdcmpeq
                0x0000000008003be0                __aeabi_dcmpeq
                0x0000000008003bf4                __aeabi_dcmplt
                0x0000000008003c08                __aeabi_dcmple
                0x0000000008003c1c                __aeabi_dcmpge
                0x0000000008003c30                __aeabi_dcmpgt
 .text          0x0000000008003c44       0x2c /home/hieu/Workspace/gcc-arm-none-eabi-10.3-2021.10-x86_64-linux/gcc-arm-none-eabi-10.3-2021.10/lib/gcc/arm-none-eabi/10.3.1/thumb/v7-m/nofp/libgcc.a(_arm_unorddf2.o)
                0x0000000008003c44                __aeabi_dcmpun
                0x0000000008003c44                __unorddf2
 .text          0x0000000008003c70       0x50 /home/hieu/Workspace/gcc-arm-none-eabi-10.3-2021.10-x86_64-linux/gcc-arm-none-eabi-10.3-2021.10/lib/gcc/arm-none-eabi/10.3.1/thumb/v7-m/nofp/libgcc.a(_arm_fixdfsi.o)
                0x0000000008003c70                __fixdfsi
                0x0000000008003c70                __aeabi_d2iz
 .text          0x0000000008003cc0       0x40 /home/hieu/Workspace/gcc-arm-none-eabi-10.3-2021.10-x86_64-linux/gcc-arm-none-eabi-10.3-2021.10/lib/gcc/arm-none-eabi/10.3.1/thumb/v7-m/nofp/libgcc.a(_arm_fixunsdfsi.o)
                0x0000000008003cc0                __fixunsdfsi
                0x0000000008003cc0                __aeabi_d2uiz
 .text          0x0000000008003d00      0x21c /home/hieu/Workspace/gcc-arm-none-eabi-10.3-2021.10-x86_64-linux/gcc-arm-none-eabi-10.3-2021.10/lib/gcc/arm-none-eabi/10.3.1/thumb/v7-m/nofp/libgcc.a(_arm_addsubsf3.o)
                0x0000000008003d00                __aeabi_frsub
                0x0000000008003d08                __subsf3
                0x0000000008003d08                __aeabi_fsub
                0x0000000008003d0c                __aeabi_fadd
                0x0000000008003d0c                __addsf3
                0x0000000008003e6c                __aeabi_ui2f
                0x0000000008003e6c                __floatunsisf
                0x0000000008003e74                __aeabi_i2f
                0x0000000008003e74                __floatsisf
                0x0000000008003e90                __floatundisf
                0x0000000008003e90                __aeabi_ul2f
                0x0000000008003ea0                __floatdisf
                0x0000000008003ea0                __aeabi_l2f
 .text          0x0000000008003f1c       0x30 /home/hieu/Workspace/gcc-arm-none-eabi-10.3-2021.10-x86_64-linux/gcc-arm-none-eabi-10.3-2021.10/lib/gcc/arm-none-eabi/10.3.1/thumb/v7-m/nofp/libgcc.a(_aeabi_uldivmod.o)
                0x0000000008003f1c                __aeabi_uldivmod
 .text          0x0000000008003f4c      0x2d4 /home/hieu/Workspace/gcc-arm-none-eabi-10.3-2021.10-x86_64-linux/gcc-arm-none-eabi-10.3-2021.10/lib/gcc/arm-none-eabi/10.3.1/thumb/v7-m/nofp/libgcc.a(_udivmoddi4.o)
                0x0000000008003f4c                __udivmoddi4
 .text          0x0000000008004220        0x4 /home/hieu/Workspace/gcc-arm-none-eabi-10.3-2021.10-x86_64-linux/gcc-arm-none-eabi-10.3-2021.10/lib/gcc/arm-none-eabi/10.3.1/thumb/v7-m/nofp/libgcc.a(_dvmd_tls.o)
                0x0000000008004220                __aeabi_ldiv0
                0x0000000008004220                __aeabi_idiv0
 *(.text*)
 .text.fsm_dispatch
                0x0000000008004224        0x6 build_ak-base-kit-stm32l151-application/fsm.o
                0x0000000008004224                fsm_dispatch
 *fill*         0x000000000800422a        0x2 
 .text.task_create
                0x000000000800422c       0x3c build_ak-base-kit-stm32l151-application/task.o
                0x000000000800422c                task_create
 .text.task_polling_create
                0x0000000008004268       0x34 build_ak-base-kit-stm32l151-application/task.o
                0x0000000008004268                task_polling_create
 .text.task_post
                0x000000000800429c       0x84 build_ak-base-kit-stm32l151-application/task.o
                0x000000000800429c                task_post
 .text.task_remove_msg
                0x0000000008004320       0xb4 build_ak-base-kit-stm32l151-application/task.o
                0x0000000008004320                task_remove_msg
 .text.task_post_pure_msg
                0x00000000080043d4       0x18 build_ak-base-kit-stm32l151-application/task.o
                0x00000000080043d4                task_post_pure_msg
 .text.task_post_common_msg
                0x00000000080043ec       0x2a build_ak-base-kit-stm32l151-application/task.o
                0x00000000080043ec                task_post_common_msg
 *fill*         0x0000000008004416        0x2 
 .text.task_entry_interrupt
                0x0000000008004418       0x1c build_ak-base-kit-stm32l151-application/task.o
                0x0000000008004418                task_entry_interrupt
 .text.task_exit_interrupt
                0x0000000008004434       0x24 build_ak-base-kit-stm32l151-application/task.o
                0x0000000008004434                task_exit_interrupt
 .text.task_init
                0x0000000008004458       0x40 build_ak-base-kit-stm32l151-application/task.o
                0x0000000008004458                task_init
 .text.task_polling_run
                0x0000000008004498       0x34 build_ak-base-kit-stm32l151-application/task.o
                0x0000000008004498                task_polling_run
 .text.task_run
                0x00000000080044cc      0x138 build_ak-base-kit-stm32l151-application/task.o
                0x00000000080044cc                task_run
 .text.get_current_task_id
                0x0000000008004604        0xc build_ak-base-kit-stm32l151-application/task.o
                0x0000000008004604                get_current_task_id
 .text.get_current_task_info
                0x0000000008004610        0x8 build_ak-base-kit-stm32l151-application/task.o
                0x0000000008004610                get_current_task_info
 .text.get_current_active_object
                0x0000000008004618        0x8 build_ak-base-kit-stm32l151-application/task.o
                0x0000000008004618                get_current_active_object
 .text.timer_remove_msg
                0x0000000008004620       0x64 build_ak-base-kit-stm32l151-application/timer.o
 .text.task_timer_tick
                0x0000000008004684       0x7c build_ak-base-kit-stm32l151-application/timer.o
                0x0000000008004684                task_timer_tick
 .text.timer_init
                0x0000000008004700       0x6c build_ak-base-kit-stm32l151-application/timer.o
                0x0000000008004700                timer_init
 .text.timer_tick
                0x000000000800476c       0x38 build_ak-base-kit-stm32l151-application/timer.o
                0x000000000800476c                timer_tick
 .text.timer_set
                0x00000000080047a4       0x98 build_ak-base-kit-stm32l151-application/timer.o
                0x00000000080047a4                timer_set
 .text.timer_remove_attr
                0x000000000800483c       0x18 build_ak-base-kit-stm32l151-application/timer.o
                0x000000000800483c                timer_remove_attr
 .text.free_common_msg
                0x0000000008004854       0x28 build_ak-base-kit-stm32l151-application/message.o
 .text.free_pure_msg
                0x000000000800487c       0x28 build_ak-base-kit-stm32l151-application/message.o
 .text.free_dynamic_msg
                0x00000000080048a4       0x30 build_ak-base-kit-stm32l151-application/message.o
 .text.msg_init
                0x00000000080048d4      0x100 build_ak-base-kit-stm32l151-application/message.o
                0x00000000080048d4                msg_init
 .text.msg_force_free
                0x00000000080049d4       0x44 build_ak-base-kit-stm32l151-application/message.o
                0x00000000080049d4                msg_force_free
 .text.msg_inc_ref_count
                0x0000000008004a18       0x2c build_ak-base-kit-stm32l151-application/message.o
                0x0000000008004a18                msg_inc_ref_count
 .text.msg_dec_ref_count
                0x0000000008004a44       0x28 build_ak-base-kit-stm32l151-application/message.o
                0x0000000008004a44                msg_dec_ref_count
 .text.msg_free
                0x0000000008004a6c       0x58 build_ak-base-kit-stm32l151-application/message.o
                0x0000000008004a6c                msg_free
 .text.ak_malloc
                0x0000000008004ac4       0x50 build_ak-base-kit-stm32l151-application/message.o
                0x0000000008004ac4                ak_malloc
 .text.get_pure_msg
                0x0000000008004b14       0x5c build_ak-base-kit-stm32l151-application/message.o
                0x0000000008004b14                get_pure_msg
 .text.get_common_msg
                0x0000000008004b70       0x60 build_ak-base-kit-stm32l151-application/message.o
                0x0000000008004b70                get_common_msg
 .text.set_data_common_msg
                0x0000000008004bd0       0x4c build_ak-base-kit-stm32l151-application/message.o
                0x0000000008004bd0                set_data_common_msg
 .text.get_data_common_msg
                0x0000000008004c1c       0x28 build_ak-base-kit-stm32l151-application/message.o
                0x0000000008004c1c                get_data_common_msg
 .text.get_data_len_common_msg
                0x0000000008004c44       0x28 build_ak-base-kit-stm32l151-application/message.o
                0x0000000008004c44                get_data_len_common_msg
 .text.get_dynamic_msg
                0x0000000008004c6c       0x64 build_ak-base-kit-stm32l151-application/message.o
                0x0000000008004c6c                get_dynamic_msg
 .text.set_data_dynamic_msg
                0x0000000008004cd0       0x3c build_ak-base-kit-stm32l151-application/message.o
                0x0000000008004cd0                set_data_dynamic_msg
 .text.get_data_dynamic_msg
                0x0000000008004d0c       0x28 build_ak-base-kit-stm32l151-application/message.o
                0x0000000008004d0c                get_data_dynamic_msg
 .text.get_data_len_dynamic_msg
                0x0000000008004d34        0x4 build_ak-base-kit-stm32l151-application/message.o
                0x0000000008004d34                get_data_len_dynamic_msg
 .text.log_queue_init
                0x0000000008004d38       0x2e build_ak-base-kit-stm32l151-application/log_queue.o
                0x0000000008004d38                log_queue_init
 .text.log_queue_len
                0x0000000008004d66        0x4 build_ak-base-kit-stm32l151-application/log_queue.o
                0x0000000008004d66                log_queue_len
 .text.log_queue_put
                0x0000000008004d6a       0x5c build_ak-base-kit-stm32l151-application/log_queue.o
                0x0000000008004d6a                log_queue_put
 .text.log_queue_get
                0x0000000008004dc6       0x30 build_ak-base-kit-stm32l151-application/log_queue.o
                0x0000000008004dc6                log_queue_get
 .text.fifo_init
                0x0000000008004df6       0x12 build_ak-base-kit-stm32l151-application/fifo.o
                0x0000000008004df6                fifo_init
 .text.fifo_availble
                0x0000000008004e08        0x4 build_ak-base-kit-stm32l151-application/fifo.o
                0x0000000008004e08                fifo_availble
 .text.fifo_is_full
                0x0000000008004e0c        0xc build_ak-base-kit-stm32l151-application/fifo.o
                0x0000000008004e0c                fifo_is_full
 .text.fifo_put
                0x0000000008004e18       0x54 build_ak-base-kit-stm32l151-application/fifo.o
                0x0000000008004e18                fifo_put
 .text.fifo_get
                0x0000000008004e6c       0x50 build_ak-base-kit-stm32l151-application/fifo.o
                0x0000000008004e6c                fifo_get
 .text.ring_buffer_char_init
                0x0000000008004ebc        0xc build_ak-base-kit-stm32l151-application/ring_buffer.o
                0x0000000008004ebc                ring_buffer_char_init
 .text.ring_buffer_char_is_empty
                0x0000000008004ec8        0xa build_ak-base-kit-stm32l151-application/ring_buffer.o
                0x0000000008004ec8                ring_buffer_char_is_empty
 .text.ring_buffer_char_put
                0x0000000008004ed2       0x36 build_ak-base-kit-stm32l151-application/ring_buffer.o
                0x0000000008004ed2                ring_buffer_char_put
 .text.ring_buffer_char_get
                0x0000000008004f08       0x26 build_ak-base-kit-stm32l151-application/ring_buffer.o
                0x0000000008004f08                ring_buffer_char_get
 .text.mem_read
                0x0000000008004f2e       0x18 build_ak-base-kit-stm32l151-application/utils.o
                0x0000000008004f2e                mem_read
 .text.mem_write
                0x0000000008004f46       0x1a build_ak-base-kit-stm32l151-application/utils.o
                0x0000000008004f46                mem_write
 .text.ilog10   0x0000000008004f60       0xd8 build_ak-base-kit-stm32l151-application/xprintf.o
 .text.i10x     0x0000000008005038       0x78 build_ak-base-kit-stm32l151-application/xprintf.o
 .text.xfputc   0x00000000080050b0       0x30 build_ak-base-kit-stm32l151-application/xprintf.o
                0x00000000080050b0                xfputc
 .text.xputc    0x00000000080050e0       0x10 build_ak-base-kit-stm32l151-application/xprintf.o
                0x00000000080050e0                xputc
 .text.xvfprintf
                0x00000000080050f0      0x580 build_ak-base-kit-stm32l151-application/xprintf.o
 .text.xprintf  0x0000000008005670       0x24 build_ak-base-kit-stm32l151-application/xprintf.o
                0x0000000008005670                xprintf
 .text.cmd_line_parser
                0x0000000008005694       0x7c build_ak-base-kit-stm32l151-application/cmd_line.o
                0x0000000008005694                cmd_line_parser
 .text.button_init
                0x0000000008005710       0x34 build_ak-base-kit-stm32l151-application/button.o
                0x0000000008005710                button_init
 .text.button_enable
                0x0000000008005744        0x6 build_ak-base-kit-stm32l151-application/button.o
                0x0000000008005744                button_enable
 .text.button_timer_polling
                0x000000000800574a       0x76 build_ak-base-kit-stm32l151-application/button.o
                0x000000000800574a                button_timer_polling
 .text.flash_wait_to_idle
                0x00000000080057c0       0x32 build_ak-base-kit-stm32l151-application/flash.o
 .text.flash_set_write_enable.constprop.0
                0x00000000080057f2       0x14 build_ak-base-kit-stm32l151-application/flash.o
 .text.flash_is_connected
                0x0000000008005806       0x22 build_ak-base-kit-stm32l151-application/flash.o
                0x0000000008005806                flash_is_connected
 .text.flash_read
                0x0000000008005828       0x5e build_ak-base-kit-stm32l151-application/flash.o
                0x0000000008005828                flash_read
 .text.flash_write
                0x0000000008005886       0x6c build_ak-base-kit-stm32l151-application/flash.o
                0x0000000008005886                flash_write
 .text.flash_erase_sector
                0x00000000080058f2       0x48 build_ak-base-kit-stm32l151-application/flash.o
                0x00000000080058f2                flash_erase_sector
 .text.flash_erase_block_64k
                0x000000000800593a       0x46 build_ak-base-kit-stm32l151-application/flash.o
                0x000000000800593a                flash_erase_block_64k
 .text.led_init
                0x0000000008005980       0x20 build_ak-base-kit-stm32l151-application/led.o
                0x0000000008005980                led_init
 .text.led_on   0x00000000080059a0        0xc build_ak-base-kit-stm32l151-application/led.o
                0x00000000080059a0                led_on
 .text.led_off  0x00000000080059ac        0xc build_ak-base-kit-stm32l151-application/led.o
                0x00000000080059ac                led_off
 .text.led_toggle
                0x00000000080059b8       0x12 build_ak-base-kit-stm32l151-application/led.o
                0x00000000080059b8                led_toggle
 *fill*         0x00000000080059ca        0x2 
 .text.sys_dbg_cpu_dump
                0x00000000080059cc       0x4c build_ak-base-kit-stm32l151-application/sys_dbg.o
                0x00000000080059cc                sys_dbg_cpu_dump
 .text.sys_dbg_stack_space_dump
                0x0000000008005a18       0x30 build_ak-base-kit-stm32l151-application/sys_dbg.o
                0x0000000008005a18                sys_dbg_stack_space_dump
 .text.sys_dbg_fatal
                0x0000000008005a48      0x3cc build_ak-base-kit-stm32l151-application/sys_dbg.o
                0x0000000008005a48                sys_dbg_fatal
 .text.sys_boot_init
                0x0000000008005e14       0x14 build_ak-base-kit-stm32l151-application/sys_boot.o
                0x0000000008005e14                sys_boot_init
 .text.sys_boot_get
                0x0000000008005e28        0xc build_ak-base-kit-stm32l151-application/sys_boot.o
                0x0000000008005e28                sys_boot_get
 .text.sys_boot_set
                0x0000000008005e34       0x34 build_ak-base-kit-stm32l151-application/sys_boot.o
                0x0000000008005e34                sys_boot_set
 .text.vMBPAssert
                0x0000000008005e68       0x1c build_ak-base-kit-stm32l151-application/mbportother.o
                0x0000000008005e68                vMBPAssert
 .text.vMBPUSART2ISR
                0x0000000008005e84       0xec build_ak-base-kit-stm32l151-application/mbportserial.o
                0x0000000008005e84                vMBPUSART2ISR
 .text.GPIO_Init
                0x0000000008005f70       0x78 build_ak-base-kit-stm32l151-application/stm32l1xx_gpio.o
                0x0000000008005f70                GPIO_Init
 .text.GPIO_ReadInputDataBit
                0x0000000008005fe8        0xc build_ak-base-kit-stm32l151-application/stm32l1xx_gpio.o
                0x0000000008005fe8                GPIO_ReadInputDataBit
 .text.GPIO_SetBits
                0x0000000008005ff4        0x4 build_ak-base-kit-stm32l151-application/stm32l1xx_gpio.o
                0x0000000008005ff4                GPIO_SetBits
 .text.GPIO_ResetBits
                0x0000000008005ff8        0x4 build_ak-base-kit-stm32l151-application/stm32l1xx_gpio.o
                0x0000000008005ff8                GPIO_ResetBits
 .text.GPIO_PinAFConfig
                0x0000000008005ffc       0x24 build_ak-base-kit-stm32l151-application/stm32l1xx_gpio.o
                0x0000000008005ffc                GPIO_PinAFConfig
 .text.RCC_HSICmd
                0x0000000008006020        0xc build_ak-base-kit-stm32l151-application/stm32l1xx_rcc.o
                0x0000000008006020                RCC_HSICmd
 .text.RCC_GetClocksFreq
                0x000000000800602c       0x9c build_ak-base-kit-stm32l151-application/stm32l1xx_rcc.o
                0x000000000800602c                RCC_GetClocksFreq
 .text.RCC_AHBPeriphClockCmd
                0x00000000080060c8       0x18 build_ak-base-kit-stm32l151-application/stm32l1xx_rcc.o
                0x00000000080060c8                RCC_AHBPeriphClockCmd
 .text.RCC_APB2PeriphClockCmd
                0x00000000080060e0       0x18 build_ak-base-kit-stm32l151-application/stm32l1xx_rcc.o
                0x00000000080060e0                RCC_APB2PeriphClockCmd
 .text.RCC_APB1PeriphClockCmd
                0x00000000080060f8       0x18 build_ak-base-kit-stm32l151-application/stm32l1xx_rcc.o
                0x00000000080060f8                RCC_APB1PeriphClockCmd
 .text.RCC_GetFlagStatus
                0x0000000008006110       0x20 build_ak-base-kit-stm32l151-application/stm32l1xx_rcc.o
                0x0000000008006110                RCC_GetFlagStatus
 .text.USART_Init
                0x0000000008006130       0xa4 build_ak-base-kit-stm32l151-application/stm32l1xx_usart.o
                0x0000000008006130                USART_Init
 .text.USART_Cmd
                0x00000000080061d4       0x18 build_ak-base-kit-stm32l151-application/stm32l1xx_usart.o
                0x00000000080061d4                USART_Cmd
 .text.USART_SendData
                0x00000000080061ec        0x8 build_ak-base-kit-stm32l151-application/stm32l1xx_usart.o
                0x00000000080061ec                USART_SendData
 .text.USART_ReceiveData
                0x00000000080061f4        0x8 build_ak-base-kit-stm32l151-application/stm32l1xx_usart.o
                0x00000000080061f4                USART_ReceiveData
 .text.USART_ITConfig
                0x00000000080061fc       0x30 build_ak-base-kit-stm32l151-application/stm32l1xx_usart.o
                0x00000000080061fc                USART_ITConfig
 .text.USART_GetFlagStatus
                0x000000000800622c        0xc build_ak-base-kit-stm32l151-application/stm32l1xx_usart.o
                0x000000000800622c                USART_GetFlagStatus
 .text.USART_GetITStatus
                0x0000000008006238       0x3e build_ak-base-kit-stm32l151-application/stm32l1xx_usart.o
                0x0000000008006238                USART_GetITStatus
 .text.USART_ClearITPendingBit
                0x0000000008006276        0xe build_ak-base-kit-stm32l151-application/stm32l1xx_usart.o
                0x0000000008006276                USART_ClearITPendingBit
 .text.SPI_I2S_ReceiveData
                0x0000000008006284        0x6 build_ak-base-kit-stm32l151-application/stm32l1xx_spi.o
                0x0000000008006284                SPI_I2S_ReceiveData
 .text.SPI_I2S_SendData
                0x000000000800628a        0x4 build_ak-base-kit-stm32l151-application/stm32l1xx_spi.o
                0x000000000800628a                SPI_I2S_SendData
 .text.SPI_I2S_GetFlagStatus
                0x000000000800628e        0xc build_ak-base-kit-stm32l151-application/stm32l1xx_spi.o
                0x000000000800628e                SPI_I2S_GetFlagStatus
 *fill*         0x000000000800629a        0x2 
 .text.NVIC_PriorityGroupConfig
                0x000000000800629c       0x14 build_ak-base-kit-stm32l151-application/misc.o
                0x000000000800629c                NVIC_PriorityGroupConfig
 .text.NVIC_Init
                0x00000000080062b0       0x58 build_ak-base-kit-stm32l151-application/misc.o
                0x00000000080062b0                NVIC_Init
 .text.EXTI_GetFlagStatus
                0x0000000008006308       0x14 build_ak-base-kit-stm32l151-application/stm32l1xx_exti.o
                0x0000000008006308                EXTI_GetFlagStatus
 .text.EXTI_GetITStatus
                0x000000000800631c        0x4 build_ak-base-kit-stm32l151-application/stm32l1xx_exti.o
                0x000000000800631c                EXTI_GetITStatus
 .text.EXTI_ClearITPendingBit
                0x0000000008006320        0xc build_ak-base-kit-stm32l151-application/stm32l1xx_exti.o
                0x0000000008006320                EXTI_ClearITPendingBit
 .text.TIM_TimeBaseInit
                0x000000000800632c       0x58 build_ak-base-kit-stm32l151-application/stm32l1xx_tim.o
                0x000000000800632c                TIM_TimeBaseInit
 .text.TIM_Cmd  0x0000000008006384       0x18 build_ak-base-kit-stm32l151-application/stm32l1xx_tim.o
                0x0000000008006384                TIM_Cmd
 .text.TIM_ITConfig
                0x000000000800639c       0x12 build_ak-base-kit-stm32l151-application/stm32l1xx_tim.o
                0x000000000800639c                TIM_ITConfig
 .text.TIM_GetITStatus
                0x00000000080063ae       0x16 build_ak-base-kit-stm32l151-application/stm32l1xx_tim.o
                0x00000000080063ae                TIM_GetITStatus
 .text.TIM_ClearITPendingBit
                0x00000000080063c4        0x8 build_ak-base-kit-stm32l151-application/stm32l1xx_tim.o
                0x00000000080063c4                TIM_ClearITPendingBit
 .text.ADC_Init
                0x00000000080063cc       0x4c build_ak-base-kit-stm32l151-application/stm32l1xx_adc.o
                0x00000000080063cc                ADC_Init
 .text.ADC_Cmd  0x0000000008006418       0x12 build_ak-base-kit-stm32l151-application/stm32l1xx_adc.o
                0x0000000008006418                ADC_Cmd
 *fill*         0x000000000800642a        0x2 
 .text.ADC_TempSensorVrefintCmd
                0x000000000800642c       0x18 build_ak-base-kit-stm32l151-application/stm32l1xx_adc.o
                0x000000000800642c                ADC_TempSensorVrefintCmd
 .text.ADC_RegularChannelConfig
                0x0000000008006444      0x104 build_ak-base-kit-stm32l151-application/stm32l1xx_adc.o
                0x0000000008006444                ADC_RegularChannelConfig
 .text.ADC_SoftwareStartConv
                0x0000000008006548        0xa build_ak-base-kit-stm32l151-application/stm32l1xx_adc.o
                0x0000000008006548                ADC_SoftwareStartConv
 .text.ADC_GetConversionValue
                0x0000000008006552        0x6 build_ak-base-kit-stm32l151-application/stm32l1xx_adc.o
                0x0000000008006552                ADC_GetConversionValue
 .text.ADC_GetFlagStatus
                0x0000000008006558        0xc build_ak-base-kit-stm32l151-application/stm32l1xx_adc.o
                0x0000000008006558                ADC_GetFlagStatus
 .text.PWR_UltraLowPowerCmd
                0x0000000008006564        0xc build_ak-base-kit-stm32l151-application/stm32l1xx_pwr.o
                0x0000000008006564                PWR_UltraLowPowerCmd
 .text.PWR_EnterSTOPMode
                0x0000000008006570       0x34 build_ak-base-kit-stm32l151-application/stm32l1xx_pwr.o
                0x0000000008006570                PWR_EnterSTOPMode
 .text.FLASH_Lock
                0x00000000080065a4       0x10 build_ak-base-kit-stm32l151-application/stm32l1xx_flash.o
                0x00000000080065a4                FLASH_Lock
 .text.DATA_EEPROM_Unlock
                0x00000000080065b4       0x20 build_ak-base-kit-stm32l151-application/stm32l1xx_flash.o
                0x00000000080065b4                DATA_EEPROM_Unlock
 .text.FLASH_Unlock
                0x00000000080065d4       0x2c build_ak-base-kit-stm32l151-application/stm32l1xx_flash.o
                0x00000000080065d4                FLASH_Unlock
 .text.DATA_EEPROM_Lock
                0x0000000008006600       0x10 build_ak-base-kit-stm32l151-application/stm32l1xx_flash.o
                0x0000000008006600                DATA_EEPROM_Lock
 .text.FLASH_OB_Unlock
                0x0000000008006610       0x2c build_ak-base-kit-stm32l151-application/stm32l1xx_flash.o
                0x0000000008006610                FLASH_OB_Unlock
 .text.FLASH_OB_Launch
                0x000000000800663c       0x10 build_ak-base-kit-stm32l151-application/stm32l1xx_flash.o
                0x000000000800663c                FLASH_OB_Launch
 .text.FLASH_OB_GetBOR
                0x000000000800664c       0x10 build_ak-base-kit-stm32l151-application/stm32l1xx_flash.o
                0x000000000800664c                FLASH_OB_GetBOR
 .text.FLASH_ClearFlag
                0x000000000800665c        0xc build_ak-base-kit-stm32l151-application/stm32l1xx_flash.o
                0x000000000800665c                FLASH_ClearFlag
 .text.FLASH_GetStatus
                0x0000000008006668       0x28 build_ak-base-kit-stm32l151-application/stm32l1xx_flash.o
                0x0000000008006668                FLASH_GetStatus
 .text.FLASH_WaitForLastOperation
                0x0000000008006690       0x3c build_ak-base-kit-stm32l151-application/stm32l1xx_flash.o
                0x0000000008006690                FLASH_WaitForLastOperation
 .text.FLASH_ErasePage
                0x00000000080066cc       0x44 build_ak-base-kit-stm32l151-application/stm32l1xx_flash.o
                0x00000000080066cc                FLASH_ErasePage
 .text.FLASH_FastProgramWord
                0x0000000008006710       0x22 build_ak-base-kit-stm32l151-application/stm32l1xx_flash.o
                0x0000000008006710                FLASH_FastProgramWord
 .text.DATA_EEPROM_EraseWord
                0x0000000008006732       0x16 build_ak-base-kit-stm32l151-application/stm32l1xx_flash.o
                0x0000000008006732                DATA_EEPROM_EraseWord
 .text.DATA_EEPROM_FastProgramWord
                0x0000000008006748       0x30 build_ak-base-kit-stm32l151-application/stm32l1xx_flash.o
                0x0000000008006748                DATA_EEPROM_FastProgramWord
 .text.DATA_EEPROM_ProgramByte
                0x0000000008006778       0x4c build_ak-base-kit-stm32l151-application/stm32l1xx_flash.o
                0x0000000008006778                DATA_EEPROM_ProgramByte
 .text.FLASH_OB_BORConfig
                0x00000000080067c4       0x3c build_ak-base-kit-stm32l151-application/stm32l1xx_flash.o
                0x00000000080067c4                FLASH_OB_BORConfig
 .text.IWDG_WriteAccessCmd
                0x0000000008006800        0xc build_ak-base-kit-stm32l151-application/stm32l1xx_iwdg.o
                0x0000000008006800                IWDG_WriteAccessCmd
 .text.IWDG_SetPrescaler
                0x000000000800680c        0xc build_ak-base-kit-stm32l151-application/stm32l1xx_iwdg.o
                0x000000000800680c                IWDG_SetPrescaler
 .text.IWDG_SetReload
                0x0000000008006818        0xc build_ak-base-kit-stm32l151-application/stm32l1xx_iwdg.o
                0x0000000008006818                IWDG_SetReload
 .text.IWDG_ReloadCounter
                0x0000000008006824       0x10 build_ak-base-kit-stm32l151-application/stm32l1xx_iwdg.o
                0x0000000008006824                IWDG_ReloadCounter
 .text.IWDG_Enable
                0x0000000008006834       0x10 build_ak-base-kit-stm32l151-application/stm32l1xx_iwdg.o
                0x0000000008006834                IWDG_Enable
 .text.disable_interrupts
                0x0000000008006844       0x10 build_ak-base-kit-stm32l151-application/platform.o
                0x0000000008006844                disable_interrupts
 .text.entry_critical
                0x0000000008006854       0x14 build_ak-base-kit-stm32l151-application/platform.o
                0x0000000008006854                entry_critical
 .text.exit_critical
                0x0000000008006868       0x30 build_ak-base-kit-stm32l151-application/platform.o
                0x0000000008006868                exit_critical
 .text.default_handler
                0x0000000008006898       0x1c build_ak-base-kit-stm32l151-application/system.o
                0x0000000008006898                svc_handler
                0x0000000008006898                default_handler
                0x0000000008006898                dg_monitor_handler
                0x0000000008006898                pendsv_handler
 .text.nmi_handler
                0x00000000080068b4       0x1c build_ak-base-kit-stm32l151-application/system.o
                0x00000000080068b4                nmi_handler
 .text.hard_fault_handler
                0x00000000080068d0       0x1c build_ak-base-kit-stm32l151-application/system.o
                0x00000000080068d0                hard_fault_handler
 .text.mem_manage_handler
                0x00000000080068ec       0x1c build_ak-base-kit-stm32l151-application/system.o
                0x00000000080068ec                mem_manage_handler
 .text.bus_fault_handler
                0x0000000008006908       0x1c build_ak-base-kit-stm32l151-application/system.o
                0x0000000008006908                bus_fault_handler
 .text.usage_fault_handler
                0x0000000008006924       0x1c build_ak-base-kit-stm32l151-application/system.o
                0x0000000008006924                usage_fault_handler
 .text.systick_handler
                0x0000000008006940       0x40 build_ak-base-kit-stm32l151-application/system.o
                0x0000000008006940                systick_handler
 .text.uart1_irq
                0x0000000008006980       0x64 build_ak-base-kit-stm32l151-application/system.o
                0x0000000008006980                uart1_irq
 .text.exti_line1_irq
                0x00000000080069e4       0x1a build_ak-base-kit-stm32l151-application/system.o
                0x00000000080069e4                exti_line1_irq
 *fill*         0x00000000080069fe        0x2 
 .text.timer7_irq
                0x0000000008006a00       0x24 build_ak-base-kit-stm32l151-application/system.o
                0x0000000008006a00                timer7_irq
 .text.sys_ctrl_delay
                0x0000000008006a24        0xc build_ak-base-kit-stm32l151-application/system.o
                0x0000000008006a24                sys_ctrl_delay
 .text.sys_ctrl_millis
                0x0000000008006a30       0x1c build_ak-base-kit-stm32l151-application/system.o
                0x0000000008006a30                sys_ctrl_millis
 .text._init    0x0000000008006a4c        0x2 build_ak-base-kit-stm32l151-application/system.o
                0x0000000008006a4c                _init
 .text._fini    0x0000000008006a4e        0x2 build_ak-base-kit-stm32l151-application/system.o
                0x0000000008006a4e                _fini
 .text.sys_stack_count_init
                0x0000000008006a50       0x3c build_ak-base-kit-stm32l151-application/system.o
                0x0000000008006a50                sys_stack_count_init
 .text.reset_handler
                0x0000000008006a8c       0xc8 build_ak-base-kit-stm32l151-application/system.o
                0x0000000008006a8c                reset_handler
 .text.sys_stack_usage
                0x0000000008006b54       0x20 build_ak-base-kit-stm32l151-application/system.o
                0x0000000008006b54                sys_stack_usage
 .text.sys_stack_get_size
                0x0000000008006b74        0xc build_ak-base-kit-stm32l151-application/system.o
                0x0000000008006b74                sys_stack_get_size
 .text.sys_ctrl_shell_put_char_block
                0x0000000008006b80       0x2c build_ak-base-kit-stm32l151-application/sys_cfg.o
                0x0000000008006b80                sys_ctrl_shell_put_char_block
 .text.sys_cfg_clock
                0x0000000008006bac       0x22 build_ak-base-kit-stm32l151-application/sys_cfg.o
                0x0000000008006bac                sys_cfg_clock
 *fill*         0x0000000008006bce        0x2 
 .text.sys_cfg_tick
                0x0000000008006bd0       0x50 build_ak-base-kit-stm32l151-application/sys_cfg.o
                0x0000000008006bd0                sys_cfg_tick
 .text.sys_cfg_svc
                0x0000000008006c20       0x30 build_ak-base-kit-stm32l151-application/sys_cfg.o
                0x0000000008006c20                sys_cfg_svc
 .text.sys_cfg_pendsv
                0x0000000008006c50       0x34 build_ak-base-kit-stm32l151-application/sys_cfg.o
                0x0000000008006c50                sys_cfg_pendsv
 .text.sys_cfg_update_info
                0x0000000008006c84      0x108 build_ak-base-kit-stm32l151-application/sys_cfg.o
                0x0000000008006c84                sys_cfg_update_info
 .text.sys_ctrl_shell_sw_to_block
                0x0000000008006d8c       0x38 build_ak-base-kit-stm32l151-application/sys_cfg.o
                0x0000000008006d8c                sys_ctrl_shell_sw_to_block
 .text.sys_cfg_console
                0x0000000008006dc4       0xd8 build_ak-base-kit-stm32l151-application/sys_cfg.o
                0x0000000008006dc4                sys_cfg_console
 .text.sys_ctrl_shell_get_char
                0x0000000008006e9c       0x34 build_ak-base-kit-stm32l151-application/sys_cfg.o
                0x0000000008006e9c                sys_ctrl_shell_get_char
 .text.sys_ctrl_reset
                0x0000000008006ed0       0x20 build_ak-base-kit-stm32l151-application/sys_cfg.o
                0x0000000008006ed0                sys_ctrl_reset
 .text.sys_ctrl_delay_us
                0x0000000008006ef0       0x58 build_ak-base-kit-stm32l151-application/sys_cfg.o
                0x0000000008006ef0                sys_ctrl_delay_us
 .text.sys_ctrl_delay_ms
                0x0000000008006f48       0x1e build_ak-base-kit-stm32l151-application/sys_cfg.o
                0x0000000008006f48                sys_ctrl_delay_ms
 *fill*         0x0000000008006f66        0x2 
 .text.sys_ctr_stop_mcu
                0x0000000008006f68       0xa8 build_ak-base-kit-stm32l151-application/sys_cfg.o
                0x0000000008006f68                sys_ctr_stop_mcu
 .text.sys_ctrl_independent_watchdog_init
                0x0000000008007010       0x24 build_ak-base-kit-stm32l151-application/sys_cfg.o
                0x0000000008007010                sys_ctrl_independent_watchdog_init
 .text.sys_ctrl_independent_watchdog_reset
                0x0000000008007034       0x12 build_ak-base-kit-stm32l151-application/sys_cfg.o
                0x0000000008007034                sys_ctrl_independent_watchdog_reset
 *fill*         0x0000000008007046        0x2 
 .text.sys_ctrl_soft_watchdog_init
                0x0000000008007048       0x68 build_ak-base-kit-stm32l151-application/sys_cfg.o
                0x0000000008007048                sys_ctrl_soft_watchdog_init
 .text.sys_ctrl_soft_watchdog_reset
                0x00000000080070b0       0x18 build_ak-base-kit-stm32l151-application/sys_cfg.o
                0x00000000080070b0                sys_ctrl_soft_watchdog_reset
 .text.sys_ctrl_soft_watchdog_increase_counter
                0x00000000080070c8       0x40 build_ak-base-kit-stm32l151-application/sys_cfg.o
                0x00000000080070c8                sys_ctrl_soft_watchdog_increase_counter
 .text.sys_ctrl_get_firmware_info
                0x0000000008007108       0x40 build_ak-base-kit-stm32l151-application/sys_cfg.o
                0x0000000008007108                sys_ctrl_get_firmware_info
 .text.task_irq_io_entry_trigger
                0x0000000008007148        0x2 build_ak-base-kit-stm32l151-application/sys_cfg.o
                0x0000000008007148                task_irq_io_entry_trigger
 .text.task_irq_io_exit_trigger
                0x000000000800714a        0x2 build_ak-base-kit-stm32l151-application/sys_cfg.o
                0x000000000800714a                task_irq_io_exit_trigger
 .text.io_button_mode_init
                0x000000000800714c       0x28 build_ak-base-kit-stm32l151-application/io_cfg.o
                0x000000000800714c                io_button_mode_init
 .text.io_button_up_init
                0x0000000008007174       0x28 build_ak-base-kit-stm32l151-application/io_cfg.o
                0x0000000008007174                io_button_up_init
 .text.io_button_down_init
                0x000000000800719c       0x28 build_ak-base-kit-stm32l151-application/io_cfg.o
                0x000000000800719c                io_button_down_init
 .text.io_button_mode_read
                0x00000000080071c4        0xc build_ak-base-kit-stm32l151-application/io_cfg.o
                0x00000000080071c4                io_button_mode_read
 .text.io_button_up_read
                0x00000000080071d0       0x10 build_ak-base-kit-stm32l151-application/io_cfg.o
                0x00000000080071d0                io_button_up_read
 .text.io_button_down_read
                0x00000000080071e0        0xc build_ak-base-kit-stm32l151-application/io_cfg.o
                0x00000000080071e0                io_button_down_read
 .text.led_life_init
                0x00000000080071ec       0x28 build_ak-base-kit-stm32l151-application/io_cfg.o
                0x00000000080071ec                led_life_init
 .text.led_life_on
                0x0000000008007214       0x10 build_ak-base-kit-stm32l151-application/io_cfg.o
                0x0000000008007214                led_life_on
 .text.led_life_off
                0x0000000008007224       0x10 build_ak-base-kit-stm32l151-application/io_cfg.o
                0x0000000008007224                led_life_off
 .text.flash_io_ctrl_init
                0x0000000008007234       0x28 build_ak-base-kit-stm32l151-application/io_cfg.o
                0x0000000008007234                flash_io_ctrl_init
 .text.flash_cs_low
                0x000000000800725c       0x10 build_ak-base-kit-stm32l151-application/io_cfg.o
                0x000000000800725c                flash_cs_low
 .text.flash_cs_high
                0x000000000800726c       0x10 build_ak-base-kit-stm32l151-application/io_cfg.o
                0x000000000800726c                flash_cs_high
 .text.flash_transfer
                0x000000000800727c       0x98 build_ak-base-kit-stm32l151-application/io_cfg.o
                0x000000000800727c                flash_transfer
 .text.io_cfg_adc1
                0x0000000008007314       0x48 build_ak-base-kit-stm32l151-application/io_cfg.o
                0x0000000008007314                io_cfg_adc1
 .text.adc_bat_io_cfg
                0x000000000800735c       0x2c build_ak-base-kit-stm32l151-application/io_cfg.o
                0x000000000800735c                adc_bat_io_cfg
 .text.sys_ctr_get_vbat_voltage
                0x0000000008007388       0x90 build_ak-base-kit-stm32l151-application/io_cfg.o
                0x0000000008007388                sys_ctr_get_vbat_voltage
 .text.sys_ctr_get_mcu_temperature
                0x0000000008007418       0x6c build_ak-base-kit-stm32l151-application/io_cfg.o
                0x0000000008007418                sys_ctr_get_mcu_temperature
 .text.io_eeprom_read
                0x0000000008007484       0x34 build_ak-base-kit-stm32l151-application/io_cfg.o
                0x0000000008007484                io_eeprom_read
 .text.io_eeprom_erase
                0x00000000080074b8       0x4c build_ak-base-kit-stm32l151-application/io_cfg.o
                0x00000000080074b8                io_eeprom_erase
 .text.internal_flash_unlock
                0x0000000008007504       0x12 build_ak-base-kit-stm32l151-application/io_cfg.o
                0x0000000008007504                internal_flash_unlock
 .text.internal_flash_lock
                0x0000000008007516        0x4 build_ak-base-kit-stm32l151-application/io_cfg.o
                0x0000000008007516                internal_flash_lock
 .text.internal_flash_erase_pages_cal
                0x000000000800751a       0x24 build_ak-base-kit-stm32l151-application/io_cfg.o
                0x000000000800751a                internal_flash_erase_pages_cal
 .text.internal_flash_write_cal
                0x000000000800753e       0x48 build_ak-base-kit-stm32l151-application/io_cfg.o
                0x000000000800753e                internal_flash_write_cal
 *fill*         0x0000000008007586        0x2 
 .text.io_rs485_dir_low
                0x0000000008007588        0xc build_ak-base-kit-stm32l151-application/io_cfg.o
                0x0000000008007588                io_rs485_dir_low
 .text.SystemInit
                0x0000000008007594      0x114 build_ak-base-kit-stm32l151-application/system_stm32l1xx.o
                0x0000000008007594                SystemInit
 .text.SystemCoreClockUpdate
                0x00000000080076a8       0x88 build_ak-base-kit-stm32l151-application/system_stm32l1xx.o
                0x00000000080076a8                SystemCoreClockUpdate
 .text._Z11task_systemP8ak_msg_t
                0x0000000008007730       0x44 build_ak-base-kit-stm32l151-application/task_system.o
                0x0000000008007730                task_system(ak_msg_t*)
 .text.main_app
                0x0000000008007774      0x18c build_ak-base-kit-stm32l151-application/app.o
                0x0000000008007774                main_app
 .text._Z20task_polling_consolev
                0x0000000008007900       0xd8 build_ak-base-kit-stm32l151-application/app.o
                0x0000000008007900                task_polling_console()
 .text.sys_irq_timer_10ms
                0x00000000080079d8       0x24 build_ak-base-kit-stm32l151-application/app.o
                0x00000000080079d8                sys_irq_timer_10ms
 .text._Z17btn_mode_callbackPv
                0x00000000080079fc       0x3c build_ak-base-kit-stm32l151-application/app_bsp.o
                0x00000000080079fc                btn_mode_callback(void*)
 .text._Z15btn_up_callbackPv
                0x0000000008007a38       0x3c build_ak-base-kit-stm32l151-application/app_bsp.o
                0x0000000008007a38                btn_up_callback(void*)
 .text._Z17btn_down_callbackPv
                0x0000000008007a74       0x3c build_ak-base-kit-stm32l151-application/app_bsp.o
                0x0000000008007a74                btn_down_callback(void*)
 .text._ZL19str_parser_get_attrh
                0x0000000008007ab0       0x1c build_ak-base-kit-stm32l151-application/shell.o
 .text._Z9shell_sttPh
                0x0000000008007acc        0x4 build_ak-base-kit-stm32l151-application/shell.o
                0x0000000008007acc                shell_stt(unsigned char*)
 .text._Z9shell_psvPh
                0x0000000008007ad0       0x14 build_ak-base-kit-stm32l151-application/shell.o
                0x0000000008007ad0                shell_psv(unsigned char*)
 .text._Z11shell_resetPh
                0x0000000008007ae4       0x10 build_ak-base-kit-stm32l151-application/shell.o
                0x0000000008007ae4                shell_reset(unsigned char*)
 .text._Z10shell_helpPh
                0x0000000008007af4       0x30 build_ak-base-kit-stm32l151-application/shell.o
                0x0000000008007af4                shell_help(unsigned char*)
 .text._Z12shell_modbusPh
                0x0000000008007b24       0x1c build_ak-base-kit-stm32l151-application/shell.o
                0x0000000008007b24                shell_modbus(unsigned char*)
 .text._Z9shell_verPh
                0x0000000008007b40      0x118 build_ak-base-kit-stm32l151-application/shell.o
                0x0000000008007b40                shell_ver(unsigned char*)
 .text._Z12shell_rebootPh
                0x0000000008007c58       0x10 build_ak-base-kit-stm32l151-application/shell.o
                0x0000000008007c58                shell_reboot(unsigned char*)
 .text._ZL10str_parserPc
                0x0000000008007c68       0x60 build_ak-base-kit-stm32l151-application/shell.o
 .text._Z11shell_fatalPh
                0x0000000008007cc8      0x2f4 build_ak-base-kit-stm32l151-application/shell.o
                0x0000000008007cc8                shell_fatal(unsigned char*)
 .text._Z11shell_flashPh
                0x0000000008007fbc      0x150 build_ak-base-kit-stm32l151-application/shell.o
                0x0000000008007fbc                shell_flash(unsigned char*)
 .text._Z9shell_epsPh
                0x000000000800810c       0xd0 build_ak-base-kit-stm32l151-application/shell.o
                0x000000000800810c                shell_eps(unsigned char*)
 .text._Z9shell_ramPh
                0x00000000080081dc      0x20c build_ak-base-kit-stm32l151-application/shell.o
                0x00000000080081dc                shell_ram(unsigned char*)
 .text._Z10shell_bootPh
                0x00000000080083e8       0xdc build_ak-base-kit-stm32l151-application/shell.o
                0x00000000080083e8                shell_boot(unsigned char*)
 .text._Z9shell_fwuPh
                0x00000000080084c4       0x34 build_ak-base-kit-stm32l151-application/shell.o
                0x00000000080084c4                shell_fwu(unsigned char*)
 .text._Z9shell_dbgPh
                0x00000000080084f8       0x38 build_ak-base-kit-stm32l151-application/shell.o
                0x00000000080084f8                shell_dbg(unsigned char*)
 .text._Z9shell_epiPh
                0x0000000008008530        0x4 build_ak-base-kit-stm32l151-application/shell.o
                0x0000000008008530                shell_epi(unsigned char*)
 .text._Z9shell_lcdPh
                0x0000000008008534       0x98 build_ak-base-kit-stm32l151-application/shell.o
                0x0000000008008534                shell_lcd(unsigned char*)
 .text.sys_irq_shell
                0x00000000080085cc       0x2c build_ak-base-kit-stm32l151-application/task_shell.o
                0x00000000080085cc                sys_irq_shell
 .text._Z10task_shellP8ak_msg_t
                0x00000000080085f8       0x7c build_ak-base-kit-stm32l151-application/task_shell.o
                0x00000000080085f8                task_shell(ak_msg_t*)
 .text._Z9task_lifeP8ak_msg_t
                0x0000000008008674       0x20 build_ak-base-kit-stm32l151-application/task_life.o
                0x0000000008008674                task_life(ak_msg_t*)
 .text._Z7task_fwP8ak_msg_t
                0x0000000008008694      0x490 build_ak-base-kit-stm32l151-application/task_fw.o
                0x0000000008008694                task_fw(ak_msg_t*)
 .text._Z12task_displayP8ak_msg_t
                0x0000000008008b24        0x4 build_ak-base-kit-stm32l151-application/task_display.o
                0x0000000008008b24                task_display(ak_msg_t*)
 .text._Z7task_ifP8ak_msg_t
                0x0000000008008b28       0xe0 build_ak-base-kit-stm32l151-application/task_if.o
                0x0000000008008b28                task_if(ak_msg_t*)
 .text._Z12task_uart_ifP8ak_msg_t
                0x0000000008008c08       0xc0 build_ak-base-kit-stm32l151-application/task_uart_if.o
                0x0000000008008c08                task_uart_if(ak_msg_t*)
 .text._Z8task_dbgP8ak_msg_t
                0x0000000008008cc8        0x2 build_ak-base-kit-stm32l151-application/task_dbg.o
                0x0000000008008cc8                task_dbg(ak_msg_t*)
 .text._ZL19view_render_dynamicPv
                0x0000000008008cca        0xa build_ak-base-kit-stm32l151-application/view_render.o
 .text.startup._GLOBAL__sub_I_view_render
                0x0000000008008cd4        0xc build_ak-base-kit-stm32l151-application/view_render.o
 .text.exit._GLOBAL__sub_D_view_render
                0x0000000008008ce0        0xc build_ak-base-kit-stm32l151-application/view_render.o
 .text._Z18view_render_screenP13view_screen_t
                0x0000000008008cec       0x68 build_ak-base-kit-stm32l151-application/view_render.o
                0x0000000008008cec                view_render_screen(view_screen_t*)
 .text._ZL21view_render_rectanglePv
                0x0000000008008d54       0xe0 build_ak-base-kit-stm32l151-application/view_render.o
 .text._Z16scr_mng_dispatchP8ak_msg_t
                0x0000000008008e34       0x48 build_ak-base-kit-stm32l151-application/screen_manager.o
                0x0000000008008e34                scr_mng_dispatch(ak_msg_t*)
 .text._ZN12Adafruit_GFX8drawLineEsssst
                0x0000000008008e7c       0xbe build_ak-base-kit-stm32l151-application/Adafruit_GFX.o
                0x0000000008008e7c                Adafruit_GFX::drawLine(short, short, short, short, unsigned short)
 .text._ZN12Adafruit_GFX8drawRectEsssst
                0x0000000008008f3a       0x68 build_ak-base-kit-stm32l151-application/Adafruit_GFX.o
                0x0000000008008f3a                Adafruit_GFX::drawRect(short, short, short, short, unsigned short)
 .text._ZN12Adafruit_GFX13drawFastVLineEssst
                0x0000000008008fa2       0x1c build_ak-base-kit-stm32l151-application/Adafruit_GFX.o
                0x0000000008008fa2                Adafruit_GFX::drawFastVLine(short, short, short, unsigned short)
 .text._ZN12Adafruit_GFX13drawFastHLineEssst
                0x0000000008008fbe       0x1a build_ak-base-kit-stm32l151-application/Adafruit_GFX.o
                0x0000000008008fbe                Adafruit_GFX::drawFastHLine(short, short, short, unsigned short)
 .text._ZN12Adafruit_GFX8fillRectEsssst
                0x0000000008008fd8       0x38 build_ak-base-kit-stm32l151-application/Adafruit_GFX.o
                0x0000000008008fd8                Adafruit_GFX::fillRect(short, short, short, short, unsigned short)
 .text._ZN12Adafruit_GFX10fillScreenEt
                0x0000000008009010       0x1c build_ak-base-kit-stm32l151-application/Adafruit_GFX.o
                0x0000000008009010                Adafruit_GFX::fillScreen(unsigned short)
 .text._ZN12Adafruit_GFXC2Ess
                0x000000000800902c       0x28 build_ak-base-kit-stm32l151-application/Adafruit_GFX.o
                0x000000000800902c                Adafruit_GFX::Adafruit_GFX(short, short)
                0x000000000800902c                Adafruit_GFX::Adafruit_GFX(short, short)
 .text._ZN12Adafruit_GFX8drawCharEsshtth
                0x0000000008009054      0x108 build_ak-base-kit-stm32l151-application/Adafruit_GFX.o
                0x0000000008009054                Adafruit_GFX::drawChar(short, short, unsigned char, unsigned short, unsigned short, unsigned char)
 .text._ZN12Adafruit_GFX5writeEh
                0x000000000800915c       0x64 build_ak-base-kit-stm32l151-application/Adafruit_GFX.o
                0x000000000800915c                Adafruit_GFX::write(unsigned char)
 .text._ZN12Adafruit_GFX9setCursorEss
                0x00000000080091c0        0x6 build_ak-base-kit-stm32l151-application/Adafruit_GFX.o
                0x00000000080091c0                Adafruit_GFX::setCursor(short, short)
 .text._ZN12Adafruit_GFX11setTextSizeEh
                0x00000000080091c6        0xa build_ak-base-kit-stm32l151-application/Adafruit_GFX.o
                0x00000000080091c6                Adafruit_GFX::setTextSize(unsigned char)
 .text._ZN12Adafruit_GFX12setTextColorEt
                0x00000000080091d0        0x6 build_ak-base-kit-stm32l151-application/Adafruit_GFX.o
                0x00000000080091d0                Adafruit_GFX::setTextColor(unsigned short)
 .text._ZN12Adafruit_GFX5widthEv
                0x00000000080091d6        0x6 build_ak-base-kit-stm32l151-application/Adafruit_GFX.o
                0x00000000080091d6                Adafruit_GFX::width()
 .text._ZN12Adafruit_GFX6heightEv
                0x00000000080091dc        0x6 build_ak-base-kit-stm32l151-application/Adafruit_GFX.o
                0x00000000080091dc                Adafruit_GFX::height()
 .text._ZN19Adafruit_ssd1306syp6updateEv
                0x00000000080091e2        0x2 build_ak-base-kit-stm32l151-application/Adafruit_ssd1306syp.o
                0x00000000080091e2                Adafruit_ssd1306syp::display_on()
                0x00000000080091e2                Adafruit_ssd1306syp::update()
 .text._ZN19Adafruit_ssd1306syp9updateRowEi
                0x00000000080091e4        0x2 build_ak-base-kit-stm32l151-application/Adafruit_ssd1306syp.o
                0x00000000080091e4                Adafruit_ssd1306syp::updateRow(int)
 .text._ZN19Adafruit_ssd1306syp9updateRowEii
                0x00000000080091e6       0x1e build_ak-base-kit-stm32l151-application/Adafruit_ssd1306syp.o
                0x00000000080091e6                Adafruit_ssd1306syp::updateRow(int, int)
 .text._ZN19Adafruit_ssd1306syp10initializeEv
                0x0000000008009204       0x1c build_ak-base-kit-stm32l151-application/Adafruit_ssd1306syp.o
                0x0000000008009204                Adafruit_ssd1306syp::initialize()
 .text._ZN19Adafruit_ssd1306syp9drawPixelEsst
                0x0000000008009220       0x52 build_ak-base-kit-stm32l151-application/Adafruit_ssd1306syp.o
                0x0000000008009220                Adafruit_ssd1306syp::drawPixel(short, short, unsigned short)
 *fill*         0x0000000008009272        0x2 
 .text._ZN19Adafruit_ssd1306sypC2Ev
                0x0000000008009274       0x24 build_ak-base-kit-stm32l151-application/Adafruit_ssd1306syp.o
                0x0000000008009274                Adafruit_ssd1306syp::Adafruit_ssd1306syp()
                0x0000000008009274                Adafruit_ssd1306syp::Adafruit_ssd1306syp()
 .text._ZN19Adafruit_ssd1306sypD2Ev
                0x0000000008009298        0x2 build_ak-base-kit-stm32l151-application/Adafruit_ssd1306syp.o
                0x0000000008009298                Adafruit_ssd1306syp::~Adafruit_ssd1306syp()
                0x0000000008009298                Adafruit_ssd1306syp::~Adafruit_ssd1306syp()
 .text._ZN19Adafruit_ssd1306syp5clearEb
                0x000000000800929a       0x22 build_ak-base-kit-stm32l151-application/Adafruit_ssd1306syp.o
                0x000000000800929a                Adafruit_ssd1306syp::clear(bool)
 .text._ZN19Adafruit_ssd1306syp11display_offEv
                0x00000000080092bc        0x2 build_ak-base-kit-stm32l151-application/Adafruit_ssd1306syp.o
                0x00000000080092bc                Adafruit_ssd1306syp::display_off()
 .text.eeprom_read
                0x00000000080092be        0x4 build_ak-base-kit-stm32l151-application/eeprom.o
                0x00000000080092be                eeprom_read
 .text.eeprom_erase
                0x00000000080092c2        0x4 build_ak-base-kit-stm32l151-application/eeprom.o
                0x00000000080092c2                eeprom_erase
 .text._ZL19link_hal_write_byteh
                0x00000000080092c6        0x2 build_ak-base-kit-stm32l151-application/link_hal.o
 .text._ZL17link_hal_rev_byteh
                0x00000000080092c8        0x4 build_ak-base-kit-stm32l151-application/link_hal.o
 .text._Z23link_hal_reg_write_bytePFhhE
                0x00000000080092cc       0x28 build_ak-base-kit-stm32l151-application/link_hal.o
                0x00000000080092cc                link_hal_reg_write_byte(unsigned char (*)(unsigned char))
 .text._Z21link_hal_reg_rev_bytePFhhE
                0x00000000080092f4       0x28 build_ak-base-kit-stm32l151-application/link_hal.o
                0x00000000080092f4                link_hal_reg_rev_byte(unsigned char (*)(unsigned char))
 .text._ZL21fsm_link_state_handleP8ak_msg_t
                0x000000000800931c      0x2b0 build_ak-base-kit-stm32l151-application/link.o
 .text._ZL19fsm_link_state_initP8ak_msg_t
                0x00000000080095cc       0x80 build_ak-base-kit-stm32l151-application/link.o
 .text._Z9task_linkP8ak_msg_t
                0x000000000800964c        0xc build_ak-base-kit-stm32l151-application/link.o
                0x000000000800964c                task_link(ak_msg_t*)
 .text._Z23link_init_state_machinev
                0x0000000008009658       0x2c build_ak-base-kit-stm32l151-application/link.o
                0x0000000008009658                link_init_state_machine()
 .text._ZL23link_mac_frame_send_reqv
                0x0000000008009684       0x3c build_ak-base-kit-stm32l151-application/link_mac.o
 .text._ZL23link_mac_frame_send_endv
                0x00000000080096c0       0x34 build_ak-base-kit-stm32l151-application/link_mac.o
 .text._ZL28link_mac_frame_cals_checksumP16link_mac_frame_t.constprop.0
                0x00000000080096f4       0x38 build_ak-base-kit-stm32l151-application/link_mac.o
 .text._Z25fsm_link_mac_state_handleP8ak_msg_t
                0x000000000800972c      0x2b8 build_ak-base-kit-stm32l151-application/link_mac.o
                0x000000000800972c                fsm_link_mac_state_handle(ak_msg_t*)
 .text._Z13task_link_macP8ak_msg_t
                0x00000000080099e4        0xc build_ak-base-kit-stm32l151-application/link_mac.o
                0x00000000080099e4                task_link_mac(ak_msg_t*)
 .text._Z23fsm_link_mac_state_initP8ak_msg_t
                0x00000000080099f0       0x88 build_ak-base-kit-stm32l151-application/link_mac.o
                0x00000000080099f0                fsm_link_mac_state_init(ak_msg_t*)
 .text._ZL26link_phy_frame_write_blockPhm
                0x0000000008009a78       0x1c build_ak-base-kit-stm32l151-application/link_phy.o
 .text._ZL20link_phy_frame_writeP16link_phy_frame_t
                0x0000000008009a94       0x1c build_ak-base-kit-stm32l151-application/link_phy.o
 .text._ZL28link_phy_frame_cals_checksumP16link_phy_frame_t
                0x0000000008009ab0       0x38 build_ak-base-kit-stm32l151-application/link_phy.o
 .text._ZL25link_phy_frame_write_byteh
                0x0000000008009ae8        0xc build_ak-base-kit-stm32l151-application/link_phy.o
 .text._ZL26ac_link_phy_frame_rev_byteh
                0x0000000008009af4      0x100 build_ak-base-kit-stm32l151-application/link_phy.o
 .text._ZL19link_phy_frame_sendv
                0x0000000008009bf4       0x2c build_ak-base-kit-stm32l151-application/link_phy.o
 .text._Z25fsm_link_phy_state_handleP8ak_msg_t
                0x0000000008009c20      0x1f0 build_ak-base-kit-stm32l151-application/link_phy.o
                0x0000000008009c20                fsm_link_phy_state_handle(ak_msg_t*)
 .text._Z13task_link_phyP8ak_msg_t
                0x0000000008009e10        0xc build_ak-base-kit-stm32l151-application/link_phy.o
                0x0000000008009e10                task_link_phy(ak_msg_t*)
 .text._Z23fsm_link_phy_state_initP8ak_msg_t
                0x0000000008009e1c       0x90 build_ak-base-kit-stm32l151-application/link_phy.o
                0x0000000008009e1c                fsm_link_phy_state_init(ak_msg_t*)
 .text._Z26link_phy_get_send_frame_tov
                0x0000000008009eac       0x10 build_ak-base-kit-stm32l151-application/link_phy.o
                0x0000000008009eac                link_phy_get_send_frame_to()
 .text._Z13link_pdu_initv
                0x0000000008009ebc       0x54 build_ak-base-kit-stm32l151-application/link_data.o
                0x0000000008009ebc                link_pdu_init()
 .text._Z15link_pdu_mallocv
                0x0000000008009f10       0x24 build_ak-base-kit-stm32l151-application/link_data.o
                0x0000000008009f10                link_pdu_malloc()
 .text._Z12link_pdu_getm
                0x0000000008009f34       0x3c build_ak-base-kit-stm32l151-application/link_data.o
                0x0000000008009f34                link_pdu_get(unsigned long)
 .text._Z13link_pdu_freem
                0x0000000008009f70       0x4c build_ak-base-kit-stm32l151-application/link_data.o
                0x0000000008009f70                link_pdu_free(unsigned long)
 .text._Z17link_get_src_addrv
                0x0000000008009fbc       0x18 build_ak-base-kit-stm32l151-application/link_data.o
                0x0000000008009fbc                link_get_src_addr()
 .text._Z17link_get_des_addrv
                0x0000000008009fd4       0x18 build_ak-base-kit-stm32l151-application/link_data.o
                0x0000000008009fd4                link_get_des_addr()
 .text._ZN5Print5writeEPKhj
                0x0000000008009fec       0x22 build_ak-base-kit-stm32l151-application/Print.o
                0x0000000008009fec                Print::write(unsigned char const*, unsigned int)
 *fill*         0x000000000800a00e        0x2 
 .text._ZN7TwoWire9availableEv
                0x000000000800a010       0x14 build_ak-base-kit-stm32l151-application/Wire.o
                0x000000000800a010                TwoWire::available()
 .text._ZN7TwoWire4readEv
                0x000000000800a024       0x28 build_ak-base-kit-stm32l151-application/Wire.o
                0x000000000800a024                TwoWire::read()
 .text._ZN7TwoWire4peekEv
                0x000000000800a04c       0x24 build_ak-base-kit-stm32l151-application/Wire.o
                0x000000000800a04c                TwoWire::peek()
 .text._ZN7TwoWire5flushEv
                0x000000000800a070        0x2 build_ak-base-kit-stm32l151-application/Wire.o
                0x000000000800a070                TwoWire::flush()
 *fill*         0x000000000800a072        0x2 
 .text._ZN7TwoWire5writeEh
                0x000000000800a074       0x54 build_ak-base-kit-stm32l151-application/Wire.o
                0x000000000800a074                TwoWire::write(unsigned char)
 .text._ZN7TwoWire5writeEPKhj
                0x000000000800a0c8       0x34 build_ak-base-kit-stm32l151-application/Wire.o
                0x000000000800a0c8                TwoWire::write(unsigned char const*, unsigned int)
 .text.startup._GLOBAL__sub_I__ZN7TwoWire8rxBufferE
                0x000000000800a0fc       0x14 build_ak-base-kit-stm32l151-application/Wire.o
 .text._Z12twi_transmitPKhh
                0x000000000800a110        0x4 build_ak-base-kit-stm32l151-application/twi.o
                0x000000000800a110                twi_transmit(unsigned char const*, unsigned char)
 .text.__cxa_pure_virtual
                0x000000000800a114       0x1c build_ak-base-kit-stm32l151-application/mini_cpp.o
                0x000000000800a114                __cxa_pure_virtual
 .text._sbrk    0x000000000800a130       0x1c build_ak-base-kit-stm32l151-application/mini_cpp.o
                0x000000000800a130                _sbrk
 .text.malloc   0x000000000800a14c       0x10 /home/hieu/Workspace/gcc-arm-none-eabi-10.3-2021.10-x86_64-linux/gcc-arm-none-eabi-10.3-2021.10/arm-none-eabi/lib/thumb/v7-m/nofp/libc.a(lib_a-malloc.o)
                0x000000000800a14c                malloc
 .text.free     0x000000000800a15c       0x10 /home/hieu/Workspace/gcc-arm-none-eabi-10.3-2021.10-x86_64-linux/gcc-arm-none-eabi-10.3-2021.10/arm-none-eabi/lib/thumb/v7-m/nofp/libc.a(lib_a-malloc.o)
                0x000000000800a15c                free
 .text._malloc_r
                0x000000000800a16c      0x558 /home/hieu/Workspace/gcc-arm-none-eabi-10.3-2021.10-x86_64-linux/gcc-arm-none-eabi-10.3-2021.10/arm-none-eabi/lib/thumb/v7-m/nofp/libc.a(lib_a-mallocr.o)
                0x000000000800a16c                _malloc_r
 .text.memcmp   0x000000000800a6c4       0x68 /home/hieu/Workspace/gcc-arm-none-eabi-10.3-2021.10-x86_64-linux/gcc-arm-none-eabi-10.3-2021.10/arm-none-eabi/lib/thumb/v7-m/nofp/libc.a(lib_a-memcmp.o)
                0x000000000800a6c4                memcmp
 .text.memset   0x000000000800a72c       0xa4 /home/hieu/Workspace/gcc-arm-none-eabi-10.3-2021.10-x86_64-linux/gcc-arm-none-eabi-10.3-2021.10/arm-none-eabi/lib/thumb/v7-m/nofp/libc.a(lib_a-memset.o)
                0x000000000800a72c                memset
 .text.__malloc_lock
                0x000000000800a7d0        0xc /home/hieu/Workspace/gcc-arm-none-eabi-10.3-2021.10-x86_64-linux/gcc-arm-none-eabi-10.3-2021.10/arm-none-eabi/lib/thumb/v7-m/nofp/libc.a(lib_a-mlock.o)
                0x000000000800a7d0                __malloc_lock
 .text.__malloc_unlock
                0x000000000800a7dc        0xc /home/hieu/Workspace/gcc-arm-none-eabi-10.3-2021.10-x86_64-linux/gcc-arm-none-eabi-10.3-2021.10/arm-none-eabi/lib/thumb/v7-m/nofp/libc.a(lib_a-mlock.o)
                0x000000000800a7dc                __malloc_unlock
 .text.rand     0x000000000800a7e8       0x38 /home/hieu/Workspace/gcc-arm-none-eabi-10.3-2021.10-x86_64-linux/gcc-arm-none-eabi-10.3-2021.10/arm-none-eabi/lib/thumb/v7-m/nofp/libc.a(lib_a-rand.o)
                0x000000000800a7e8                rand
 .text._sbrk_r  0x000000000800a820       0x24 /home/hieu/Workspace/gcc-arm-none-eabi-10.3-2021.10-x86_64-linux/gcc-arm-none-eabi-10.3-2021.10/arm-none-eabi/lib/thumb/v7-m/nofp/libc.a(lib_a-sbrkr.o)
                0x000000000800a820                _sbrk_r
 .text.strcpy   0x000000000800a844       0xbc /home/hieu/Workspace/gcc-arm-none-eabi-10.3-2021.10-x86_64-linux/gcc-arm-none-eabi-10.3-2021.10/arm-none-eabi/lib/thumb/v7-m/nofp/libc.a(lib_a-strcpy.o)
                0x000000000800a844                strcpy
 .text.strlen   0x000000000800a900       0x5c /home/hieu/Workspace/gcc-arm-none-eabi-10.3-2021.10-x86_64-linux/gcc-arm-none-eabi-10.3-2021.10/arm-none-eabi/lib/thumb/v7-m/nofp/libc.a(lib_a-strlen-stub.o)
                0x000000000800a900                strlen
 .text._strtol_l.part.0
                0x000000000800a95c      0x120 /home/hieu/Workspace/gcc-arm-none-eabi-10.3-2021.10-x86_64-linux/gcc-arm-none-eabi-10.3-2021.10/arm-none-eabi/lib/thumb/v7-m/nofp/libc.a(lib_a-strtol.o)
 .text.strtol   0x000000000800aa7c       0x2c /home/hieu/Workspace/gcc-arm-none-eabi-10.3-2021.10-x86_64-linux/gcc-arm-none-eabi-10.3-2021.10/arm-none-eabi/lib/thumb/v7-m/nofp/libc.a(lib_a-strtol.o)
                0x000000000800aa7c                strtol
 .text.__errno  0x000000000800aaa8        0xc /home/hieu/Workspace/gcc-arm-none-eabi-10.3-2021.10-x86_64-linux/gcc-arm-none-eabi-10.3-2021.10/arm-none-eabi/lib/thumb/v7-m/nofp/libc.a(lib_a-errno.o)
                0x000000000800aaa8                __errno
 .text._malloc_trim_r
                0x000000000800aab4       0xa0 /home/hieu/Workspace/gcc-arm-none-eabi-10.3-2021.10-x86_64-linux/gcc-arm-none-eabi-10.3-2021.10/arm-none-eabi/lib/thumb/v7-m/nofp/libc.a(lib_a-freer.o)
                0x000000000800aab4                _malloc_trim_r
 .text._free_r  0x000000000800ab54      0x200 /home/hieu/Workspace/gcc-arm-none-eabi-10.3-2021.10-x86_64-linux/gcc-arm-none-eabi-10.3-2021.10/arm-none-eabi/lib/thumb/v7-m/nofp/libc.a(lib_a-freer.o)
                0x000000000800ab54                _free_r
 .text.__retarget_lock_acquire_recursive
                0x000000000800ad54        0x4 /home/hieu/Workspace/gcc-arm-none-eabi-10.3-2021.10-x86_64-linux/gcc-arm-none-eabi-10.3-2021.10/arm-none-eabi/lib/thumb/v7-m/nofp/libc.a(lib_a-lock.o)
                0x000000000800ad54                __retarget_lock_acquire_recursive
 .text.__retarget_lock_release_recursive
                0x000000000800ad58        0x4 /home/hieu/Workspace/gcc-arm-none-eabi-10.3-2021.10-x86_64-linux/gcc-arm-none-eabi-10.3-2021.10/arm-none-eabi/lib/thumb/v7-m/nofp/libc.a(lib_a-lock.o)
                0x000000000800ad58                __retarget_lock_release_recursive
 *(.rodata)
 *(.rodata*)
 .rodata.task_create.str1.1
                0x000000000800ad5c        0x3 build_ak-base-kit-stm32l151-application/task.o
 .rodata.task_run.str1.1
                0x000000000800ad5f       0x25 build_ak-base-kit-stm32l151-application/task.o
 .rodata.timer_set.str1.1
                0x000000000800ad84        0x3 build_ak-base-kit-stm32l151-application/timer.o
 .rodata.msg_force_free.str1.1
                0x000000000800ad87        0x3 build_ak-base-kit-stm32l151-application/message.o
 .rodata.ak_malloc.str1.1
                0x000000000800ad8a        0xa build_ak-base-kit-stm32l151-application/message.o
 .rodata.fifo_put.str1.1
                0x000000000800ad94        0x5 build_ak-base-kit-stm32l151-application/fifo.o
 .rodata.xvfprintf.str1.1
                0x000000000800ad99        0xb build_ak-base-kit-stm32l151-application/xprintf.o
                                          0xc (size before relaxing)
 .rodata.sys_dbg_cpu_dump.str1.1
                0x000000000800ada4       0x5f build_ak-base-kit-stm32l151-application/sys_dbg.o
 .rodata.sys_dbg_stack_space_dump.str1.1
                0x000000000800ae03       0x2f build_ak-base-kit-stm32l151-application/sys_dbg.o
 .rodata.sys_dbg_fatal.str1.1
                0x000000000800ae32      0x25f build_ak-base-kit-stm32l151-application/sys_dbg.o
                                        0x261 (size before relaxing)
 .rodata.vMBPAssert.str1.1
                0x000000000800b091        0x3 build_ak-base-kit-stm32l151-application/mbportother.o
 .rodata.exit_critical.str1.1
                0x000000000800b094        0x4 build_ak-base-kit-stm32l151-application/platform.o
 .rodata.default_handler.str1.1
                0x000000000800b098        0x3 build_ak-base-kit-stm32l151-application/system.o
 .rodata.sys_cfg_update_info.str1.1
                0x000000000800b09b       0x62 build_ak-base-kit-stm32l151-application/sys_cfg.o
                                         0x64 (size before relaxing)
 .rodata.sys_ctrl_soft_watchdog_increase_counter.str1.1
                0x000000000800b0fd        0x5 build_ak-base-kit-stm32l151-application/sys_cfg.o
 .rodata.flash_transfer.str1.1
                0x000000000800b102        0x4 build_ak-base-kit-stm32l151-application/io_cfg.o
 .rodata._Z11task_systemP8ak_msg_t.str1.1
                0x000000000800b106       0x23 build_ak-base-kit-stm32l151-application/task_system.o
 .rodata.main_app.str1.1
                0x000000000800b129       0x3a build_ak-base-kit-stm32l151-application/app.o
 .rodata._Z20task_polling_consolev.str1.1
                0x000000000800b163       0x31 build_ak-base-kit-stm32l151-application/app.o
 .rodata.app_info
                0x000000000800b194        0x8 build_ak-base-kit-stm32l151-application/app.o
                0x000000000800b194                app_info
 .rodata._Z17btn_mode_callbackPv.str1.1
                0x000000000800b19c       0x9f build_ak-base-kit-stm32l151-application/app_bsp.o
 .rodata._Z15btn_up_callbackPv.str1.1
                0x000000000800b23b       0x99 build_ak-base-kit-stm32l151-application/app_bsp.o
 .rodata._Z17btn_down_callbackPv.str1.1
                0x000000000800b2d4       0x9f build_ak-base-kit-stm32l151-application/app_bsp.o
 .rodata._Z11shell_resetPh.str1.1
                0x000000000800b373        0x6 build_ak-base-kit-stm32l151-application/shell.o
 .rodata._Z10shell_helpPh.str1.1
                0x000000000800b379       0x24 build_ak-base-kit-stm32l151-application/shell.o
 .rodata._Z12shell_modbusPh.str1.1
                0x000000000800b39d       0x34 build_ak-base-kit-stm32l151-application/shell.o
 .rodata._Z9shell_verPh.str1.1
                0x000000000800b3d1      0x15d build_ak-base-kit-stm32l151-application/shell.o
                                        0x180 (size before relaxing)
 .rodata._Z11shell_fatalPh.str1.1
                0x000000000800b52e       0x65 build_ak-base-kit-stm32l151-application/shell.o
                                        0x229 (size before relaxing)
 .rodata._Z11shell_flashPh.str1.1
                0x000000000800b593       0x4f build_ak-base-kit-stm32l151-application/shell.o
                                         0x55 (size before relaxing)
 .rodata._Z9shell_epsPh.str1.1
                0x000000000800b5e2       0x28 build_ak-base-kit-stm32l151-application/shell.o
 .rodata._Z9shell_ramPh.str1.1
                0x000000000800b60a       0x53 build_ak-base-kit-stm32l151-application/shell.o
 .rodata._Z10shell_bootPh.str1.1
                0x000000000800b65d      0x166 build_ak-base-kit-stm32l151-application/shell.o
 .rodata._Z9shell_dbgPh.str1.1
                0x000000000800b7c3       0x1b build_ak-base-kit-stm32l151-application/shell.o
 .rodata.str1.1
                0x000000000800b7de       0xc3 build_ak-base-kit-stm32l151-application/shell.o
                                         0xc8 (size before relaxing)
 *fill*         0x000000000800b8a1        0x3 
 .rodata.lgn_cmd_table
                0x000000000800b8a4       0xcc build_ak-base-kit-stm32l151-application/shell.o
                0x000000000800b8a4                lgn_cmd_table
 .rodata._Z10task_shellP8ak_msg_t.str1.1
                0x000000000800b970       0x43 build_ak-base-kit-stm32l151-application/task_shell.o
 .rodata._Z7task_fwP8ak_msg_t.str1.1
                0x000000000800b9b3      0x206 build_ak-base-kit-stm32l151-application/task_fw.o
 *fill*         0x000000000800bbb9        0x3 
 .rodata.app_task_polling_table
                0x000000000800bbbc       0x10 build_ak-base-kit-stm32l151-application/task_list.o
                0x000000000800bbbc                app_task_polling_table
 .rodata.app_task_table
                0x000000000800bbcc       0x68 build_ak-base-kit-stm32l151-application/task_list.o
                0x000000000800bbcc                app_task_table
 .rodata._Z7task_ifP8ak_msg_t.str1.1
                0x000000000800bc34       0xa9 build_ak-base-kit-stm32l151-application/task_if.o
 .rodata._Z12task_uart_ifP8ak_msg_t.str1.1
                0x000000000800bcdd       0xdf build_ak-base-kit-stm32l151-application/task_uart_if.o
 .rodata._ZL11render_list
                0x000000000800bdbc        0x8 build_ak-base-kit-stm32l151-application/view_render.o
 .rodata._Z16scr_mng_dispatchP8ak_msg_t.str1.1
                0x000000000800bdc4        0x8 build_ak-base-kit-stm32l151-application/screen_manager.o
 .rodata._ZL4font
                0x000000000800bdcc      0x4fb build_ak-base-kit-stm32l151-application/Adafruit_GFX.o
 *fill*         0x000000000800c2c7        0x1 
 .rodata._ZTV12Adafruit_GFX
                0x000000000800c2c8       0x2c build_ak-base-kit-stm32l151-application/Adafruit_GFX.o
                0x000000000800c2c8                vtable for Adafruit_GFX
 .rodata._ZTV19Adafruit_ssd1306syp
                0x000000000800c2f4       0x3c build_ak-base-kit-stm32l151-application/Adafruit_ssd1306syp.o
                0x000000000800c2f4                vtable for Adafruit_ssd1306syp
 .rodata._Z23link_hal_reg_write_bytePFhhE.str1.1
                0x000000000800c330        0x9 build_ak-base-kit-stm32l151-application/link_hal.o
 .rodata._ZL19fsm_link_state_initP8ak_msg_t.str1.1
                0x000000000800c339      0x110 build_ak-base-kit-stm32l151-application/link.o
 .rodata._ZL23link_mac_frame_send_reqv.str1.1
                0x000000000800c449        0x9 build_ak-base-kit-stm32l151-application/link_mac.o
 .rodata._Z25fsm_link_mac_state_handleP8ak_msg_t.str1.1
                0x000000000800c452        0x5 build_ak-base-kit-stm32l151-application/link_mac.o
 .rodata._Z25fsm_link_phy_state_handleP8ak_msg_t.str1.1
                0x000000000800c457        0x7 build_ak-base-kit-stm32l151-application/link_phy.o
 .rodata._Z13link_pdu_freeP10link_pdu_t.str1.1
                0x000000000800c45e        0x9 build_ak-base-kit-stm32l151-application/link_data.o
 *fill*         0x000000000800c467        0x1 
 .rodata._ZTV7TwoWire
                0x000000000800c468       0x20 build_ak-base-kit-stm32l151-application/Wire.o
                0x000000000800c468                vtable for TwoWire
 .rodata.__cxa_pure_virtual.str1.1
                0x000000000800c488        0x4 build_ak-base-kit-stm32l151-application/mini_cpp.o
 .rodata._ctype_
                0x000000000800c48c      0x101 /home/hieu/Workspace/gcc-arm-none-eabi-10.3-2021.10-x86_64-linux/gcc-arm-none-eabi-10.3-2021.10/arm-none-eabi/lib/thumb/v7-m/nofp/libc.a(lib_a-ctype_.o)
                0x000000000800c48c                _ctype_
 *(.glue_7)
 .glue_7        0x000000000800c58d        0x0 linker stubs
 *(.glue_7t)
 .glue_7t       0x000000000800c58d        0x0 linker stubs
 *(.init)
 *(.fini)
                0x000000000800c590                . = ALIGN (0x4)
 *fill*         0x000000000800c58d        0x3 
                0x000000000800c590                _etext = .

.vfp11_veneer   0x000000000800c590        0x0
 .vfp11_veneer  0x000000000800c590        0x0 linker stubs

.v4_bx          0x000000000800c590        0x0
 .v4_bx         0x000000000800c590        0x0 linker stubs

.iplt           0x000000000800c590        0x0
 .iplt          0x000000000800c590        0x0 build_ak-base-kit-stm32l151-application/task.o

.rel.dyn        0x000000000800c590        0x0
 .rel.iplt      0x000000000800c590        0x0 build_ak-base-kit-stm32l151-application/task.o

.ARM.exidx      0x000000000800c590        0x8
 .ARM.exidx     0x000000000800c590        0x8 /home/hieu/Workspace/gcc-arm-none-eabi-10.3-2021.10-x86_64-linux/gcc-arm-none-eabi-10.3-2021.10/lib/gcc/arm-none-eabi/10.3.1/thumb/v7-m/nofp/libgcc.a(_udivmoddi4.o)

.preinit_array  0x000000000800c598        0x0
                0x000000000800c598                PROVIDE (__preinit_array_start = .)
 *(SORT_BY_NAME(.preinit_array.*))
 *(.preinit_array*)
                0x000000000800c598                PROVIDE (__preinit_array_end = .)

.init_array     0x000000000800c598        0x8
                0x000000000800c598                PROVIDE (__init_array_start = .)
 *(SORT_BY_NAME(.init_array.*))
 *(.init_array*)
 .init_array    0x000000000800c598        0x4 build_ak-base-kit-stm32l151-application/view_render.o
 .init_array    0x000000000800c59c        0x4 build_ak-base-kit-stm32l151-application/Wire.o
                0x000000000800c5a0                PROVIDE (__init_array_end = .)

.fini_array     0x000000000800c5a0        0x4
                [!provide]                        PROVIDE (__fini_array_start = .)
 *(.fini_array*)
 .fini_array    0x000000000800c5a0        0x4 build_ak-base-kit-stm32l151-application/view_render.o
 *(SORT_BY_NAME(.fini_array.*))
                [!provide]                        PROVIDE (__fini_array_end = .)

.end_flash      0x000000000800c5a4        0x0
                0x000000000800c5a4                _end_flash = .

.start_ram      0x0000000020000000        0x0
                0x0000000020000000                _start_ram = .

.data           0x0000000020000000      0x888 load address 0x000000000800c5a4
                0x0000000020000000                _data = .
                0x000000000800c5a4                _ldata = LOADADDR (.data)
 *(vtable)
 *(.data)
 *(.data*)
 .data.APBAHBPrescTable
                0x0000000020000000       0x10 build_ak-base-kit-stm32l151-application/stm32l1xx_rcc.o
 .data.PLLMulTable
                0x0000000020000010        0x9 build_ak-base-kit-stm32l151-application/stm32l1xx_rcc.o
 .data.AHBPrescTable
                0x0000000020000019       0x10 build_ak-base-kit-stm32l151-application/system_stm32l1xx.o
                0x0000000020000019                AHBPrescTable
 .data.PLLMulTable
                0x0000000020000029        0x9 build_ak-base-kit-stm32l151-application/system_stm32l1xx.o
                0x0000000020000029                PLLMulTable
 *fill*         0x0000000020000032        0x2 
 .data.SystemCoreClock
                0x0000000020000034        0x4 build_ak-base-kit-stm32l151-application/system_stm32l1xx.o
                0x0000000020000034                SystemCoreClock
 .data.plink_hal_rev_byte
                0x0000000020000038        0x4 build_ak-base-kit-stm32l151-application/link_hal.o
                0x0000000020000038                plink_hal_rev_byte
 .data.plink_hal_write_byte
                0x000000002000003c        0x4 build_ak-base-kit-stm32l151-application/link_hal.o
                0x000000002000003c                plink_hal_write_byte
 .data._ZL11mac_des_add
                0x0000000020000040        0x4 build_ak-base-kit-stm32l151-application/link_data.o
 .data._ZL11mac_src_add
                0x0000000020000044        0x4 build_ak-base-kit-stm32l151-application/link_data.o
 .data.__malloc_av_
                0x0000000020000048      0x408 /home/hieu/Workspace/gcc-arm-none-eabi-10.3-2021.10-x86_64-linux/gcc-arm-none-eabi-10.3-2021.10/arm-none-eabi/lib/thumb/v7-m/nofp/libc.a(lib_a-mallocr.o)
                0x0000000020000048                __malloc_av_
 .data.__malloc_sbrk_base
                0x0000000020000450        0x4 /home/hieu/Workspace/gcc-arm-none-eabi-10.3-2021.10-x86_64-linux/gcc-arm-none-eabi-10.3-2021.10/arm-none-eabi/lib/thumb/v7-m/nofp/libc.a(lib_a-mallocr.o)
                0x0000000020000450                __malloc_sbrk_base
 .data.__malloc_trim_threshold
                0x0000000020000454        0x4 /home/hieu/Workspace/gcc-arm-none-eabi-10.3-2021.10-x86_64-linux/gcc-arm-none-eabi-10.3-2021.10/arm-none-eabi/lib/thumb/v7-m/nofp/libc.a(lib_a-mallocr.o)
                0x0000000020000454                __malloc_trim_threshold
 .data._impure_ptr
                0x0000000020000458        0x4 /home/hieu/Workspace/gcc-arm-none-eabi-10.3-2021.10-x86_64-linux/gcc-arm-none-eabi-10.3-2021.10/arm-none-eabi/lib/thumb/v7-m/nofp/libc.a(lib_a-impure.o)
                0x0000000020000458                _impure_ptr
 *fill*         0x000000002000045c        0x4 
 .data.impure_data
                0x0000000020000460      0x428 /home/hieu/Workspace/gcc-arm-none-eabi-10.3-2021.10-x86_64-linux/gcc-arm-none-eabi-10.3-2021.10/arm-none-eabi/lib/thumb/v7-m/nofp/libc.a(lib_a-impure.o)
 *(.ram_func)
 *(.ram_func*)
                0x0000000020000888                _edata = .

.igot.plt       0x0000000020000888        0x0 load address 0x000000000800ce2c
 .igot.plt      0x0000000020000888        0x0 build_ak-base-kit-stm32l151-application/task.o

.bss            0x0000000020000888     0x1e18 load address 0x000000000800ce2c
                0x0000000020000888                _bss = .
 *(.bss)
 *(.bss*)
 .bss.current_active_object
                0x0000000020000888       0x1c build_ak-base-kit-stm32l151-application/task.o
 .bss.current_task_id
                0x00000000200008a4        0x1 build_ak-base-kit-stm32l151-application/task.o
 *fill*         0x00000000200008a5        0x3 
 .bss.current_task_info
                0x00000000200008a8        0x8 build_ak-base-kit-stm32l151-application/task.o
 .bss.log_task_dbg_object_queue
                0x00000000200008b0       0x24 build_ak-base-kit-stm32l151-application/task.o
                0x00000000200008b0                log_task_dbg_object_queue
 .bss.task_current
                0x00000000200008d4        0x1 build_ak-base-kit-stm32l151-application/task.o
 .bss.task_dbg_active_obj_queue
                0x00000000200008d5      0x200 build_ak-base-kit-stm32l151-application/task.o
 *fill*         0x0000000020000ad5        0x3 
 .bss.task_polling_table
                0x0000000020000ad8        0x4 build_ak-base-kit-stm32l151-application/task.o
 .bss.task_pri_queue
                0x0000000020000adc       0x60 build_ak-base-kit-stm32l151-application/task.o
 .bss.task_ready
                0x0000000020000b3c        0x1 build_ak-base-kit-stm32l151-application/task.o
 *fill*         0x0000000020000b3d        0x3 
 .bss.task_table
                0x0000000020000b40        0x4 build_ak-base-kit-stm32l151-application/task.o
 .bss.task_table_size
                0x0000000020000b44        0x1 build_ak-base-kit-stm32l151-application/task.o
 *fill*         0x0000000020000b45        0x3 
 .bss.ak_timer_payload_irq
                0x0000000020000b48        0x8 build_ak-base-kit-stm32l151-application/timer.o
 .bss.free_list_timer_pool
                0x0000000020000b50        0x4 build_ak-base-kit-stm32l151-application/timer.o
 .bss.free_list_timer_used
                0x0000000020000b54        0x4 build_ak-base-kit-stm32l151-application/timer.o
 .bss.free_list_timer_used_max
                0x0000000020000b58        0x4 build_ak-base-kit-stm32l151-application/timer.o
 .bss.timer_list_head
                0x0000000020000b5c        0x4 build_ak-base-kit-stm32l151-application/timer.o
 .bss.timer_pool
                0x0000000020000b60      0x100 build_ak-base-kit-stm32l151-application/timer.o
 .bss.ak_heap.0
                0x0000000020000c60        0x4 build_ak-base-kit-stm32l151-application/message.o
 .bss.free_list_common_msg_pool
                0x0000000020000c64        0x4 build_ak-base-kit-stm32l151-application/message.o
 .bss.free_list_common_used
                0x0000000020000c68        0x4 build_ak-base-kit-stm32l151-application/message.o
 .bss.free_list_common_used_max
                0x0000000020000c6c        0x4 build_ak-base-kit-stm32l151-application/message.o
 .bss.free_list_dynamic_msg_pool
                0x0000000020000c70        0x4 build_ak-base-kit-stm32l151-application/message.o
 .bss.free_list_dynamic_used
                0x0000000020000c74        0x4 build_ak-base-kit-stm32l151-application/message.o
 .bss.free_list_dynamic_used_max
                0x0000000020000c78        0x4 build_ak-base-kit-stm32l151-application/message.o
 .bss.free_list_pure_msg_pool
                0x0000000020000c7c        0x4 build_ak-base-kit-stm32l151-application/message.o
 .bss.free_list_pure_used
                0x0000000020000c80        0x4 build_ak-base-kit-stm32l151-application/message.o
 .bss.free_list_pure_used_max
                0x0000000020000c84        0x4 build_ak-base-kit-stm32l151-application/message.o
 .bss.msg_common_pool
                0x0000000020000c88      0x300 build_ak-base-kit-stm32l151-application/message.o
 .bss.msg_dynamic_pool
                0x0000000020000f88      0x120 build_ak-base-kit-stm32l151-application/message.o
 .bss.msg_pure_pool
                0x00000000200010a8      0x380 build_ak-base-kit-stm32l151-application/message.o
 .bss.strptr    0x0000000020001428        0x4 build_ak-base-kit-stm32l151-application/xprintf.o
 .bss.xfunc_output
                0x000000002000142c        0x4 build_ak-base-kit-stm32l151-application/xprintf.o
                0x000000002000142c                xfunc_output
 .bss.fatal_log
                0x0000000020001430       0x4c build_ak-base-kit-stm32l151-application/sys_dbg.o
 .bss.sys_boot_obj
                0x000000002000147c       0x58 build_ak-base-kit-stm32l151-application/sys_boot.o
 .bss.xSerialHdls
                0x00000000200014d4       0x10 build_ak-base-kit-stm32l151-application/mbportserial.o
 .bss.nest_entry_critical_counter
                0x00000000200014e4        0x4 build_ak-base-kit-stm32l151-application/platform.o
 .bss.div_counter.0
                0x00000000200014e8        0x4 build_ak-base-kit-stm32l151-application/system.o
 .bss.millis_current
                0x00000000200014ec        0x4 build_ak-base-kit-stm32l151-application/system.o
 .bss.sys_stack_size
                0x00000000200014f0        0x4 build_ak-base-kit-stm32l151-application/system.o
 .bss.system_info
                0x00000000200014f4       0x28 build_ak-base-kit-stm32l151-application/system.o
                0x00000000200014f4                system_info
 .bss.delay_coeficient
                0x000000002000151c        0x4 build_ak-base-kit-stm32l151-application/sys_cfg.o
 .bss.ring_buffer_char_shell_send
                0x0000000020001520        0xc build_ak-base-kit-stm32l151-application/sys_cfg.o
                0x0000000020001520                ring_buffer_char_shell_send
 .bss.ring_buffer_char_shell_send_buffer
                0x000000002000152c      0x200 build_ak-base-kit-stm32l151-application/sys_cfg.o
 .bss.sys_ctrl_soft_counter
                0x000000002000172c        0x4 build_ak-base-kit-stm32l151-application/sys_cfg.o
 .bss.sys_ctrl_soft_time_out
                0x0000000020001730        0x4 build_ak-base-kit-stm32l151-application/sys_cfg.o
 .bss._ZL19boot_app_share_data
                0x0000000020001734        0x1 build_ak-base-kit-stm32l151-application/app.o
 *fill*         0x0000000020001735        0x3 
 .bss.btn_down  0x0000000020001738       0x18 build_ak-base-kit-stm32l151-application/app_bsp.o
                0x0000000020001738                btn_down
 .bss.btn_mode  0x0000000020001750       0x18 build_ak-base-kit-stm32l151-application/app_bsp.o
                0x0000000020001750                btn_mode
 .bss.btn_up    0x0000000020001768       0x18 build_ak-base-kit-stm32l151-application/app_bsp.o
                0x0000000020001768                btn_up
 .bss._ZL10cmd_buffer
                0x0000000020001780       0x80 build_ak-base-kit-stm32l151-application/shell.o
 .bss._ZL12str_list_len
                0x0000000020001800        0x1 build_ak-base-kit-stm32l151-application/shell.o
 *fill*         0x0000000020001801        0x3 
 .bss._ZL8str_list
                0x0000000020001804       0x20 build_ak-base-kit-stm32l151-application/shell.o
 .bss.buffer_console_rev
                0x0000000020001824      0x100 build_ak-base-kit-stm32l151-application/task_shell.o